Archive member included to satisfy reference by file (symbol)

/usr/bin/../lib/gcc/arm-none-eabi/5.4.1/../../../../arm-none-eabi/lib/armv7-m/libm.a(lib_a-s_cos.o)
                              ./system/src/aprs/afsk.o (cos)
/usr/bin/../lib/gcc/arm-none-eabi/5.4.1/../../../../arm-none-eabi/lib/armv7-m/libm.a(lib_a-s_sin.o)
                              ./system/src/aprs/afsk.o (sin)
/usr/bin/../lib/gcc/arm-none-eabi/5.4.1/../../../../arm-none-eabi/lib/armv7-m/libm.a(lib_a-sf_cos.o)
                              ./system/src/drivers/tx20.o (cosf)
/usr/bin/../lib/gcc/arm-none-eabi/5.4.1/../../../../arm-none-eabi/lib/armv7-m/libm.a(lib_a-sf_sin.o)
                              ./system/src/drivers/tx20.o (sinf)
/usr/bin/../lib/gcc/arm-none-eabi/5.4.1/../../../../arm-none-eabi/lib/armv7-m/libm.a(lib_a-w_pow.o)
                              ./system/src/drivers/ms5611.o (pow)
/usr/bin/../lib/gcc/arm-none-eabi/5.4.1/../../../../arm-none-eabi/lib/armv7-m/libm.a(lib_a-wf_atan2.o)
                              ./system/src/drivers/tx20.o (atan2f)
/usr/bin/../lib/gcc/arm-none-eabi/5.4.1/../../../../arm-none-eabi/lib/armv7-m/libm.a(lib_a-e_pow.o)
                              /usr/bin/../lib/gcc/arm-none-eabi/5.4.1/../../../../arm-none-eabi/lib/armv7-m/libm.a(lib_a-w_pow.o) (__ieee754_pow)
/usr/bin/../lib/gcc/arm-none-eabi/5.4.1/../../../../arm-none-eabi/lib/armv7-m/libm.a(lib_a-e_rem_pio2.o)
                              /usr/bin/../lib/gcc/arm-none-eabi/5.4.1/../../../../arm-none-eabi/lib/armv7-m/libm.a(lib_a-s_cos.o) (__ieee754_rem_pio2)
/usr/bin/../lib/gcc/arm-none-eabi/5.4.1/../../../../arm-none-eabi/lib/armv7-m/libm.a(lib_a-e_sqrt.o)
                              /usr/bin/../lib/gcc/arm-none-eabi/5.4.1/../../../../arm-none-eabi/lib/armv7-m/libm.a(lib_a-e_pow.o) (__ieee754_sqrt)
/usr/bin/../lib/gcc/arm-none-eabi/5.4.1/../../../../arm-none-eabi/lib/armv7-m/libm.a(lib_a-ef_atan2.o)
                              /usr/bin/../lib/gcc/arm-none-eabi/5.4.1/../../../../arm-none-eabi/lib/armv7-m/libm.a(lib_a-wf_atan2.o) (__ieee754_atan2f)
/usr/bin/../lib/gcc/arm-none-eabi/5.4.1/../../../../arm-none-eabi/lib/armv7-m/libm.a(lib_a-ef_rem_pio2.o)
                              /usr/bin/../lib/gcc/arm-none-eabi/5.4.1/../../../../arm-none-eabi/lib/armv7-m/libm.a(lib_a-sf_cos.o) (__ieee754_rem_pio2f)
/usr/bin/../lib/gcc/arm-none-eabi/5.4.1/../../../../arm-none-eabi/lib/armv7-m/libm.a(lib_a-k_cos.o)
                              /usr/bin/../lib/gcc/arm-none-eabi/5.4.1/../../../../arm-none-eabi/lib/armv7-m/libm.a(lib_a-s_cos.o) (__kernel_cos)
/usr/bin/../lib/gcc/arm-none-eabi/5.4.1/../../../../arm-none-eabi/lib/armv7-m/libm.a(lib_a-k_rem_pio2.o)
                              /usr/bin/../lib/gcc/arm-none-eabi/5.4.1/../../../../arm-none-eabi/lib/armv7-m/libm.a(lib_a-e_rem_pio2.o) (__kernel_rem_pio2)
/usr/bin/../lib/gcc/arm-none-eabi/5.4.1/../../../../arm-none-eabi/lib/armv7-m/libm.a(lib_a-k_sin.o)
                              /usr/bin/../lib/gcc/arm-none-eabi/5.4.1/../../../../arm-none-eabi/lib/armv7-m/libm.a(lib_a-s_cos.o) (__kernel_sin)
/usr/bin/../lib/gcc/arm-none-eabi/5.4.1/../../../../arm-none-eabi/lib/armv7-m/libm.a(lib_a-kf_cos.o)
                              /usr/bin/../lib/gcc/arm-none-eabi/5.4.1/../../../../arm-none-eabi/lib/armv7-m/libm.a(lib_a-sf_cos.o) (__kernel_cosf)
/usr/bin/../lib/gcc/arm-none-eabi/5.4.1/../../../../arm-none-eabi/lib/armv7-m/libm.a(lib_a-kf_rem_pio2.o)
                              /usr/bin/../lib/gcc/arm-none-eabi/5.4.1/../../../../arm-none-eabi/lib/armv7-m/libm.a(lib_a-ef_rem_pio2.o) (__kernel_rem_pio2f)
/usr/bin/../lib/gcc/arm-none-eabi/5.4.1/../../../../arm-none-eabi/lib/armv7-m/libm.a(lib_a-kf_sin.o)
                              /usr/bin/../lib/gcc/arm-none-eabi/5.4.1/../../../../arm-none-eabi/lib/armv7-m/libm.a(lib_a-sf_cos.o) (__kernel_sinf)
/usr/bin/../lib/gcc/arm-none-eabi/5.4.1/../../../../arm-none-eabi/lib/armv7-m/libm.a(lib_a-s_fabs.o)
                              /usr/bin/../lib/gcc/arm-none-eabi/5.4.1/../../../../arm-none-eabi/lib/armv7-m/libm.a(lib_a-e_pow.o) (fabs)
/usr/bin/../lib/gcc/arm-none-eabi/5.4.1/../../../../arm-none-eabi/lib/armv7-m/libm.a(lib_a-s_finite.o)
                              /usr/bin/../lib/gcc/arm-none-eabi/5.4.1/../../../../arm-none-eabi/lib/armv7-m/libm.a(lib_a-w_pow.o) (finite)
/usr/bin/../lib/gcc/arm-none-eabi/5.4.1/../../../../arm-none-eabi/lib/armv7-m/libm.a(lib_a-s_floor.o)
                              /usr/bin/../lib/gcc/arm-none-eabi/5.4.1/../../../../arm-none-eabi/lib/armv7-m/libm.a(lib_a-k_rem_pio2.o) (floor)
/usr/bin/../lib/gcc/arm-none-eabi/5.4.1/../../../../arm-none-eabi/lib/armv7-m/libm.a(lib_a-s_lib_ver.o)
                              /usr/bin/../lib/gcc/arm-none-eabi/5.4.1/../../../../arm-none-eabi/lib/armv7-m/libm.a(lib_a-w_pow.o) (__fdlib_version)
/usr/bin/../lib/gcc/arm-none-eabi/5.4.1/../../../../arm-none-eabi/lib/armv7-m/libm.a(lib_a-s_matherr.o)
[...]
Memory Configuration

Name             Origin             Length             Attributes
RAM              0x0000000020000000 0x0000000000002000 xrw
CCMRAM           0x0000000000000000 0x0000000000000000 xrw
FLASH            0x0000000008000000 0x0000000000020000 xr
FLASHB1          0x0000000000000000 0x0000000000000000 xr
EXTMEMB0         0x0000000000000000 0x0000000000000000 xr
EXTMEMB1         0x0000000000000000 0x0000000000000000 xr
EXTMEMB2         0x0000000000000000 0x0000000000000000 xr
EXTMEMB3         0x0000000000000000 0x0000000000000000 xr
MEMORY_ARRAY     0x0000000000000000 0x0000000000000000 xrw
*default*        0x0000000000000000 0xffffffffffffffff

Linker script and memory map

LOAD ./system/src/stm32f1-stdperiph/misc.o
LOAD ./system/src/stm32f1-stdperiph/stm32f10x_exti.o
LOAD ./system/src/stm32f1-stdperiph/stm32f10x_gpio.o
LOAD ./system/src/stm32f1-stdperiph/stm32f10x_i2c.o
LOAD ./system/src/stm32f1-stdperiph/stm32f10x_rcc.o
LOAD ./system/src/stm32f1-stdperiph/stm32f10x_tim.o
LOAD ./system/src/stm32f1-stdperiph/stm32f10x_usart.o
LOAD ./system/src/newlib/_cxx.o
LOAD ./system/src/newlib/_exit.o
LOAD ./system/src/newlib/_sbrk.o
LOAD ./system/src/newlib/_startup.o
LOAD ./system/src/newlib/_syscalls.o
LOAD ./system/src/newlib/assert.o
LOAD ./system/src/drivers/_dht22.o
LOAD ./system/src/drivers/dallas.o
LOAD ./system/src/drivers/dht22.o
LOAD ./system/src/drivers/flash.o
LOAD ./system/src/drivers/gpio_conf.o
LOAD ./system/src/drivers/i2c.o
LOAD ./system/src/drivers/ms5611.o
LOAD ./system/src/drivers/sensirion_sht3x.o
LOAD ./system/src/drivers/serial.o
LOAD ./system/src/drivers/tx20.o
LOAD ./system/src/drivers/user_interf.o
LOAD ./system/src/diag/Trace.o
LOAD ./system/src/diag/trace_impl.o
LOAD ./system/src/cortexm/_initialize_hardware.o
LOAD ./system/src/cortexm/_reset_hardware.o
LOAD ./system/src/cortexm/exception_handlers.o
LOAD ./system/src/cmsis/system_stm32f10x.o
LOAD ./system/src/cmsis/vectors_stm32f10x.o
LOAD ./system/src/aprs/adc.o
LOAD ./system/src/aprs/afsk.o
LOAD ./system/src/aprs/afsk_pr.o
LOAD ./system/src/aprs/ax25.o
LOAD ./system/src/aprs/beacon.o
LOAD ./system/src/aprs/crc.o
LOAD ./system/src/aprs/dac.o
LOAD ./system/src/aprs/digi.o
LOAD ./system/src/aprs/raw.o
LOAD ./system/src/aprs/telemetry.o
LOAD ./system/src/aprs/wx.o
LOAD ./src/BlinkLed.o
LOAD ./src/KissCommunication.o
LOAD ./src/LedConfig.o
LOAD ./src/PathConfig.o
LOAD ./src/TimerConfig.o
LOAD ./src/_write.o
LOAD ./src/it_handlers.o
LOAD ./src/main.o
LOAD /usr/bin/../lib/gcc/arm-none-eabi/5.4.1/../../../../arm-none-eabi/lib/armv7-m/libstdc++_nano.a
LOAD /usr/bin/../lib/gcc/arm-none-eabi/5.4.1/../../../../arm-none-eabi/lib/armv7-m/libm.a
START GROUP
LOAD /usr/bin/../lib/gcc/arm-none-eabi/5.4.1/armv7-m/libgcc.a
LOAD /usr/bin/../lib/gcc/arm-none-eabi/5.4.1/../../../../arm-none-eabi/lib/armv7-m/libg_nano.a
LOAD /usr/bin/../lib/gcc/arm-none-eabi/5.4.1/../../../../arm-none-eabi/lib/armv7-m/libc_nano.a
END GROUP
START GROUP
LOAD /usr/bin/../lib/gcc/arm-none-eabi/5.4.1/armv7-m/libgcc.a
LOAD /usr/bin/../lib/gcc/arm-none-eabi/5.4.1/../../../../arm-none-eabi/lib/armv7-m/libc_nano.a
END GROUP
                0x0000000020002000                __stack = (ORIGIN (RAM) + LENGTH (RAM))
                0x0000000020002000                _estack = __stack
                0x0000000000000400                __Main_Stack_Size = 0x400
                [!provide]                        PROVIDE (_Main_Stack_Size, __Main_Stack_Size)
                0x0000000020001c00                __Main_Stack_Limit = (__stack - __Main_Stack_Size)
                [!provide]                        PROVIDE (_Main_Stack_Limit, __Main_Stack_Limit)
                0x0000000000000100                _Minimum_Stack_Size = 0x100
                0x0000000020000e4c                PROVIDE (_Heap_Begin, _end_noinit)
                0x0000000020001c00                PROVIDE (_Heap_Limit, (__stack - __Main_Stack_Size))

.isr_vector     0x0000000008000000      0x418
 FILL mask 0xff
                0x0000000008000000                __vectors_start = ABSOLUTE (.)
                0x0000000008000000                __vectors_start__ = ABSOLUTE (.)
 *(.isr_vector)
 .isr_vector    0x0000000008000000      0x1d0 ./system/src/cmsis/vectors_stm32f10x.o
                0x0000000008000000                __isr_vectors
 *(.cfmconfig)
 *(.after_vectors .after_vectors.*)
 .after_vectors
                0x00000000080001d0      0x114 ./system/src/newlib/_startup.o
                0x00000000080001d0                _start
 .after_vectors
                0x00000000080002e4      0x130 ./system/src/cortexm/exception_handlers.o
                0x00000000080002e4                Reset_Handler
                0x00000000080002ec                NMI_Handler
                0x00000000080002f0                HardFault_Handler
                0x0000000008000304                HardFault_Handler_C
                0x0000000008000364                MemManage_Handler
                0x0000000008000368                BusFault_Handler
                0x000000000800037c                BusFault_Handler_C
                0x00000000080003b0                UsageFault_Handler
                0x00000000080003c4                UsageFault_Handler_C
                0x00000000080003f8                SVC_Handler
                0x00000000080003fc                DebugMon_Handler
                0x0000000008000400                PendSV_Handler
                0x0000000008000404                SysTick_Handler
 .after_vectors
                0x0000000008000414        0x4 ./system/src/cmsis/vectors_stm32f10x.o
                0x0000000008000414                EXTI2_IRQHandler
                0x0000000008000414                TIM8_TRG_COM_IRQHandler
                0x0000000008000414                TIM8_CC_IRQHandler
                0x0000000008000414                TIM1_CC_IRQHandler
                0x0000000008000414                TIM6_IRQHandler
                0x0000000008000414                PVD_IRQHandler
                0x0000000008000414                SDIO_IRQHandler
                0x0000000008000414                CAN2_RX1_IRQHandler
                0x0000000008000414                EXTI3_IRQHandler
                0x0000000008000414                TIM8_TRG_COM_TIM14_IRQHandler
                0x0000000008000414                TIM1_UP_TIM10_IRQHandler
                0x0000000008000414                TIM8_UP_TIM13_IRQHandler
                0x0000000008000414                EXTI0_IRQHandler
                0x0000000008000414                I2C2_EV_IRQHandler
                0x0000000008000414                CAN1_RX0_IRQHandler
                0x0000000008000414                CAN2_SCE_IRQHandler
                0x0000000008000414                ADC1_2_IRQHandler
                0x0000000008000414                SPI1_IRQHandler
                0x0000000008000414                TAMPER_IRQHandler
                0x0000000008000414                TIM6_DAC_IRQHandler
                0x0000000008000414                TIM1_BRK_TIM9_IRQHandler
                0x0000000008000414                CAN2_RX0_IRQHandler
                0x0000000008000414                TIM8_UP_IRQHandler
                0x0000000008000414                DMA2_Channel2_IRQHandler
                0x0000000008000414                DMA1_Channel4_IRQHandler
                0x0000000008000414                USART3_IRQHandler
                0x0000000008000414                RTC_IRQHandler
                0x0000000008000414                DMA1_Channel7_IRQHandler
                0x0000000008000414                CAN1_RX1_IRQHandler
                0x0000000008000414                UART5_IRQHandler
                0x0000000008000414                ADC3_IRQHandler
                0x0000000008000414                DMA2_Channel1_IRQHandler
                0x0000000008000414                DMA1_Channel6_IRQHandler
                0x0000000008000414                UART4_IRQHandler
                0x0000000008000414                DMA2_Channel4_IRQHandler
                0x0000000008000414                RCC_IRQHandler
                0x0000000008000414                TIM8_BRK_TIM12_IRQHandler
                0x0000000008000414                TIM1_TRG_COM_IRQHandler
                0x0000000008000414                DMA1_Channel1_IRQHandler
                0x0000000008000414                Default_Handler
                0x0000000008000414                CEC_IRQHandler
                0x0000000008000414                EXTI15_10_IRQHandler
                0x0000000008000414                TIM14_IRQHandler
                0x0000000008000414                TIM13_IRQHandler
                0x0000000008000414                TIM12_IRQHandler
                0x0000000008000414                CAN2_TX_IRQHandler
                0x0000000008000414                TIM5_IRQHandler
                0x0000000008000414                ETH_WKUP_IRQHandler
                0x0000000008000414                SPI2_IRQHandler
                0x0000000008000414                CAN1_TX_IRQHandler
                0x0000000008000414                DMA2_Channel5_IRQHandler
                0x0000000008000414                DMA1_Channel5_IRQHandler
                0x0000000008000414                USB_LP_CAN1_RX0_IRQHandler
                0x0000000008000414                TIM1_TRG_COM_TIM17_IRQHandler
                0x0000000008000414                USB_HP_CAN1_TX_IRQHandler
                0x0000000008000414                DMA1_Channel3_IRQHandler
                0x0000000008000414                FSMC_IRQHandler
                0x0000000008000414                ETH_IRQHandler
                0x0000000008000414                TIM1_UP_IRQHandler
                0x0000000008000414                WWDG_IRQHandler
                0x0000000008000414                OTG_FS_WKUP_IRQHandler
                0x0000000008000414                TIM1_TRG_COM_TIM11_IRQHandler
                0x0000000008000414                TIM1_BRK_IRQHandler
                0x0000000008000414                EXTI1_IRQHandler
                0x0000000008000414                RTCAlarm_IRQHandler
                0x0000000008000414                DMA2_Channel4_5_IRQHandler
                0x0000000008000414                USART2_IRQHandler
                0x0000000008000414                I2C2_ER_IRQHandler
                0x0000000008000414                DMA1_Channel2_IRQHandler
                0x0000000008000414                TIM8_BRK_IRQHandler
                0x0000000008000414                CAN1_SCE_IRQHandler
                0x0000000008000414                FLASH_IRQHandler
                0x0000000008000414                OTG_FS_IRQHandler
                0x0000000008000414                SPI3_IRQHandler
                0x0000000008000414                USBWakeUp_IRQHandler
                0x0000000008000414                DMA2_Channel3_IRQHandler
                0x0000000008000414                TIM1_BRK_TIM15_IRQHandler

.inits          0x0000000008000418       0x28
                0x0000000008000418                __data_regions_array_start = .
                0x0000000008000418        0x4 LONG 0x80094f8 LOADADDR (.data)
                0x000000000800041c        0x4 LONG 0x20000000 ADDR (.data)
                0x0000000008000420        0x4 LONG 0x20000210 (ADDR (.data) + SIZEOF (.data))
                0x0000000008000424        0x4 LONG 0x80094f8 LOADADDR (.data_CCMRAM)
                0x0000000008000428        0x4 LONG 0x0 ADDR (.data_CCMRAM)
                0x000000000800042c        0x4 LONG 0x0 (ADDR (.data_CCMRAM) + SIZEOF (.data_CCMRAM))
                0x0000000008000430                __data_regions_array_end = .
                0x0000000008000430                __bss_regions_array_start = .
                0x0000000008000430        0x4 LONG 0x20000210 ADDR (.bss)
                0x0000000008000434        0x4 LONG 0x20000e4c (ADDR (.bss) + SIZEOF (.bss))
                0x0000000008000438        0x4 LONG 0x0 ADDR (.bss_CCMRAM)
                0x000000000800043c        0x4 LONG 0x0 (ADDR (.bss_CCMRAM) + SIZEOF (.bss_CCMRAM))
                0x0000000008000440                __bss_regions_array_end = .
 *(.init)
 *(.fini)
                0x0000000008000440                . = ALIGN (0x4)
                0x0000000008000440                PROVIDE (__preinit_array_start, .)
 *(.preinit_array_sysinit .preinit_array_sysinit.*)
 *(.preinit_array_platform .preinit_array_platform.*)
 *(.preinit_array .preinit_array.*)
                0x0000000008000440                PROVIDE (__preinit_array_end, .)
                0x0000000008000440                . = ALIGN (0x4)
                0x0000000008000440                PROVIDE (__init_array_start, .)
 *(SORT(.init_array.*))
 *(.init_array)
                0x0000000008000440                PROVIDE (__init_array_end, .)
                0x0000000008000440                . = ALIGN (0x4)
                0x0000000008000440                PROVIDE (__fini_array_start, .)
 *(SORT(.fini_array.*))
 *(.fini_array)
                0x0000000008000440                PROVIDE (__fini_array_end, .)

.flashtext
 *(.flashtext .flashtext.*)

.text           0x0000000008000440     0x90b8
 *(.text .text.*)
 .text.EXTI_Init
                0x0000000008000440       0x90 ./system/src/stm32f1-stdperiph/stm32f10x_exti.o
                0x0000000008000440                EXTI_Init
 .text.EXTI_StructInit
                0x00000000080004d0       0x10 ./system/src/stm32f1-stdperiph/stm32f10x_exti.o
                0x00000000080004d0                EXTI_StructInit
 .text.GPIO_Init
                0x00000000080004e0       0x9c ./system/src/stm32f1-stdperiph/stm32f10x_gpio.o
                0x00000000080004e0                GPIO_Init
 .text.GPIO_StructInit
                0x000000000800057c       0x10 ./system/src/stm32f1-stdperiph/stm32f10x_gpio.o
                0x000000000800057c                GPIO_StructInit
 .text.GPIO_ReadInputDataBit
                0x000000000800058c       0x10 ./system/src/stm32f1-stdperiph/stm32f10x_gpio.o
                0x000000000800058c                GPIO_ReadInputDataBit
 .text.GPIO_SetBits
                0x000000000800059c        0x4 ./system/src/stm32f1-stdperiph/stm32f10x_gpio.o
                0x000000000800059c                GPIO_SetBits
 .text.GPIO_ResetBits
                0x00000000080005a0        0x4 ./system/src/stm32f1-stdperiph/stm32f10x_gpio.o
                0x00000000080005a0                GPIO_ResetBits
 .text.GPIO_EXTILineConfig
                0x00000000080005a4       0x34 ./system/src/stm32f1-stdperiph/stm32f10x_gpio.o
                0x00000000080005a4                GPIO_EXTILineConfig
 .text.RCC_GetClocksFreq
                0x00000000080005d8       0xb4 ./system/src/stm32f1-stdperiph/stm32f10x_rcc.o
                0x00000000080005d8                RCC_GetClocksFreq
 .text.USART_Init
                0x000000000800068c       0xc8 ./system/src/stm32f1-stdperiph/stm32f10x_usart.o
                0x000000000800068c                USART_Init
 .text._exit    0x0000000008000754        0x4 ./system/src/newlib/_exit.o
                0x0000000008000754                _exit
 .text._sbrk    0x0000000008000758       0x44 ./system/src/newlib/_sbrk.o
                0x0000000008000758                _sbrk
 .text.__initialize_args
                0x000000000800079c       0x10 ./system/src/newlib/_syscalls.o
                0x000000000800079c                __initialize_args
 .text.dht22_init
                0x00000000080007ac       0xa0 ./system/src/drivers/_dht22.o
                0x00000000080007ac                dht22_init
 .text.dht22_comm
                0x000000000800084c       0xc0 ./system/src/drivers/_dht22.o
                0x000000000800084c                dht22_comm
 .text.EXTI4_IRQHandler
                0x000000000800090c       0x58 ./system/src/drivers/_dht22.o
                0x000000000800090c                EXTI4_IRQHandler
 .text.dht22_decode
                0x0000000008000964      0x1c4 ./system/src/drivers/_dht22.o
                0x0000000008000964                dht22_decode
 .text.DallasInit
                0x0000000008000b28       0x3c ./system/src/drivers/dallas.o
                0x0000000008000b28                DallasInit
 .text.DallasConfigTimer
                0x0000000008000b64       0x70 ./system/src/drivers/dallas.o
                0x0000000008000b64                DallasConfigTimer
 .text.Configure_GPIO
                0x0000000008000bd4       0x28 ./system/src/drivers/gpio_conf.o
                0x0000000008000bd4                Configure_GPIO
 .text.I2C1_ER_IRQHandler
                0x0000000008000bfc       0xdc ./system/src/drivers/i2c.o
                0x0000000008000bfc                I2C1_ER_IRQHandler
 .text.i2cVariableReset
                0x0000000008000cd8       0x24 ./system/src/drivers/i2c.o
                0x0000000008000cd8                i2cVariableReset
 .text.I2C1_EV_IRQHandler
                0x0000000008000cfc      0x20c ./system/src/drivers/i2c.o
                0x0000000008000cfc                I2C1_EV_IRQHandler
 .text.SrlConfig
                0x0000000008000f08       0xc8 ./system/src/drivers/serial.o
                0x0000000008000f08                SrlConfig
 .text.SrlStartTX
                0x0000000008000fd0       0x68 ./system/src/drivers/serial.o
                0x0000000008000fd0                SrlStartTX
 .text.SrlReceiveData
                0x0000000008001038       0xb4 ./system/src/drivers/serial.o
                0x0000000008001038                SrlReceiveData
 .text.USART1_IRQHandler
                0x00000000080010ec      0x1cc ./system/src/drivers/serial.o
                0x00000000080010ec                USART1_IRQHandler
 .text.TX20Init
                0x00000000080012b8       0xec ./system/src/drivers/tx20.o
                0x00000000080012b8                TX20Init
 *fill*         0x00000000080013a4        0x4 
 .text.TX20DataAverage
                0x00000000080013a8      0x15c ./system/src/drivers/tx20.o
                0x00000000080013a8                TX20DataAverage
 *fill*         0x0000000008001504        0x4 
 .text.TX20DataParse
                0x0000000008001508      0x13c ./system/src/drivers/tx20.o
                0x0000000008001508                TX20DataParse
 .text.TX20Batch
                0x0000000008001644       0xec ./system/src/drivers/tx20.o
                0x0000000008001644                TX20Batch
 .text.EXTI9_5_IRQHandler
                0x0000000008001730       0x2c ./system/src/drivers/tx20.o
                0x0000000008001730                EXTI9_5_IRQHandler
 .text.TIM1_UP_TIM16_IRQHandler
                0x000000000800175c       0x1c ./system/src/drivers/tx20.o
                0x000000000800175c                TIM1_UP_TIM16_IRQHandler
 .text.trace_printf
                0x0000000008001778       0x30 ./system/src/diag/Trace.o
                0x0000000008001778                trace_printf
 .text._trace_write_semihosting_debug
                0x00000000080017a8       0x64 ./system/src/diag/trace_impl.o
 .text.trace_write
                0x000000000800180c        0x8 ./system/src/diag/trace_impl.o
                0x000000000800180c                trace_write
 .text.__initialize_hardware_early
                0x0000000008001814       0x18 ./system/src/cortexm/_initialize_hardware.o
                0x0000000008001814                __initialize_hardware_early
 .text.__initialize_hardware
                0x000000000800182c        0x8 ./system/src/cortexm/_initialize_hardware.o
                0x000000000800182c                __initialize_hardware
 .text.dumpExceptionStack
                0x0000000008001834       0xf0 ./system/src/cortexm/exception_handlers.o
                0x0000000008001834                dumpExceptionStack
 .text.isSemihosting
                0x0000000008001924       0x20 ./system/src/cortexm/exception_handlers.o
                0x0000000008001924                isSemihosting
 .text.SetSysClockTo24
                0x0000000008001944       0xa0 ./system/src/cmsis/system_stm32f10x.o
 .text.SetSysClock
                0x00000000080019e4        0x8 ./system/src/cmsis/system_stm32f10x.o
 .text.SystemInit
                0x00000000080019ec       0x54 ./system/src/cmsis/system_stm32f10x.o
                0x00000000080019ec                SystemInit
 .text.SystemCoreClockUpdate
                0x0000000008001a40       0x8c ./system/src/cmsis/system_stm32f10x.o
                0x0000000008001a40                SystemCoreClockUpdate
 .text.AD_Start
                0x0000000008001acc       0x10 ./system/src/aprs/adc.o
                0x0000000008001acc                AD_Start
 .text.AD_Stop  0x0000000008001adc       0x14 ./system/src/aprs/adc.o
                0x0000000008001adc                AD_Stop
 .text.fifo_isempty
                0x0000000008001af0       0x10 ./system/src/aprs/afsk.o
 .text.fifo_isfull
                0x0000000008001b00       0x28 ./system/src/aprs/afsk.o
 .text.fifo_push
                0x0000000008001b28       0x1c ./system/src/aprs/afsk.o
 .text.fifo_pop
                0x0000000008001b44       0x1c ./system/src/aprs/afsk.o
 .text.fifo_flush
                0x0000000008001b60        0x8 ./system/src/aprs/afsk.o
 .text.fifo_init
                0x0000000008001b68       0x10 ./system/src/aprs/afsk.o
 .text.sin_sample
                0x0000000008001b78       0x24 ./system/src/aprs/afsk.o
 .text.hdlc_parse
                0x0000000008001b9c      0x100 ./system/src/aprs/afsk.o
 .text.afsk_demod
                0x0000000008001c9c       0xa4 ./system/src/aprs/afsk.o
 .text.AFSK_ADC_ISR
                0x0000000008001d40       0xa4 ./system/src/aprs/afsk.o
                0x0000000008001d40                AFSK_ADC_ISR
 .text.afsk_txStart
                0x0000000008001de4       0x3c ./system/src/aprs/afsk.o
                0x0000000008001de4                afsk_txStart
 .text.AFSK_DAC_ISR
                0x0000000008001e20      0x104 ./system/src/aprs/afsk.o
                0x0000000008001e20                AFSK_DAC_ISR
 *fill*         0x0000000008001f24        0x4 
 .text.AFSK_Init
                0x0000000008001f28      0x124 ./system/src/aprs/afsk.o
                0x0000000008001f28                AFSK_Init
 .text.ADCStartConfig
                0x000000000800204c       0x64 ./system/src/aprs/afsk_pr.o
                0x000000000800204c                ADCStartConfig
 .text.DACStartConfig
                0x00000000080020b0       0x44 ./system/src/aprs/afsk_pr.o
                0x00000000080020b0                DACStartConfig
 .text.fifo_isempty
                0x00000000080020f4       0x10 ./system/src/aprs/ax25.o
 .text.fifo_isfull
                0x0000000008002104       0x28 ./system/src/aprs/ax25.o
 .text.fifo_push
                0x000000000800212c       0x1c ./system/src/aprs/ax25.o
 .text.fifo_pop
                0x0000000008002148       0x1c ./system/src/aprs/ax25.o
 .text.fifo_getc
                0x0000000008002164       0x1c ./system/src/aprs/ax25.o
 .text.fifo_putc
                0x0000000008002180       0x18 ./system/src/aprs/ax25.o
 .text.updcrc_ccitt
                0x0000000008002198       0x14 ./system/src/aprs/ax25.o
 .text.ax25_decode
                0x00000000080021ac      0x160 ./system/src/aprs/ax25.o
 .text.ax25_poll
                0x000000000800230c      0x100 ./system/src/aprs/ax25.o
                0x000000000800230c                ax25_poll
 .text.ax25_putchar
                0x000000000800240c       0x40 ./system/src/aprs/ax25.o
                0x000000000800240c                ax25_putchar
 .text.ax25_sendCall
                0x000000000800244c       0x70 ./system/src/aprs/ax25.o
 .text.ax25_sendVia
                0x00000000080024bc       0xa4 ./system/src/aprs/ax25.o
                0x00000000080024bc                ax25_sendVia
 .text.ax25_sendRaw
                0x0000000008002560       0x68 ./system/src/aprs/ax25.o
                0x0000000008002560                ax25_sendRaw
 .text.ax25_init
                0x00000000080025c8       0x30 ./system/src/aprs/ax25.o
                0x00000000080025c8                ax25_init
 .text.DA_Init  0x00000000080025f8       0x5c ./system/src/aprs/dac.o
                0x00000000080025f8                DA_Init
 .text.DA_Start
                0x0000000008002654       0x24 ./system/src/aprs/dac.o
                0x0000000008002654                DA_Start
 .text.DA_Stop  0x0000000008002678       0x28 ./system/src/aprs/dac.o
                0x0000000008002678                DA_Stop
 .text.Digi     0x00000000080026a0      0x250 ./system/src/aprs/digi.o
                0x00000000080026a0                Digi
 .text.SendSimpleTelemetry
                0x00000000080028f0      0x1fc ./system/src/aprs/telemetry.o
                0x00000000080028f0                SendSimpleTelemetry
 .text.SendKISSToHost
                0x0000000008002aec       0x60 ./src/KissCommunication.o
                0x0000000008002aec                SendKISSToHost
 .text.ParseReceivedKISS
                0x0000000008002b4c       0xb0 ./src/KissCommunication.o
                0x0000000008002b4c                ParseReceivedKISS
 .text.LedConfig
                0x0000000008002bfc       0x64 ./src/LedConfig.o
                0x0000000008002bfc                LedConfig
 .text.ConfigPath
                0x0000000008002c60       0x40 ./src/PathConfig.o
                0x0000000008002c60                ConfigPath
 .text.TIM2Delay
                0x0000000008002ca0       0x54 ./src/TimerConfig.o
                0x0000000008002ca0                TIM2Delay
 .text.TIM2DelayDeConfig
                0x0000000008002cf4       0x14 ./src/TimerConfig.o
                0x0000000008002cf4                TIM2DelayDeConfig
 .text.TimerConfig
                0x0000000008002d08      0x104 ./src/TimerConfig.o
                0x0000000008002d08                TimerConfig
 .text.TIM2_IRQHandler
                0x0000000008002e0c       0x28 ./src/it_handlers.o
                0x0000000008002e0c                TIM2_IRQHandler
 .text.TIM4_IRQHandler
                0x0000000008002e34       0x54 ./src/it_handlers.o
                0x0000000008002e34                TIM4_IRQHandler
 .text.TIM7_IRQHandler
                0x0000000008002e88       0xb0 ./src/it_handlers.o
                0x0000000008002e88                TIM7_IRQHandler
 .text.TIM3_IRQHandler
                0x0000000008002f38       0x60 ./src/it_handlers.o
                0x0000000008002f38                TIM3_IRQHandler
 .text._ZL16message_callbackP7AX25Msg
                0x0000000008002f98        0x4 ./src/main.o
 *fill*         0x0000000008002f9c        0x4 
 .text.main     0x0000000008002fa0      0x214 ./src/main.o
                0x0000000008002fa0                main
 .text.cos      0x00000000080031b4       0x90 /usr/bin/../lib/gcc/arm-none-eabi/5.4.1/../../../../arm-none-eabi/lib/armv7-m/libm.a(lib_a-s_cos.o)
                0x00000000080031b4                cos
 .text.sin      0x0000000008003244       0x90 /usr/bin/../lib/gcc/arm-none-eabi/5.4.1/../../../../arm-none-eabi/lib/armv7-m/libm.a(lib_a-s_sin.o)
                0x0000000008003244                sin
 .text.cosf     0x00000000080032d4       0x78 /usr/bin/../lib/gcc/arm-none-eabi/5.4.1/../../../../arm-none-eabi/lib/armv7-m/libm.a(lib_a-sf_cos.o)
                0x00000000080032d4                cosf
 .text.sinf     0x000000000800334c       0x7c /usr/bin/../lib/gcc/arm-none-eabi/5.4.1/../../../../arm-none-eabi/lib/armv7-m/libm.a(lib_a-sf_sin.o)
                0x000000000800334c                sinf
 .text.atan2f   0x00000000080033c8        0x4 /usr/bin/../lib/gcc/arm-none-eabi/5.4.1/../../../../arm-none-eabi/lib/armv7-m/libm.a(lib_a-wf_atan2.o)
                0x00000000080033c8                atan2f
 *fill*         0x00000000080033cc        0x4 
 .text.__ieee754_rem_pio2
                0x00000000080033d0      0x42c /usr/bin/../lib/gcc/arm-none-eabi/5.4.1/../../../../arm-none-eabi/lib/armv7-m/libm.a(lib_a-e_rem_pio2.o)
                0x00000000080033d0                __ieee754_rem_pio2
 .text.__ieee754_atan2f
                0x00000000080037fc      0x124 /usr/bin/../lib/gcc/arm-none-eabi/5.4.1/../../../../arm-none-eabi/lib/armv7-m/libm.a(lib_a-ef_atan2.o)
                0x00000000080037fc                __ieee754_atan2f
 .text.__ieee754_rem_pio2f
                0x0000000008003920      0x2e4 /usr/bin/../lib/gcc/arm-none-eabi/5.4.1/../../../../arm-none-eabi/lib/armv7-m/libm.a(lib_a-ef_rem_pio2.o)
                0x0000000008003920                __ieee754_rem_pio2f
 *fill*         0x0000000008003c04        0x4 
 .text.__kernel_cos
                0x0000000008003c08      0x248 /usr/bin/../lib/gcc/arm-none-eabi/5.4.1/../../../../arm-none-eabi/lib/armv7-m/libm.a(lib_a-k_cos.o)
                0x0000000008003c08                __kernel_cos
 .text.__kernel_rem_pio2
                0x0000000008003e50      0x7f0 /usr/bin/../lib/gcc/arm-none-eabi/5.4.1/../../../../arm-none-eabi/lib/armv7-m/libm.a(lib_a-k_rem_pio2.o)
                0x0000000008003e50                __kernel_rem_pio2
 .text.__kernel_sin
                0x0000000008004640      0x16c /usr/bin/../lib/gcc/arm-none-eabi/5.4.1/../../../../arm-none-eabi/lib/armv7-m/libm.a(lib_a-k_sin.o)
                0x0000000008004640                __kernel_sin
 .text.__kernel_cosf
                0x00000000080047ac      0x188 /usr/bin/../lib/gcc/arm-none-eabi/5.4.1/../../../../arm-none-eabi/lib/armv7-m/libm.a(lib_a-kf_cos.o)
                0x00000000080047ac                __kernel_cosf
 .text.__kernel_rem_pio2f
                0x0000000008004934      0x6a0 /usr/bin/../lib/gcc/arm-none-eabi/5.4.1/../../../../arm-none-eabi/lib/armv7-m/libm.a(lib_a-kf_rem_pio2.o)
                0x0000000008004934                __kernel_rem_pio2f
 .text.__kernel_sinf
                0x0000000008004fd4       0xec /usr/bin/../lib/gcc/arm-none-eabi/5.4.1/../../../../arm-none-eabi/lib/armv7-m/libm.a(lib_a-kf_sin.o)
                0x0000000008004fd4                __kernel_sinf
 .text.fabs     0x00000000080050c0        0x8 /usr/bin/../lib/gcc/arm-none-eabi/5.4.1/../../../../arm-none-eabi/lib/armv7-m/libm.a(lib_a-s_fabs.o)
                0x00000000080050c0                fabs
 .text.floor    0x00000000080050c8      0x110 /usr/bin/../lib/gcc/arm-none-eabi/5.4.1/../../../../arm-none-eabi/lib/armv7-m/libm.a(lib_a-s_floor.o)
                0x00000000080050c8                floor
 .text.scalbn   0x00000000080051d8       0xe4 /usr/bin/../lib/gcc/arm-none-eabi/5.4.1/../../../../arm-none-eabi/lib/armv7-m/libm.a(lib_a-s_scalbn.o)
                0x00000000080051d8                scalbn
 .text.atanf    0x00000000080052bc      0x22c /usr/bin/../lib/gcc/arm-none-eabi/5.4.1/../../../../arm-none-eabi/lib/armv7-m/libm.a(lib_a-sf_atan.o)
                0x00000000080052bc                atanf
 .text.fabsf    0x00000000080054e8        0x8 /usr/bin/../lib/gcc/arm-none-eabi/5.4.1/../../../../arm-none-eabi/lib/armv7-m/libm.a(lib_a-sf_fabs.o)
                0x00000000080054e8                fabsf
 .text.floorf   0x00000000080054f0       0x8c /usr/bin/../lib/gcc/arm-none-eabi/5.4.1/../../../../arm-none-eabi/lib/armv7-m/libm.a(lib_a-sf_floor.o)
                0x00000000080054f0                floorf
 .text.scalbnf  0x000000000800557c       0xb0 /usr/bin/../lib/gcc/arm-none-eabi/5.4.1/../../../../arm-none-eabi/lib/armv7-m/libm.a(lib_a-sf_scalbn.o)
                0x000000000800557c                scalbnf
 .text.copysign
                0x000000000800562c       0x10 /usr/bin/../lib/gcc/arm-none-eabi/5.4.1/../../../../arm-none-eabi/lib/armv7-m/libm.a(lib_a-s_copysign.o)
                0x000000000800562c                copysign
 .text.copysignf
                0x000000000800563c        0xc /usr/bin/../lib/gcc/arm-none-eabi/5.4.1/../../../../arm-none-eabi/lib/armv7-m/libm.a(lib_a-sf_copysign.o)
                0x000000000800563c                copysignf
 .text          0x0000000008005648      0x370 /usr/bin/../lib/gcc/arm-none-eabi/5.4.1/armv7-m/libgcc.a(_arm_addsubdf3.o)
                0x0000000008005648                __aeabi_drsub
                0x0000000008005650                __aeabi_dsub
                0x0000000008005650                __subdf3
                0x0000000008005654                __adddf3
                0x0000000008005654                __aeabi_dadd
                0x00000000080058cc                __aeabi_ui2d
                0x00000000080058cc                __floatunsidf
                0x00000000080058ec                __floatsidf
                0x00000000080058ec                __aeabi_i2d
                0x0000000008005910                __extendsfdf2
                0x0000000008005910                __aeabi_f2d
                0x000000000800594c                __aeabi_ul2d
                0x000000000800594c                __floatundidf
                0x000000000800595c                __floatdidf
                0x000000000800595c                __aeabi_l2d
 .text          0x00000000080059b8      0x424 /usr/bin/../lib/gcc/arm-none-eabi/5.4.1/armv7-m/libgcc.a(_arm_muldivdf3.o)
                0x00000000080059b8                __aeabi_dmul
                0x00000000080059b8                __muldf3
                0x0000000008005c0c                __aeabi_ddiv
                0x0000000008005c0c                __divdf3
 .text          0x0000000008005ddc      0x110 /usr/bin/../lib/gcc/arm-none-eabi/5.4.1/armv7-m/libgcc.a(_arm_cmpdf2.o)
                0x0000000008005ddc                __gtdf2
                0x0000000008005ddc                __gedf2
                0x0000000008005de4                __ltdf2
                0x0000000008005de4                __ledf2
                0x0000000008005dec                __cmpdf2
                0x0000000008005dec                __eqdf2
                0x0000000008005dec                __nedf2
                0x0000000008005e68                __aeabi_cdrcmple
                0x0000000008005e78                __aeabi_cdcmple
                0x0000000008005e78                __aeabi_cdcmpeq
                0x0000000008005e88                __aeabi_dcmpeq
                0x0000000008005e9c                __aeabi_dcmplt
                0x0000000008005eb0                __aeabi_dcmple
                0x0000000008005ec4                __aeabi_dcmpge
                0x0000000008005ed8                __aeabi_dcmpgt
 .text          0x0000000008005eec       0x2c /usr/bin/../lib/gcc/arm-none-eabi/5.4.1/armv7-m/libgcc.a(_arm_unorddf2.o)
                0x0000000008005eec                __aeabi_dcmpun
                0x0000000008005eec                __unorddf2
 .text          0x0000000008005f18       0x50 /usr/bin/../lib/gcc/arm-none-eabi/5.4.1/armv7-m/libgcc.a(_arm_fixdfsi.o)
                0x0000000008005f18                __fixdfsi
                0x0000000008005f18                __aeabi_d2iz
 .text          0x0000000008005f68       0xa0 /usr/bin/../lib/gcc/arm-none-eabi/5.4.1/armv7-m/libgcc.a(_arm_truncdfsf2.o)
                0x0000000008005f68                __aeabi_d2f
                0x0000000008005f68                __truncdfsf2
 .text          0x0000000008006008      0x21c /usr/bin/../lib/gcc/arm-none-eabi/5.4.1/armv7-m/libgcc.a(_arm_addsubsf3.o)
                0x0000000008006008                __aeabi_frsub
                0x0000000008006010                __subsf3
                0x0000000008006010                __aeabi_fsub
                0x0000000008006014                __aeabi_fadd
                0x0000000008006014                __addsf3
                0x0000000008006174                __aeabi_ui2f
                0x0000000008006174                __floatunsisf
                0x000000000800617c                __aeabi_i2f
                0x000000000800617c                __floatsisf
                0x0000000008006198                __floatundisf
                0x0000000008006198                __aeabi_ul2f
                0x00000000080061a8                __floatdisf
                0x00000000080061a8                __aeabi_l2f
 .text          0x0000000008006224      0x2a0 /usr/bin/../lib/gcc/arm-none-eabi/5.4.1/armv7-m/libgcc.a(_arm_muldivsf3.o)
                0x0000000008006224                __mulsf3
                0x0000000008006224                __aeabi_fmul
                0x000000000800638c                __divsf3
                0x000000000800638c                __aeabi_fdiv
 .text          0x00000000080064c4       0xec /usr/bin/../lib/gcc/arm-none-eabi/5.4.1/armv7-m/libgcc.a(_arm_cmpsf2.o)
                0x00000000080064c4                __gtsf2
                0x00000000080064c4                __gesf2
                0x00000000080064cc                __lesf2
                0x00000000080064cc                __ltsf2
                0x00000000080064d4                __nesf2
                0x00000000080064d4                __eqsf2
                0x00000000080064d4                __cmpsf2
                0x0000000008006534                __aeabi_cfrcmple
                0x000000000800653c                __aeabi_cfcmple
                0x000000000800653c                __aeabi_cfcmpeq
                0x000000000800654c                __aeabi_fcmpeq
                0x0000000008006560                __aeabi_fcmplt
                0x0000000008006574                __aeabi_fcmple
                0x0000000008006588                __aeabi_fcmpge
                0x000000000800659c                __aeabi_fcmpgt
 .text          0x00000000080065b0       0x4c /usr/bin/../lib/gcc/arm-none-eabi/5.4.1/armv7-m/libgcc.a(_arm_fixsfsi.o)
                0x00000000080065b0                __fixsfsi
                0x00000000080065b0                __aeabi_f2iz
 .text.__errno  0x00000000080065fc        0xc /usr/bin/../lib/gcc/arm-none-eabi/5.4.1/../../../../arm-none-eabi/lib/armv7-m/libg_nano.a(lib_a-errno.o)
                0x00000000080065fc                __errno
 .text.memcpy   0x0000000008006608       0x16 /usr/bin/../lib/gcc/arm-none-eabi/5.4.1/../../../../arm-none-eabi/lib/armv7-m/libg_nano.a(lib_a-memcpy-stub.o)
                0x0000000008006608                memcpy
 .text.memset   0x000000000800661e       0x10 /usr/bin/../lib/gcc/arm-none-eabi/5.4.1/../../../../arm-none-eabi/lib/armv7-m/libg_nano.a(lib_a-memset.o)
                0x000000000800661e                memset
 .text.__cvt    0x000000000800662e       0xc0 /usr/bin/../lib/gcc/arm-none-eabi/5.4.1/../../../../arm-none-eabi/lib/armv7-m/libg_nano.a(lib_a-nano-vfprintf_float.o)
                0x000000000800662e                __cvt
 .text.__exponent
                0x00000000080066ee       0x62 /usr/bin/../lib/gcc/arm-none-eabi/5.4.1/../../../../arm-none-eabi/lib/armv7-m/libg_nano.a(lib_a-nano-vfprintf_float.o)
                0x00000000080066ee                __exponent
 .text._printf_float
                0x0000000008006750      0x488 /usr/bin/../lib/gcc/arm-none-eabi/5.4.1/../../../../arm-none-eabi/lib/armv7-m/libg_nano.a(lib_a-nano-vfprintf_float.o)
                0x0000000008006750                _printf_float
 .text._printf_common
                0x0000000008006bd8       0xec /usr/bin/../lib/gcc/arm-none-eabi/5.4.1/../../../../arm-none-eabi/lib/armv7-m/libg_nano.a(lib_a-nano-vfprintf_i.o)
                0x0000000008006bd8                _printf_common
 .text._printf_i
                0x0000000008006cc4      0x24c /usr/bin/../lib/gcc/arm-none-eabi/5.4.1/../../../../arm-none-eabi/lib/armv7-m/libg_nano.a(lib_a-nano-vfprintf_i.o)
                0x0000000008006cc4                _printf_i
 .text.snprintf
                0x0000000008006f10       0x64 /usr/bin/../lib/gcc/arm-none-eabi/5.4.1/../../../../arm-none-eabi/lib/armv7-m/libg_nano.a(lib_a-snprintf.o)
                0x0000000008006f10                snprintf
                0x0000000008006f10                sniprintf
 .text.sprintf  0x0000000008006f74       0x48 /usr/bin/../lib/gcc/arm-none-eabi/5.4.1/../../../../arm-none-eabi/lib/armv7-m/libg_nano.a(lib_a-sprintf.o)
                0x0000000008006f74                sprintf
                0x0000000008006f74                siprintf
 .text          0x0000000008006fbc       0x14 /usr/bin/../lib/gcc/arm-none-eabi/5.4.1/../../../../arm-none-eabi/lib/armv7-m/libg_nano.a(lib_a-strcmp.o)
                0x0000000008006fbc                strcmp
 .text.strcpy   0x0000000008006fd0       0x10 /usr/bin/../lib/gcc/arm-none-eabi/5.4.1/../../../../arm-none-eabi/lib/armv7-m/libg_nano.a(lib_a-strcpy.o)
                0x0000000008006fd0                strcpy
 .text          0x0000000008006fe0       0x10 /usr/bin/../lib/gcc/arm-none-eabi/5.4.1/../../../../arm-none-eabi/lib/armv7-m/libg_nano.a(lib_a-strlen.o)
                0x0000000008006fe0                strlen
 .text._vsnprintf_r
                0x0000000008006ff0       0x56 /usr/bin/../lib/gcc/arm-none-eabi/5.4.1/../../../../arm-none-eabi/lib/armv7-m/libg_nano.a(lib_a-vsnprintf.o)
                0x0000000008006ff0                _vsnprintf_r
                0x0000000008006ff0                _vsniprintf_r
 *fill*         0x0000000008007046        0x2 
 .text.vsnprintf
                0x0000000008007048       0x1c /usr/bin/../lib/gcc/arm-none-eabi/5.4.1/../../../../arm-none-eabi/lib/armv7-m/libg_nano.a(lib_a-vsnprintf.o)
                0x0000000008007048                vsnprintf
                0x0000000008007048                vsniprintf
 .text.quorem   0x0000000008007064      0x116 /usr/bin/../lib/gcc/arm-none-eabi/5.4.1/../../../../arm-none-eabi/lib/armv7-m/libg_nano.a(lib_a-dtoa.o)
 *fill*         0x000000000800717a        0x6 
 .text._dtoa_r  0x0000000008007180      0xb30 /usr/bin/../lib/gcc/arm-none-eabi/5.4.1/../../../../arm-none-eabi/lib/armv7-m/libg_nano.a(lib_a-dtoa.o)
                0x0000000008007180                _dtoa_r
 .text._localeconv_r
                0x0000000008007cb0       0x1c /usr/bin/../lib/gcc/arm-none-eabi/5.4.1/../../../../arm-none-eabi/lib/armv7-m/libg_nano.a(lib_a-localeconv.o)
                0x0000000008007cb0                _localeconv_r
 .text.malloc   0x0000000008007ccc       0x10 /usr/bin/../lib/gcc/arm-none-eabi/5.4.1/../../../../arm-none-eabi/lib/armv7-m/libg_nano.a(lib_a-malloc.o)
                0x0000000008007ccc                malloc
 .text.memchr   0x0000000008007cdc       0x1c /usr/bin/../lib/gcc/arm-none-eabi/5.4.1/../../../../arm-none-eabi/lib/armv7-m/libg_nano.a(lib_a-memchr-stub.o)
                0x0000000008007cdc                memchr
 .text._Balloc  0x0000000008007cf8       0x6a /usr/bin/../lib/gcc/arm-none-eabi/5.4.1/../../../../arm-none-eabi/lib/armv7-m/libg_nano.a(lib_a-mprec.o)
                0x0000000008007cf8                _Balloc
 .text._Bfree   0x0000000008007d62       0x2e /usr/bin/../lib/gcc/arm-none-eabi/5.4.1/../../../../arm-none-eabi/lib/armv7-m/libg_nano.a(lib_a-mprec.o)
                0x0000000008007d62                _Bfree
 .text.__multadd
                0x0000000008007d90       0x76 /usr/bin/../lib/gcc/arm-none-eabi/5.4.1/../../../../arm-none-eabi/lib/armv7-m/libg_nano.a(lib_a-mprec.o)
                0x0000000008007d90                __multadd
 .text.__hi0bits
                0x0000000008007e06       0x40 /usr/bin/../lib/gcc/arm-none-eabi/5.4.1/../../../../arm-none-eabi/lib/armv7-m/libg_nano.a(lib_a-mprec.o)
                0x0000000008007e06                __hi0bits
 .text.__lo0bits
                0x0000000008007e46       0x5a /usr/bin/../lib/gcc/arm-none-eabi/5.4.1/../../../../arm-none-eabi/lib/armv7-m/libg_nano.a(lib_a-mprec.o)
                0x0000000008007e46                __lo0bits
 .text.__i2b    0x0000000008007ea0       0x12 /usr/bin/../lib/gcc/arm-none-eabi/5.4.1/../../../../arm-none-eabi/lib/armv7-m/libg_nano.a(lib_a-mprec.o)
                0x0000000008007ea0                __i2b
 .text.__multiply
                0x0000000008007eb2      0x120 /usr/bin/../lib/gcc/arm-none-eabi/5.4.1/../../../../arm-none-eabi/lib/armv7-m/libg_nano.a(lib_a-mprec.o)
                0x0000000008007eb2                __multiply
 *fill*         0x0000000008007fd2        0x2 
 .text.__pow5mult
                0x0000000008007fd4       0x9c /usr/bin/../lib/gcc/arm-none-eabi/5.4.1/../../../../arm-none-eabi/lib/armv7-m/libg_nano.a(lib_a-mprec.o)
                0x0000000008007fd4                __pow5mult
 .text.__lshift
                0x0000000008008070       0xa2 /usr/bin/../lib/gcc/arm-none-eabi/5.4.1/../../../../arm-none-eabi/lib/armv7-m/libg_nano.a(lib_a-mprec.o)
                0x0000000008008070                __lshift
 .text.__mcmp   0x0000000008008112       0x38 /usr/bin/../lib/gcc/arm-none-eabi/5.4.1/../../../../arm-none-eabi/lib/armv7-m/libg_nano.a(lib_a-mprec.o)
                0x0000000008008112                __mcmp
 .text.__mdiff  0x000000000800814a       0xbe /usr/bin/../lib/gcc/arm-none-eabi/5.4.1/../../../../arm-none-eabi/lib/armv7-m/libg_nano.a(lib_a-mprec.o)
                0x000000000800814a                __mdiff
 .text.__d2b    0x0000000008008208       0x9c /usr/bin/../lib/gcc/arm-none-eabi/5.4.1/../../../../arm-none-eabi/lib/armv7-m/libg_nano.a(lib_a-mprec.o)
                0x0000000008008208                __d2b
 .text._calloc_r
                0x00000000080082a4       0x1c /usr/bin/../lib/gcc/arm-none-eabi/5.4.1/../../../../arm-none-eabi/lib/armv7-m/libg_nano.a(lib_a-nano-callocr.o)
                0x00000000080082a4                _calloc_r
 .text._free_r  0x00000000080082c0       0x98 /usr/bin/../lib/gcc/arm-none-eabi/5.4.1/../../../../arm-none-eabi/lib/armv7-m/libg_nano.a(lib_a-nano-freer.o)
                0x00000000080082c0                _free_r
 .text._malloc_r
                0x0000000008008358       0xbc /usr/bin/../lib/gcc/arm-none-eabi/5.4.1/../../../../arm-none-eabi/lib/armv7-m/libg_nano.a(lib_a-nano-mallocr.o)
                0x0000000008008358                _malloc_r
 .text.__ssputs_r
                0x0000000008008414       0xb2 /usr/bin/../lib/gcc/arm-none-eabi/5.4.1/../../../../arm-none-eabi/lib/armv7-m/libg_nano.a(lib_a-nano-svfprintf.o)
                0x0000000008008414                __ssputs_r
 *fill*         0x00000000080084c6        0x2 
 .text._svfprintf_r
                0x00000000080084c8      0x1e8 /usr/bin/../lib/gcc/arm-none-eabi/5.4.1/../../../../arm-none-eabi/lib/armv7-m/libg_nano.a(lib_a-nano-svfprintf.o)
                0x00000000080084c8                _svfprintf_r
                0x00000000080084c8                _svfiprintf_r
 .text._sbrk_r  0x00000000080086b0       0x20 /usr/bin/../lib/gcc/arm-none-eabi/5.4.1/../../../../arm-none-eabi/lib/armv7-m/libg_nano.a(lib_a-sbrkr.o)
                0x00000000080086b0                _sbrk_r
 .text.__ascii_mbtowc
                0x00000000080086d0       0x24 /usr/bin/../lib/gcc/arm-none-eabi/5.4.1/../../../../arm-none-eabi/lib/armv7-m/libg_nano.a(lib_a-mbtowc_r.o)
                0x00000000080086d0                __ascii_mbtowc
 .text.memmove  0x00000000080086f4       0x36 /usr/bin/../lib/gcc/arm-none-eabi/5.4.1/../../../../arm-none-eabi/lib/armv7-m/libg_nano.a(lib_a-memmove.o)
                0x00000000080086f4                memmove
 .text.__malloc_lock
                0x000000000800872a        0x2 /usr/bin/../lib/gcc/arm-none-eabi/5.4.1/../../../../arm-none-eabi/lib/armv7-m/libg_nano.a(lib_a-mlock.o)
                0x000000000800872a                __malloc_lock
 .text.__malloc_unlock
                0x000000000800872c        0x2 /usr/bin/../lib/gcc/arm-none-eabi/5.4.1/../../../../arm-none-eabi/lib/armv7-m/libg_nano.a(lib_a-mlock.o)
                0x000000000800872c                __malloc_unlock
 .text._realloc_r
                0x000000000800872e       0x4c /usr/bin/../lib/gcc/arm-none-eabi/5.4.1/../../../../arm-none-eabi/lib/armv7-m/libg_nano.a(lib_a-nano-reallocr.o)
                0x000000000800872e                _realloc_r
 .text.__ascii_wctomb
                0x000000000800877a       0x1a /usr/bin/../lib/gcc/arm-none-eabi/5.4.1/../../../../arm-none-eabi/lib/armv7-m/libg_nano.a(lib_a-wctomb_r.o)
                0x000000000800877a                __ascii_wctomb
 .text._malloc_usable_size_r
                0x0000000008008794       0x14 /usr/bin/../lib/gcc/arm-none-eabi/5.4.1/../../../../arm-none-eabi/lib/armv7-m/libg_nano.a(lib_a-nano-msizer.o)
                0x0000000008008794                _malloc_usable_size_r
 *(.rodata .rodata.* .constdata .constdata.*)
 .rodata.str1.4
                0x00000000080087a8       0x1a ./system/src/drivers/serial.o
 *fill*         0x00000000080087c2        0x2 
 .rodata.str1.4
                0x00000000080087c4       0x24 ./system/src/drivers/tx20.o
 .rodata.str1.4
                0x00000000080087e8      0x146 ./system/src/cortexm/exception_handlers.o
 *fill*         0x000000000800892e        0x2 
 .rodata.sin_table
                0x0000000008008930       0x80 ./system/src/aprs/afsk.o
 .rodata.crc_ccitt_tab
                0x00000000080089b0      0x200 ./system/src/aprs/crc.o
                0x00000000080089b0                crc_ccitt_tab
 .rodata.str1.4
                0x0000000008008bb0       0x1a ./system/src/aprs/digi.o
 *fill*         0x0000000008008bca        0x2 
 .rodata.str1.4
                0x0000000008008bcc       0xb4 ./system/src/aprs/telemetry.o
                                         0xbc (size before relaxing)
 .rodata.str1.4
                0x0000000008008c80        0x7 ./src/PathConfig.o
                                         0x16 (size before relaxing)
 *fill*         0x0000000008008c87        0x1 
 .rodata        0x0000000008008c88       0x1a ./src/main.o
 *fill*         0x0000000008008ca2        0x2 
 .rodata.str1.4
                0x0000000008008ca4       0x2c ./src/main.o
                                         0x2a (size before relaxing)
 .rodata.npio2_hw
                0x0000000008008cd0       0x80 /usr/bin/../lib/gcc/arm-none-eabi/5.4.1/../../../../arm-none-eabi/lib/armv7-m/libm.a(lib_a-e_rem_pio2.o)
 .rodata.two_over_pi
                0x0000000008008d50      0x108 /usr/bin/../lib/gcc/arm-none-eabi/5.4.1/../../../../arm-none-eabi/lib/armv7-m/libm.a(lib_a-e_rem_pio2.o)
 .rodata.npio2_hw
                0x0000000008008e58       0x80 /usr/bin/../lib/gcc/arm-none-eabi/5.4.1/../../../../arm-none-eabi/lib/armv7-m/libm.a(lib_a-ef_rem_pio2.o)
 .rodata.two_over_pi
                0x0000000008008ed8      0x318 /usr/bin/../lib/gcc/arm-none-eabi/5.4.1/../../../../arm-none-eabi/lib/armv7-m/libm.a(lib_a-ef_rem_pio2.o)
 .rodata.init_jk
                0x00000000080091f0       0x10 /usr/bin/../lib/gcc/arm-none-eabi/5.4.1/../../../../arm-none-eabi/lib/armv7-m/libm.a(lib_a-k_rem_pio2.o)
 .rodata.PIo2   0x0000000008009200       0x40 /usr/bin/../lib/gcc/arm-none-eabi/5.4.1/../../../../arm-none-eabi/lib/armv7-m/libm.a(lib_a-k_rem_pio2.o)
 .rodata.init_jk
                0x0000000008009240        0xc /usr/bin/../lib/gcc/arm-none-eabi/5.4.1/../../../../arm-none-eabi/lib/armv7-m/libm.a(lib_a-kf_rem_pio2.o)
 .rodata.PIo2   0x000000000800924c       0x2c /usr/bin/../lib/gcc/arm-none-eabi/5.4.1/../../../../arm-none-eabi/lib/armv7-m/libm.a(lib_a-kf_rem_pio2.o)
 .rodata.atanlo
                0x0000000008009278       0x10 /usr/bin/../lib/gcc/arm-none-eabi/5.4.1/../../../../arm-none-eabi/lib/armv7-m/libm.a(lib_a-sf_atan.o)
 .rodata.atanhi
                0x0000000008009288       0x10 /usr/bin/../lib/gcc/arm-none-eabi/5.4.1/../../../../arm-none-eabi/lib/armv7-m/libm.a(lib_a-sf_atan.o)
 .rodata.str1.1
                0x0000000008009298       0x12 /usr/bin/../lib/gcc/arm-none-eabi/5.4.1/../../../../arm-none-eabi/lib/armv7-m/libg_nano.a(lib_a-nano-vfprintf_float.o)
 .rodata.str1.1
                0x00000000080092aa       0x22 /usr/bin/../lib/gcc/arm-none-eabi/5.4.1/../../../../arm-none-eabi/lib/armv7-m/libg_nano.a(lib_a-nano-vfprintf_i.o)
 .rodata.str1.1
                0x00000000080092cc        0xd /usr/bin/../lib/gcc/arm-none-eabi/5.4.1/../../../../arm-none-eabi/lib/armv7-m/libg_nano.a(lib_a-dtoa.o)
                                          0xf (size before relaxing)
 *fill*         0x00000000080092d9        0x7 
 .rodata.__mprec_tens
                0x00000000080092e0       0xc8 /usr/bin/../lib/gcc/arm-none-eabi/5.4.1/../../../../arm-none-eabi/lib/armv7-m/libg_nano.a(lib_a-mprec.o)
                0x00000000080092e0                __mprec_tens
 .rodata.__mprec_bigtens
                0x00000000080093a8       0x28 /usr/bin/../lib/gcc/arm-none-eabi/5.4.1/../../../../arm-none-eabi/lib/armv7-m/libg_nano.a(lib_a-mprec.o)
                0x00000000080093a8                __mprec_bigtens
 .rodata.p05.6097
                0x00000000080093d0        0xc /usr/bin/../lib/gcc/arm-none-eabi/5.4.1/../../../../arm-none-eabi/lib/armv7-m/libg_nano.a(lib_a-mprec.o)
 .rodata.str1.1
                0x00000000080093dc       0x11 /usr/bin/../lib/gcc/arm-none-eabi/5.4.1/../../../../arm-none-eabi/lib/armv7-m/libg_nano.a(lib_a-nano-svfprintf.o)
 .rodata.str1.1
                0x00000000080093ed        0xa /usr/bin/../lib/gcc/arm-none-eabi/5.4.1/../../../../arm-none-eabi/lib/armv7-m/libg_nano.a(lib_a-locale.o)
                                          0xb (size before relaxing)
 .rodata._ctype_
                0x00000000080093f7      0x101 /usr/bin/../lib/gcc/arm-none-eabi/5.4.1/../../../../arm-none-eabi/lib/armv7-m/libg_nano.a(lib_a-ctype_.o)
                0x00000000080093f7                _ctype_
 *(vtable)
 *(.eh_frame*)
 *(.glue_7)
 .glue_7        0x00000000080094f8        0x0 linker stubs
 *(.glue_7t)
 .glue_7t       0x00000000080094f8        0x0 linker stubs

.vfp11_veneer   0x00000000080094f8        0x0
 .vfp11_veneer  0x00000000080094f8        0x0 linker stubs

.v4_bx          0x00000000080094f8        0x0
 .v4_bx         0x00000000080094f8        0x0 linker stubs

.iplt           0x00000000080094f8        0x0
 .iplt          0x00000000080094f8        0x0 ./system/src/stm32f1-stdperiph/misc.o

.rel.dyn        0x00000000080094f8        0x0
 .rel.iplt      0x00000000080094f8        0x0 ./system/src/stm32f1-stdperiph/misc.o

.ARM.extab
 *(.ARM.extab* .gnu.linkonce.armextab.*)
                0x00000000080094f8                . = ALIGN (0x4)
                0x00000000080094f8                __exidx_start = .

.ARM.exidx
 *(.ARM.exidx* .gnu.linkonce.armexidx.*)
                0x00000000080094f8                __exidx_end = .
                0x00000000080094f8                . = ALIGN (0x4)
                0x00000000080094f8                _etext = .
                0x00000000080094f8                __etext = .

.data_CCMRAM    0x0000000000000000        0x0 load address 0x00000000080094f8
 FILL mask 0xff
 *(.data.CCMRAM .data.CCMRAM.*)
                0x0000000000000000                . = ALIGN (0x4)
                0x00000000080094f8                _sidata = LOADADDR (.data)

.data           0x0000000020000000      0x210 load address 0x00000000080094f8
 FILL mask 0xff
                0x0000000020000000                _sdata = .
                0x0000000020000000                __data_start__ = .
 *(.data_begin .data_begin.*)
 .data_begin    0x0000000020000000        0x4 ./system/src/newlib/_startup.o
 *(.data .data.*)
 .data.ADCPrescTable
                0x0000000020000004        0x4 ./system/src/stm32f1-stdperiph/stm32f10x_rcc.o
 .data.APBAHBPrescTable
                0x0000000020000008       0x10 ./system/src/stm32f1-stdperiph/stm32f10x_rcc.o
 .data.argv.4290
                0x0000000020000018        0x8 ./system/src/newlib/_syscalls.o
 .data.srlIdle  0x0000000020000020        0x4 ./system/src/drivers/serial.o
                0x0000000020000020                srlIdle
 .data.AHBPrescTable
                0x0000000020000024       0x10 ./system/src/cmsis/system_stm32f10x.o
                0x0000000020000024                AHBPrescTable
 .data.SystemCoreClock
                0x0000000020000034        0x4 ./system/src/cmsis/system_stm32f10x.o
                0x0000000020000034                SystemCoreClock
 .data.BcnI     0x0000000020000038        0x1 ./src/main.o
                0x0000000020000038                BcnI
 .data.TelemI   0x0000000020000039        0x1 ./src/main.o
                0x0000000020000039                TelemI
 *fill*         0x000000002000003a        0x2 ff
 .data.impure_data
                0x000000002000003c       0x60 /usr/bin/../lib/gcc/arm-none-eabi/5.4.1/../../../../arm-none-eabi/lib/armv7-m/libg_nano.a(lib_a-impure.o)
 .data._impure_ptr
                0x000000002000009c        0x4 /usr/bin/../lib/gcc/arm-none-eabi/5.4.1/../../../../arm-none-eabi/lib/armv7-m/libg_nano.a(lib_a-impure.o)
                0x000000002000009c                _impure_ptr
 .data.__global_locale
                0x00000000200000a0      0x16c /usr/bin/../lib/gcc/arm-none-eabi/5.4.1/../../../../arm-none-eabi/lib/armv7-m/libg_nano.a(lib_a-locale.o)
                0x00000000200000a0                __global_locale
 *(.data_end .data_end.*)
 .data_end      0x000000002000020c        0x4 ./system/src/newlib/_startup.o
                0x0000000020000210                . = ALIGN (0x4)
                0x0000000020000210                _edata = .
                0x0000000020000210                __data_end__ = .

.igot.plt       0x0000000020000210        0x0 load address 0x0000000008009708
 .igot.plt      0x0000000020000210        0x0 ./system/src/stm32f1-stdperiph/misc.o

.bss_CCMRAM     0x0000000000000000        0x0
 *(.bss.CCMRAM .bss.CCMRAM.*)

.bss            0x0000000020000210      0xc3c
                0x0000000020000210                __bss_start__ = .
                0x0000000020000210                _sbss = .
 *(.bss_begin .bss_begin.*)
 .bss_begin     0x0000000020000210        0x4 ./system/src/newlib/_startup.o
 *(.bss .bss.*)
 .bss.current_heap_end.3974
                0x0000000020000214        0x4 ./system/src/newlib/_sbrk.o
 .bss.name.4289
                0x0000000020000218        0x1 ./system/src/newlib/_syscalls.o
 .bss.dht22State
                0x0000000020000219        0x1 ./system/src/drivers/_dht22.o
                0x0000000020000219                dht22State
 *fill*         0x000000002000021a        0x2 
 .bss.delay_5us
                0x000000002000021c        0x4 ./system/src/drivers/dallas.o
                0x000000002000021c                delay_5us
 .bss.timm      0x0000000020000220        0x1 ./system/src/drivers/dallas.o
                0x0000000020000220                timm
 *fill*         0x0000000020000221        0x3 
 .bss.i2cTXData
                0x0000000020000224       0x80 ./system/src/drivers/i2c.o
                0x0000000020000224                i2cTXData
 .bss.i2cTXQueueLen
                0x00000000200002a4        0x4 ./system/src/drivers/i2c.o
                0x00000000200002a4                i2cTXQueueLen
 .bss.i2cRXing  0x00000000200002a8        0x4 ./system/src/drivers/i2c.o
                0x00000000200002a8                i2cRXing
 .bss.i2cRemoteAddr
                0x00000000200002ac        0x4 ./system/src/drivers/i2c.o
                0x00000000200002ac                i2cRemoteAddr
 .bss.i2cRXBytesNumber
                0x00000000200002b0        0x4 ./system/src/drivers/i2c.o
                0x00000000200002b0                i2cRXBytesNumber
 .bss.i2cRXData
                0x00000000200002b4       0x80 ./system/src/drivers/i2c.o
                0x00000000200002b4                i2cRXData
 .bss.i2cTRXDataCounter
                0x0000000020000334        0x4 ./system/src/drivers/i2c.o
                0x0000000020000334                i2cTRXDataCounter
 .bss.i2cTXing  0x0000000020000338        0x4 ./system/src/drivers/i2c.o
                0x0000000020000338                i2cTXing
 .bss.i2cErrorCounter
                0x000000002000033c        0x4 ./system/src/drivers/i2c.o
                0x000000002000033c                i2cErrorCounter
 .bss.srlRXing  0x0000000020000340        0x4 ./system/src/drivers/serial.o
                0x0000000020000340                srlRXing
 .bss.srlRXData
                0x0000000020000344       0x80 ./system/src/drivers/serial.o
                0x0000000020000344                srlRXData
 .bss.srlLenAddr
                0x00000000200003c4        0x1 ./system/src/drivers/serial.o
                0x00000000200003c4                srlLenAddr
 .bss.srlEchoOn
                0x00000000200003c5        0x1 ./system/src/drivers/serial.o
                0x00000000200003c5                srlEchoOn
 .bss.srlStopChar
                0x00000000200003c6        0x1 ./system/src/drivers/serial.o
                0x00000000200003c6                srlStopChar
 *fill*         0x00000000200003c7        0x1 
 .bss.srlTXing  0x00000000200003c8        0x4 ./system/src/drivers/serial.o
                0x00000000200003c8                srlTXing
 .bss.srlStartChar
                0x00000000200003cc        0x1 ./system/src/drivers/serial.o
                0x00000000200003cc                srlStartChar
 *fill*         0x00000000200003cd        0x3 
 .bss.srlTXData
                0x00000000200003d0       0x80 ./system/src/drivers/serial.o
                0x00000000200003d0                srlTXData
 .bss.srlLenModif
                0x0000000020000450        0x1 ./system/src/drivers/serial.o
                0x0000000020000450                srlLenModif
 *fill*         0x0000000020000451        0x3 
 .bss.srlTXQueueLen
                0x0000000020000454        0x4 ./system/src/drivers/serial.o
                0x0000000020000454                srlTXQueueLen
 .bss.srlRXBytesNum
                0x0000000020000458        0x4 ./system/src/drivers/serial.o
                0x0000000020000458                srlRXBytesNum
 .bss.srlTRXDataCounter
                0x000000002000045c        0x4 ./system/src/drivers/serial.o
                0x000000002000045c                srlTRXDataCounter
 .bss.buf.5179  0x0000000020000460       0x80 ./system/src/diag/Trace.o
 .bss.corr_mark_i
                0x00000000200004e0       0x10 ./system/src/aprs/afsk.o
 .bss.corr_mark_q
                0x00000000200004f0       0x10 ./system/src/aprs/afsk.o
 .bss.ptr       0x0000000020000500        0x1 ./system/src/aprs/afsk.o
 *fill*         0x0000000020000501        0x3 
 .bss.corr_space_i
                0x0000000020000504       0x10 ./system/src/aprs/afsk.o
 .bss.corr_space_q
                0x0000000020000514       0x10 ./system/src/aprs/afsk.o
 .bss.data      0x0000000020000524       0x10 ./system/src/aprs/afsk.o
 .bss.digi_q    0x0000000020000534        0x1 ./system/src/aprs/digi.o
                0x0000000020000534                digi_q
 *fill*         0x0000000020000535        0x3 
 .bss.jj        0x0000000020000538        0x4 ./system/src/aprs/telemetry.o
                0x0000000020000538                jj
 .bss.adc_sample_count
                0x000000002000053c        0x1 ./src/it_handlers.o
                0x000000002000053c                adc_sample_count
 .bss.adc_sample_c2
                0x000000002000053d        0x1 ./src/it_handlers.o
                0x000000002000053d                adc_sample_c2
 .bss.BcnInterval
                0x000000002000053e        0x1 ./src/main.o
                0x000000002000053e                BcnInterval
 *fill*         0x000000002000053f        0x1 
 .bss.ax25      0x0000000020000540      0x164 ./src/main.o
                0x0000000020000540                ax25
 .bss.aprs_msg  0x00000000200006a4       0x80 ./src/main.o
                0x00000000200006a4                aprs_msg
 .bss.tx10m     0x0000000020000724        0x2 ./src/main.o
                0x0000000020000724                tx10m
 *fill*         0x0000000020000726        0x2 
 .bss.temperature
                0x0000000020000728        0x4 ./src/main.o
                0x0000000020000728                temperature
 .bss.path      0x000000002000072c       0x15 ./src/main.o
                0x000000002000072c                path
 .bss.TelemInterval
                0x0000000020000741        0x1 ./src/main.o
                0x0000000020000741                TelemInterval
 .bss.WXInterval
                0x0000000020000742        0x1 ./src/main.o
                0x0000000020000742                WXInterval
 *fill*         0x0000000020000743        0x1 
 .bss.t         0x0000000020000744        0x4 ./src/main.o
                0x0000000020000744                t
 .bss.aprs_msg_len
                0x0000000020000748        0x1 ./src/main.o
                0x0000000020000748                aprs_msg_len
 *fill*         0x0000000020000749        0x1 
 .bss.digi10m   0x000000002000074a        0x2 ./src/main.o
                0x000000002000074a                digi10m
 .bss.path_len  0x000000002000074c        0x1 ./src/main.o
                0x000000002000074c                path_len
 *fill*         0x000000002000074d        0x3 
 .bss.a         0x0000000020000750      0x344 ./src/main.o
                0x0000000020000750                a
 .bss.dht       0x0000000020000a94        0x6 ./src/main.o
                0x0000000020000a94                dht
 .bss.after_tx_lock
                0x0000000020000a9a        0x1 ./src/main.o
                0x0000000020000a9a                after_tx_lock
 *fill*         0x0000000020000a9b        0x1 
 .bss.rx10m     0x0000000020000a9c        0x2 ./src/main.o
                0x0000000020000a9c                rx10m
 *fill*         0x0000000020000a9e        0x2 
 .bss.td        0x0000000020000aa0        0x4 ./src/main.o
                0x0000000020000aa0                td
 .bss.__malloc_sbrk_start
                0x0000000020000aa4        0x4 /usr/bin/../lib/gcc/arm-none-eabi/5.4.1/../../../../arm-none-eabi/lib/armv7-m/libg_nano.a(lib_a-nano-mallocr.o)
                0x0000000020000aa4                __malloc_sbrk_start
 .bss.__malloc_free_list
                0x0000000020000aa8        0x4 /usr/bin/../lib/gcc/arm-none-eabi/5.4.1/../../../../arm-none-eabi/lib/armv7-m/libg_nano.a(lib_a-nano-mallocr.o)
                0x0000000020000aa8                __malloc_free_list
 *(COMMON)
 COMMON         0x0000000020000aac        0x4 ./system/src/newlib/_syscalls.o
                0x0000000020000aac                errno
 COMMON         0x0000000020000ab0       0x50 ./system/src/drivers/_dht22.o
                0x0000000020000ab0                PORT_out
                0x0000000020000ab4                bitsDuration
                0x0000000020000ae0                exti_disable
                0x0000000020000ae8                exti
                0x0000000020000af0                currentBit
                0x0000000020000af4                bytes
                0x0000000020000afc                PORT_in
 COMMON         0x0000000020000b00       0x20 ./system/src/drivers/dallas.o
                0x0000000020000b00                dallas
 COMMON         0x0000000020000b20        0x2 ./system/src/drivers/serial.o
                0x0000000020000b20                srlRxDummy
                0x0000000020000b21                srlStartStopS
 *fill*         0x0000000020000b22        0x6 
 COMMON         0x0000000020000b28      0x170 ./system/src/drivers/tx20.o
                0x0000000020000b28                TX20
 COMMON         0x0000000020000c98      0x1a1 ./system/src/aprs/ax25.o
                0x0000000020000c98                msg
                0x0000000020000e38                new_msg_rx
 *fill*         0x0000000020000e39        0x3 
 COMMON         0x0000000020000e3c        0xa ./src/it_handlers.o
                0x0000000020000e3c                AdcBuffer
                0x0000000020000e44                AdcValue
 *(.bss_end .bss_end.*)
 *fill*         0x0000000020000e46        0x2 
 .bss_end       0x0000000020000e48        0x4 ./system/src/newlib/_startup.o
                0x0000000020000e4c                . = ALIGN (0x4)
                0x0000000020000e4c                __bss_end__ = .
                0x0000000020000e4c                _ebss = .

.noinit_CCMRAM
 *(.noinit.CCMRAM .noinit.CCMRAM.*)

.noinit         0x0000000020000e4c        0x0
                0x0000000020000e4c                _noinit = .
 *(.noinit .noinit.*)
                0x0000000020000e4c                . = ALIGN (0x4)
                0x0000000020000e4c                _end_noinit = .
                [!provide]                        PROVIDE (end, _end_noinit)
                [!provide]                        PROVIDE (_end, _end_noinit)
                [!provide]                        PROVIDE (__end, _end_noinit)
                [!provide]                        PROVIDE (__end__, _end_noinit)

._check_stack   0x0000000020000e4c      0x100
                0x0000000020000f4c                . = (. + _Minimum_Stack_Size)
 *fill*         0x0000000020000e4c      0x100 

.b1text
 *(.b1text)
 *(.b1rodata)
 *(.b1rodata.*)

.eb0text
 *(.eb0text)
 *(.eb0rodata)
 *(.eb0rodata.*)

.eb1text
 *(.eb1text)
 *(.eb1rodata)
 *(.eb1rodata.*)

.eb2text
 *(.eb2text)
 *(.eb2rodata)
 *(.eb2rodata.*)

.eb3text
 *(.eb3text)
 *(.eb3rodata)
 *(.eb3rodata.*)

.stab
 *(.stab)

.stabstr
 *(.stabstr)

.stab.excl
 *(.stab.excl)

.stab.exclstr
 *(.stab.exclstr)

.stab.index
 *(.stab.index)

.stab.indexstr
 *(.stab.indexstr)

.comment        0x0000000000000000       0x6e
 *(.comment)
 .comment       0x0000000000000000       0x6e ./system/src/stm32f1-stdperiph/stm32f10x_exti.o
                                         0x6f (size before relaxing)
 .comment       0x000000000000006e       0x6f ./system/src/stm32f1-stdperiph/stm32f10x_gpio.o
 .comment       0x000000000000006e       0x6f ./system/src/stm32f1-stdperiph/stm32f10x_rcc.o
 .comment       0x000000000000006e       0x6f ./system/src/stm32f1-stdperiph/stm32f10x_usart.o
 .comment       0x000000000000006e       0x6f ./system/src/newlib/_exit.o
 .comment       0x000000000000006e       0x6f ./system/src/newlib/_sbrk.o
 .comment       0x000000000000006e       0x6f ./system/src/newlib/_startup.o
 .comment       0x000000000000006e       0x6f ./system/src/newlib/_syscalls.o
 .comment       0x000000000000006e       0x6f ./system/src/drivers/_dht22.o
 .comment       0x000000000000006e       0x6f ./system/src/drivers/dallas.o
 .comment       0x000000000000006e       0x6f ./system/src/drivers/gpio_conf.o
 .comment       0x000000000000006e       0x6f ./system/src/drivers/i2c.o
 .comment       0x000000000000006e       0x6f ./system/src/drivers/serial.o
 .comment       0x000000000000006e       0x6f ./system/src/drivers/tx20.o
 .comment       0x000000000000006e       0x6f ./system/src/diag/Trace.o
 .comment       0x000000000000006e       0x6f ./system/src/diag/trace_impl.o
 .comment       0x000000000000006e       0x6f ./system/src/cortexm/_initialize_hardware.o
 .comment       0x000000000000006e       0x6f ./system/src/cortexm/exception_handlers.o
 .comment       0x000000000000006e       0x6f ./system/src/cmsis/system_stm32f10x.o
 .comment       0x000000000000006e       0x6f ./system/src/cmsis/vectors_stm32f10x.o
 .comment       0x000000000000006e       0x6f ./system/src/aprs/adc.o
 .comment       0x000000000000006e       0x6f ./system/src/aprs/afsk.o
 .comment       0x000000000000006e       0x6f ./system/src/aprs/afsk_pr.o
 .comment       0x000000000000006e       0x6f ./system/src/aprs/ax25.o
 .comment       0x000000000000006e       0x6f ./system/src/aprs/crc.o
 .comment       0x000000000000006e       0x6f ./system/src/aprs/dac.o
 .comment       0x000000000000006e       0x6f ./system/src/aprs/digi.o
 .comment       0x000000000000006e       0x6f ./system/src/aprs/telemetry.o
 .comment       0x000000000000006e       0x6f ./src/KissCommunication.o
 .comment       0x000000000000006e       0x6f ./src/LedConfig.o
 .comment       0x000000000000006e       0x6f ./src/PathConfig.o
 .comment       0x000000000000006e       0x6f ./src/TimerConfig.o
 .comment       0x000000000000006e       0x6f ./src/it_handlers.o
 .comment       0x000000000000006e       0x6f ./src/main.o

.ARM.attributes
                0x0000000000000000       0x31
 .ARM.attributes
                0x0000000000000000       0x33 ./system/src/stm32f1-stdperiph/stm32f10x_exti.o
 .ARM.attributes
                0x0000000000000033       0x33 ./system/src/stm32f1-stdperiph/stm32f10x_gpio.o
 .ARM.attributes
                0x0000000000000066       0x33 ./system/src/stm32f1-stdperiph/stm32f10x_rcc.o
 .ARM.attributes
                0x0000000000000099       0x33 ./system/src/stm32f1-stdperiph/stm32f10x_usart.o
 .ARM.attributes
                0x00000000000000cc       0x33 ./system/src/newlib/_exit.o
 .ARM.attributes
                0x00000000000000ff       0x33 ./system/src/newlib/_sbrk.o
 .ARM.attributes
                0x0000000000000132       0x33 ./system/src/newlib/_startup.o
 .ARM.attributes
                0x0000000000000165       0x33 ./system/src/newlib/_syscalls.o
 .ARM.attributes
                0x0000000000000198       0x33 ./system/src/drivers/_dht22.o
 .ARM.attributes
                0x00000000000001cb       0x33 ./system/src/drivers/dallas.o
 .ARM.attributes
                0x00000000000001fe       0x33 ./system/src/drivers/gpio_conf.o
 .ARM.attributes
                0x0000000000000231       0x33 ./system/src/drivers/i2c.o
 .ARM.attributes
                0x0000000000000264       0x33 ./system/src/drivers/serial.o
 .ARM.attributes
                0x0000000000000297       0x33 ./system/src/drivers/tx20.o
 .ARM.attributes
                0x00000000000002ca       0x33 ./system/src/diag/Trace.o
 .ARM.attributes
                0x00000000000002fd       0x33 ./system/src/diag/trace_impl.o
 .ARM.attributes
                0x0000000000000330       0x33 ./system/src/cortexm/_initialize_hardware.o
 .ARM.attributes
                0x0000000000000363       0x33 ./system/src/cortexm/exception_handlers.o
 .ARM.attributes
                0x0000000000000396       0x33 ./system/src/cmsis/system_stm32f10x.o
 .ARM.attributes
                0x00000000000003c9       0x33 ./system/src/cmsis/vectors_stm32f10x.o
 .ARM.attributes
                0x00000000000003fc       0x33 ./system/src/aprs/adc.o
 .ARM.attributes
                0x000000000000042f       0x33 ./system/src/aprs/afsk.o
 .ARM.attributes
                0x0000000000000462       0x33 ./system/src/aprs/afsk_pr.o
 .ARM.attributes
                0x0000000000000495       0x33 ./system/src/aprs/ax25.o
 .ARM.attributes
                0x00000000000004c8       0x33 ./system/src/aprs/crc.o
 .ARM.attributes
                0x00000000000004fb       0x33 ./system/src/aprs/dac.o
 .ARM.attributes
                0x000000000000052e       0x33 ./system/src/aprs/digi.o
 .ARM.attributes
                0x0000000000000561       0x33 ./system/src/aprs/telemetry.o
 .ARM.attributes
                0x0000000000000594       0x33 ./src/KissCommunication.o
 .ARM.attributes
                0x00000000000005c7       0x33 ./src/LedConfig.o
 .ARM.attributes
                0x00000000000005fa       0x33 ./src/PathConfig.o
 .ARM.attributes
                0x000000000000062d       0x33 ./src/TimerConfig.o
 .ARM.attributes
                0x0000000000000660       0x33 ./src/it_handlers.o
 .ARM.attributes
                0x0000000000000693       0x33 ./src/main.o
 .ARM.attributes
                0x00000000000006c6       0x2d /usr/bin/../lib/gcc/arm-none-eabi/5.4.1/../../../../arm-none-eabi/lib/armv7-m/libm.a(lib_a-s_cos.o)
 .ARM.attributes
                0x00000000000006f3       0x2d /usr/bin/../lib/gcc/arm-none-eabi/5.4.1/../../../../arm-none-eabi/lib/armv7-m/libm.a(lib_a-s_sin.o)
 .ARM.attributes
                0x0000000000000720       0x2d /usr/bin/../lib/gcc/arm-none-eabi/5.4.1/../../../../arm-none-eabi/lib/armv7-m/libm.a(lib_a-sf_cos.o)
 .ARM.attributes
                0x000000000000074d       0x2d /usr/bin/../lib/gcc/arm-none-eabi/5.4.1/../../../../arm-none-eabi/lib/armv7-m/libm.a(lib_a-sf_sin.o)
 .ARM.attributes
                0x000000000000077a       0x2d /usr/bin/../lib/gcc/arm-none-eabi/5.4.1/../../../../arm-none-eabi/lib/armv7-m/libm.a(lib_a-wf_atan2.o)
 .ARM.attributes
                0x00000000000007a7       0x2d /usr/bin/../lib/gcc/arm-none-eabi/5.4.1/../../../../arm-none-eabi/lib/armv7-m/libm.a(lib_a-e_rem_pio2.o)
 .ARM.attributes
                0x00000000000007d4       0x2d /usr/bin/../lib/gcc/arm-none-eabi/5.4.1/../../../../arm-none-eabi/lib/armv7-m/libm.a(lib_a-ef_atan2.o)
 .ARM.attributes
                0x0000000000000801       0x2d /usr/bin/../lib/gcc/arm-none-eabi/5.4.1/../../../../arm-none-eabi/lib/armv7-m/libm.a(lib_a-ef_rem_pio2.o)
 .ARM.attributes
                0x000000000000082e       0x2d /usr/bin/../lib/gcc/arm-none-eabi/5.4.1/../../../../arm-none-eabi/lib/armv7-m/libm.a(lib_a-k_cos.o)
 .ARM.attributes
                0x000000000000085b       0x2d /usr/bin/../lib/gcc/arm-none-eabi/5.4.1/../../../../arm-none-eabi/lib/armv7-m/libm.a(lib_a-k_rem_pio2.o)
 .ARM.attributes
                0x0000000000000888       0x2d /usr/bin/../lib/gcc/arm-none-eabi/5.4.1/../../../../arm-none-eabi/lib/armv7-m/libm.a(lib_a-k_sin.o)
 .ARM.attributes
                0x00000000000008b5       0x2d /usr/bin/../lib/gcc/arm-none-eabi/5.4.1/../../../../arm-none-eabi/lib/armv7-m/libm.a(lib_a-kf_cos.o)
 .ARM.attributes
                0x00000000000008e2       0x2d /usr/bin/../lib/gcc/arm-none-eabi/5.4.1/../../../../arm-none-eabi/lib/armv7-m/libm.a(lib_a-kf_rem_pio2.o)
 .ARM.attributes
                0x000000000000090f       0x2d /usr/bin/../lib/gcc/arm-none-eabi/5.4.1/../../../../arm-none-eabi/lib/armv7-m/libm.a(lib_a-kf_sin.o)
 .ARM.attributes
                0x000000000000093c       0x2d /usr/bin/../lib/gcc/arm-none-eabi/5.4.1/../../../../arm-none-eabi/lib/armv7-m/libm.a(lib_a-s_fabs.o)
 .ARM.attributes
                0x0000000000000969       0x2d /usr/bin/../lib/gcc/arm-none-eabi/5.4.1/../../../../arm-none-eabi/lib/armv7-m/libm.a(lib_a-s_floor.o)
 .ARM.attributes
                0x0000000000000996       0x2d /usr/bin/../lib/gcc/arm-none-eabi/5.4.1/../../../../arm-none-eabi/lib/armv7-m/libm.a(lib_a-s_scalbn.o)
 .ARM.attributes
                0x00000000000009c3       0x2d /usr/bin/../lib/gcc/arm-none-eabi/5.4.1/../../../../arm-none-eabi/lib/armv7-m/libm.a(lib_a-sf_atan.o)
 .ARM.attributes
                0x00000000000009f0       0x2d /usr/bin/../lib/gcc/arm-none-eabi/5.4.1/../../../../arm-none-eabi/lib/armv7-m/libm.a(lib_a-sf_fabs.o)
 .ARM.attributes
                0x0000000000000a1d       0x2d /usr/bin/../lib/gcc/arm-none-eabi/5.4.1/../../../../arm-none-eabi/lib/armv7-m/libm.a(lib_a-sf_floor.o)
 .ARM.attributes
                0x0000000000000a4a       0x2d /usr/bin/../lib/gcc/arm-none-eabi/5.4.1/../../../../arm-none-eabi/lib/armv7-m/libm.a(lib_a-sf_scalbn.o)
 .ARM.attributes
                0x0000000000000a77       0x2d /usr/bin/../lib/gcc/arm-none-eabi/5.4.1/../../../../arm-none-eabi/lib/armv7-m/libm.a(lib_a-s_copysign.o)
 .ARM.attributes
                0x0000000000000aa4       0x2d /usr/bin/../lib/gcc/arm-none-eabi/5.4.1/../../../../arm-none-eabi/lib/armv7-m/libm.a(lib_a-sf_copysign.o)
 .ARM.attributes
                0x0000000000000ad1       0x1d /usr/bin/../lib/gcc/arm-none-eabi/5.4.1/armv7-m/libgcc.a(_arm_addsubdf3.o)
 .ARM.attributes
                0x0000000000000aee       0x1d /usr/bin/../lib/gcc/arm-none-eabi/5.4.1/armv7-m/libgcc.a(_arm_muldivdf3.o)
 .ARM.attributes
                0x0000000000000b0b       0x1d /usr/bin/../lib/gcc/arm-none-eabi/5.4.1/armv7-m/libgcc.a(_arm_cmpdf2.o)
 .ARM.attributes
                0x0000000000000b28       0x1d /usr/bin/../lib/gcc/arm-none-eabi/5.4.1/armv7-m/libgcc.a(_arm_unorddf2.o)
 .ARM.attributes
                0x0000000000000b45       0x1d /usr/bin/../lib/gcc/arm-none-eabi/5.4.1/armv7-m/libgcc.a(_arm_fixdfsi.o)
 .ARM.attributes
                0x0000000000000b62       0x1d /usr/bin/../lib/gcc/arm-none-eabi/5.4.1/armv7-m/libgcc.a(_arm_truncdfsf2.o)
 .ARM.attributes
                0x0000000000000b7f       0x1d /usr/bin/../lib/gcc/arm-none-eabi/5.4.1/armv7-m/libgcc.a(_arm_addsubsf3.o)
 .ARM.attributes
                0x0000000000000b9c       0x1d /usr/bin/../lib/gcc/arm-none-eabi/5.4.1/armv7-m/libgcc.a(_arm_muldivsf3.o)
 .ARM.attributes
                0x0000000000000bb9       0x1d /usr/bin/../lib/gcc/arm-none-eabi/5.4.1/armv7-m/libgcc.a(_arm_cmpsf2.o)
 .ARM.attributes
                0x0000000000000bd6       0x1d /usr/bin/../lib/gcc/arm-none-eabi/5.4.1/armv7-m/libgcc.a(_arm_fixsfsi.o)
 .ARM.attributes
                0x0000000000000bf3       0x2d /usr/bin/../lib/gcc/arm-none-eabi/5.4.1/../../../../arm-none-eabi/lib/armv7-m/libg_nano.a(lib_a-errno.o)
 .ARM.attributes
                0x0000000000000c20       0x2d /usr/bin/../lib/gcc/arm-none-eabi/5.4.1/../../../../arm-none-eabi/lib/armv7-m/libg_nano.a(lib_a-impure.o)
 .ARM.attributes
                0x0000000000000c4d       0x2d /usr/bin/../lib/gcc/arm-none-eabi/5.4.1/../../../../arm-none-eabi/lib/armv7-m/libg_nano.a(lib_a-memcpy-stub.o)
 .ARM.attributes
                0x0000000000000c7a       0x2d /usr/bin/../lib/gcc/arm-none-eabi/5.4.1/../../../../arm-none-eabi/lib/armv7-m/libg_nano.a(lib_a-memset.o)
 .ARM.attributes
                0x0000000000000ca7       0x2d /usr/bin/../lib/gcc/arm-none-eabi/5.4.1/../../../../arm-none-eabi/lib/armv7-m/libg_nano.a(lib_a-nano-vfprintf_float.o)
 .ARM.attributes
                0x0000000000000cd4       0x2d /usr/bin/../lib/gcc/arm-none-eabi/5.4.1/../../../../arm-none-eabi/lib/armv7-m/libg_nano.a(lib_a-nano-vfprintf_i.o)
 .ARM.attributes
                0x0000000000000d01       0x2d /usr/bin/../lib/gcc/arm-none-eabi/5.4.1/../../../../arm-none-eabi/lib/armv7-m/libg_nano.a(lib_a-snprintf.o)
 .ARM.attributes
                0x0000000000000d2e       0x2d /usr/bin/../lib/gcc/arm-none-eabi/5.4.1/../../../../arm-none-eabi/lib/armv7-m/libg_nano.a(lib_a-sprintf.o)
 .ARM.attributes
                0x0000000000000d5b       0x1b /usr/bin/../lib/gcc/arm-none-eabi/5.4.1/../../../../arm-none-eabi/lib/armv7-m/libg_nano.a(lib_a-strcmp.o)
 .ARM.attributes
                0x0000000000000d76       0x2d /usr/bin/../lib/gcc/arm-none-eabi/5.4.1/../../../../arm-none-eabi/lib/armv7-m/libg_nano.a(lib_a-strcpy.o)
 .ARM.attributes
                0x0000000000000da3       0x17 /usr/bin/../lib/gcc/arm-none-eabi/5.4.1/../../../../arm-none-eabi/lib/armv7-m/libg_nano.a(lib_a-strlen.o)
 .ARM.attributes
                0x0000000000000dba       0x2d /usr/bin/../lib/gcc/arm-none-eabi/5.4.1/../../../../arm-none-eabi/lib/armv7-m/libg_nano.a(lib_a-vsnprintf.o)
 .ARM.attributes
                0x0000000000000de7       0x2d /usr/bin/../lib/gcc/arm-none-eabi/5.4.1/../../../../arm-none-eabi/lib/armv7-m/libg_nano.a(lib_a-dtoa.o)
 .ARM.attributes
                0x0000000000000e14       0x2d /usr/bin/../lib/gcc/arm-none-eabi/5.4.1/../../../../arm-none-eabi/lib/armv7-m/libg_nano.a(lib_a-localeconv.o)
 .ARM.attributes
                0x0000000000000e41       0x2d /usr/bin/../lib/gcc/arm-none-eabi/5.4.1/../../../../arm-none-eabi/lib/armv7-m/libg_nano.a(lib_a-malloc.o)
 .ARM.attributes
                0x0000000000000e6e       0x2d /usr/bin/../lib/gcc/arm-none-eabi/5.4.1/../../../../arm-none-eabi/lib/armv7-m/libg_nano.a(lib_a-memchr-stub.o)
 .ARM.attributes
                0x0000000000000e9b       0x2d /usr/bin/../lib/gcc/arm-none-eabi/5.4.1/../../../../arm-none-eabi/lib/armv7-m/libg_nano.a(lib_a-mprec.o)
 .ARM.attributes
                0x0000000000000ec8       0x2d /usr/bin/../lib/gcc/arm-none-eabi/5.4.1/../../../../arm-none-eabi/lib/armv7-m/libg_nano.a(lib_a-nano-callocr.o)
 .ARM.attributes
                0x0000000000000ef5       0x2d /usr/bin/../lib/gcc/arm-none-eabi/5.4.1/../../../../arm-none-eabi/lib/armv7-m/libg_nano.a(lib_a-nano-freer.o)
 .ARM.attributes
                0x0000000000000f22       0x2d /usr/bin/../lib/gcc/arm-none-eabi/5.4.1/../../../../arm-none-eabi/lib/armv7-m/libg_nano.a(lib_a-nano-mallocr.o)
 .ARM.attributes
                0x0000000000000f4f       0x2d /usr/bin/../lib/gcc/arm-none-eabi/5.4.1/../../../../arm-none-eabi/lib/armv7-m/libg_nano.a(lib_a-nano-svfprintf.o)
 .ARM.attributes
                0x0000000000000f7c       0x2d /usr/bin/../lib/gcc/arm-none-eabi/5.4.1/../../../../arm-none-eabi/lib/armv7-m/libg_nano.a(lib_a-sbrkr.o)
 .ARM.attributes
                0x0000000000000fa9       0x2d /usr/bin/../lib/gcc/arm-none-eabi/5.4.1/../../../../arm-none-eabi/lib/armv7-m/libg_nano.a(lib_a-locale.o)
 .ARM.attributes
                0x0000000000000fd6       0x2d /usr/bin/../lib/gcc/arm-none-eabi/5.4.1/../../../../arm-none-eabi/lib/armv7-m/libg_nano.a(lib_a-mbtowc_r.o)
 .ARM.attributes
                0x0000000000001003       0x2d /usr/bin/../lib/gcc/arm-none-eabi/5.4.1/../../../../arm-none-eabi/lib/armv7-m/libg_nano.a(lib_a-memmove.o)
 .ARM.attributes
                0x0000000000001030       0x2d /usr/bin/../lib/gcc/arm-none-eabi/5.4.1/../../../../arm-none-eabi/lib/armv7-m/libg_nano.a(lib_a-mlock.o)
 .ARM.attributes
                0x000000000000105d       0x2d /usr/bin/../lib/gcc/arm-none-eabi/5.4.1/../../../../arm-none-eabi/lib/armv7-m/libg_nano.a(lib_a-nano-reallocr.o)
 .ARM.attributes
                0x000000000000108a       0x2d /usr/bin/../lib/gcc/arm-none-eabi/5.4.1/../../../../arm-none-eabi/lib/armv7-m/libg_nano.a(lib_a-wctomb_r.o)
 .ARM.attributes
                0x00000000000010b7       0x2d /usr/bin/../lib/gcc/arm-none-eabi/5.4.1/../../../../arm-none-eabi/lib/armv7-m/libg_nano.a(lib_a-ctype_.o)
 .ARM.attributes
                0x00000000000010e4       0x2d /usr/bin/../lib/gcc/arm-none-eabi/5.4.1/../../../../arm-none-eabi/lib/armv7-m/libg_nano.a(lib_a-nano-msizer.o)

.debug
 *(.debug)

.line
 *(.line)

.debug_srcinfo
 *(.debug_srcinfo)

.debug_sfnames
 *(.debug_sfnames)

.debug_aranges  0x0000000000000000      0x9c8
 *(.debug_aranges)
 .debug_aranges
                0x0000000000000000       0x58 ./system/src/stm32f1-stdperiph/stm32f10x_exti.o
 .debug_aranges
                0x0000000000000058       0xa8 ./system/src/stm32f1-stdperiph/stm32f10x_gpio.o
 .debug_aranges
                0x0000000000000100      0x120 ./system/src/stm32f1-stdperiph/stm32f10x_rcc.o
 .debug_aranges
                0x0000000000000220      0x100 ./system/src/stm32f1-stdperiph/stm32f10x_usart.o
 .debug_aranges
                0x0000000000000320       0x28 ./system/src/newlib/_exit.o
 .debug_aranges
                0x0000000000000348       0x20 ./system/src/newlib/_sbrk.o
 .debug_aranges
                0x0000000000000368       0x40 ./system/src/newlib/_startup.o
 .debug_aranges
                0x00000000000003a8       0x30 ./system/src/newlib/_syscalls.o
 .debug_aranges
                0x00000000000003d8       0x38 ./system/src/drivers/_dht22.o
 .debug_aranges
                0x0000000000000410       0x58 ./system/src/drivers/dallas.o
 .debug_aranges
                0x0000000000000468       0x20 ./system/src/drivers/gpio_conf.o
 .debug_aranges
                0x0000000000000488       0x48 ./system/src/drivers/i2c.o
 .debug_aranges
                0x00000000000004d0       0x40 ./system/src/drivers/serial.o
 .debug_aranges
                0x0000000000000510       0x48 ./system/src/drivers/tx20.o
 .debug_aranges
                0x0000000000000558       0x38 ./system/src/diag/Trace.o
 .debug_aranges
                0x0000000000000590       0x30 ./system/src/diag/trace_impl.o
 .debug_aranges
                0x00000000000005c0       0x28 ./system/src/cortexm/_initialize_hardware.o
 .debug_aranges
                0x00000000000005e8       0x90 ./system/src/cortexm/exception_handlers.o
 .debug_aranges
                0x0000000000000678       0x38 ./system/src/cmsis/system_stm32f10x.o
 .debug_aranges
                0x00000000000006b0       0x20 ./system/src/cmsis/vectors_stm32f10x.o
 .debug_aranges
                0x00000000000006d0       0x30 ./system/src/aprs/adc.o
 .debug_aranges
                0x0000000000000700       0x80 ./system/src/aprs/afsk.o
 .debug_aranges
                0x0000000000000780       0x28 ./system/src/aprs/afsk_pr.o
 .debug_aranges
                0x00000000000007a8       0x88 ./system/src/aprs/ax25.o
 .debug_aranges
                0x0000000000000830       0x28 ./system/src/aprs/crc.o
 .debug_aranges
                0x0000000000000858       0x38 ./system/src/aprs/dac.o
 .debug_aranges
                0x0000000000000890       0x20 ./system/src/aprs/digi.o
 .debug_aranges
                0x00000000000008b0       0x20 ./system/src/aprs/telemetry.o
 .debug_aranges
                0x00000000000008d0       0x28 ./src/KissCommunication.o
 .debug_aranges
                0x00000000000008f8       0x20 ./src/LedConfig.o
 .debug_aranges
                0x0000000000000918       0x20 ./src/PathConfig.o
 .debug_aranges
                0x0000000000000938       0x30 ./src/TimerConfig.o
 .debug_aranges
                0x0000000000000968       0x38 ./src/it_handlers.o
 .debug_aranges
                0x00000000000009a0       0x28 ./src/main.o

.debug_pubnames
 *(.debug_pubnames)

.debug_info     0x0000000000000000     0xdd63
 *(.debug_info .gnu.linkonce.wi.*)
 .debug_info    0x0000000000000000      0x346 ./system/src/stm32f1-stdperiph/stm32f10x_exti.o
 .debug_info    0x0000000000000346      0x86b ./system/src/stm32f1-stdperiph/stm32f10x_gpio.o
 .debug_info    0x0000000000000bb1      0x920 ./system/src/stm32f1-stdperiph/stm32f10x_rcc.o
 .debug_info    0x00000000000014d1      0xb00 ./system/src/stm32f1-stdperiph/stm32f10x_usart.o
 .debug_info    0x0000000000001fd1       0xef ./system/src/newlib/_exit.o
 .debug_info    0x00000000000020c0      0x11f ./system/src/newlib/_sbrk.o
 .debug_info    0x00000000000021df      0x454 ./system/src/newlib/_startup.o
 .debug_info    0x0000000000002633      0x1c7 ./system/src/newlib/_syscalls.o
 .debug_info    0x00000000000027fa      0x9b6 ./system/src/drivers/_dht22.o
 .debug_info    0x00000000000031b0      0xc95 ./system/src/drivers/dallas.o
 .debug_info    0x0000000000003e45      0x179 ./system/src/drivers/gpio_conf.o
 .debug_info    0x0000000000003fbe      0xbe7 ./system/src/drivers/i2c.o
 .debug_info    0x0000000000004ba5      0xb74 ./system/src/drivers/serial.o
 .debug_info    0x0000000000005719      0xa84 ./system/src/drivers/tx20.o
 .debug_info    0x000000000000619d      0x2e7 ./system/src/diag/Trace.o
 .debug_info    0x0000000000006484      0x30a ./system/src/diag/trace_impl.o
 .debug_info    0x000000000000678e      0x2b1 ./system/src/cortexm/_initialize_hardware.o
 .debug_info    0x0000000000006a3f      0x8da ./system/src/cortexm/exception_handlers.o
 .debug_info    0x0000000000007319      0x439 ./system/src/cmsis/system_stm32f10x.o
 .debug_info    0x0000000000007752       0xd1 ./system/src/cmsis/vectors_stm32f10x.o
 .debug_info    0x0000000000007823      0x9ab ./system/src/aprs/adc.o
 .debug_info    0x00000000000081ce      0x8d8 ./system/src/aprs/afsk.o
 .debug_info    0x0000000000008aa6      0x37f ./system/src/aprs/afsk_pr.o
 .debug_info    0x0000000000008e25      0xbd3 ./system/src/aprs/ax25.o
 .debug_info    0x00000000000099f8      0x179 ./system/src/aprs/crc.o
 .debug_info    0x0000000000009b71      0x718 ./system/src/aprs/dac.o
 .debug_info    0x000000000000a289      0x966 ./system/src/aprs/digi.o
 .debug_info    0x000000000000abef      0x6d3 ./system/src/aprs/telemetry.o
 .debug_info    0x000000000000b2c2      0x678 ./src/KissCommunication.o
 .debug_info    0x000000000000b93a      0x26d ./src/LedConfig.o
 .debug_info    0x000000000000bba7      0x18d ./src/PathConfig.o
 .debug_info    0x000000000000bd34      0x8e1 ./src/TimerConfig.o
 .debug_info    0x000000000000c615      0xa6c ./src/it_handlers.o
 .debug_info    0x000000000000d081      0xce2 ./src/main.o

.debug_abbrev   0x0000000000000000     0x3700
 *(.debug_abbrev)
 .debug_abbrev  0x0000000000000000      0x169 ./system/src/stm32f1-stdperiph/stm32f10x_exti.o
 .debug_abbrev  0x0000000000000169      0x1f2 ./system/src/stm32f1-stdperiph/stm32f10x_gpio.o
 .debug_abbrev  0x000000000000035b      0x1e7 ./system/src/stm32f1-stdperiph/stm32f10x_rcc.o
 .debug_abbrev  0x0000000000000542      0x1cb ./system/src/stm32f1-stdperiph/stm32f10x_usart.o
 .debug_abbrev  0x000000000000070d       0x8e ./system/src/newlib/_exit.o
 .debug_abbrev  0x000000000000079b       0xb9 ./system/src/newlib/_sbrk.o
 .debug_abbrev  0x0000000000000854      0x1ac ./system/src/newlib/_startup.o
 .debug_abbrev  0x0000000000000a00       0xec ./system/src/newlib/_syscalls.o
 .debug_abbrev  0x0000000000000aec      0x276 ./system/src/drivers/_dht22.o
 .debug_abbrev  0x0000000000000d62      0x28c ./system/src/drivers/dallas.o
 .debug_abbrev  0x0000000000000fee       0xe9 ./system/src/drivers/gpio_conf.o
 .debug_abbrev  0x00000000000010d7      0x261 ./system/src/drivers/i2c.o
 .debug_abbrev  0x0000000000001338      0x243 ./system/src/drivers/serial.o
 .debug_abbrev  0x000000000000157b      0x269 ./system/src/drivers/tx20.o
 .debug_abbrev  0x00000000000017e4      0x156 ./system/src/diag/Trace.o
 .debug_abbrev  0x000000000000193a      0x1c8 ./system/src/diag/trace_impl.o
 .debug_abbrev  0x0000000000001b02       0xea ./system/src/cortexm/_initialize_hardware.o
 .debug_abbrev  0x0000000000001bec      0x247 ./system/src/cortexm/exception_handlers.o
 .debug_abbrev  0x0000000000001e33      0x159 ./system/src/cmsis/system_stm32f10x.o
 .debug_abbrev  0x0000000000001f8c       0x9d ./system/src/cmsis/vectors_stm32f10x.o
 .debug_abbrev  0x0000000000002029      0x211 ./system/src/aprs/adc.o
 .debug_abbrev  0x000000000000223a      0x244 ./system/src/aprs/afsk.o
 .debug_abbrev  0x000000000000247e       0xa2 ./system/src/aprs/afsk_pr.o
 .debug_abbrev  0x0000000000002520      0x2b0 ./system/src/aprs/ax25.o
 .debug_abbrev  0x00000000000027d0      0x107 ./system/src/aprs/crc.o
 .debug_abbrev  0x00000000000028d7      0x1b8 ./system/src/aprs/dac.o
 .debug_abbrev  0x0000000000002a8f      0x1c6 ./system/src/aprs/digi.o
 .debug_abbrev  0x0000000000002c55      0x190 ./system/src/aprs/telemetry.o
 .debug_abbrev  0x0000000000002de5      0x1ae ./src/KissCommunication.o
 .debug_abbrev  0x0000000000002f93      0x11c ./src/LedConfig.o
 .debug_abbrev  0x00000000000030af       0xeb ./src/PathConfig.o
 .debug_abbrev  0x000000000000319a      0x193 ./src/TimerConfig.o
 .debug_abbrev  0x000000000000332d      0x1a0 ./src/it_handlers.o
 .debug_abbrev  0x00000000000034cd      0x233 ./src/main.o

.debug_line     0x0000000000000000     0x9a23
 *(.debug_line)
 .debug_line    0x0000000000000000      0x3c1 ./system/src/stm32f1-stdperiph/stm32f10x_exti.o
 .debug_line    0x00000000000003c1      0x4c4 ./system/src/stm32f1-stdperiph/stm32f10x_gpio.o
 .debug_line    0x0000000000000885      0x5bf ./system/src/stm32f1-stdperiph/stm32f10x_rcc.o
 .debug_line    0x0000000000000e44      0x580 ./system/src/stm32f1-stdperiph/stm32f10x_usart.o
 .debug_line    0x00000000000013c4      0x26c ./system/src/newlib/_exit.o
 .debug_line    0x0000000000001630      0x21e ./system/src/newlib/_sbrk.o
 .debug_line    0x000000000000184e      0x2d4 ./system/src/newlib/_startup.o
 .debug_line    0x0000000000001b22      0x305 ./system/src/newlib/_syscalls.o
 .debug_line    0x0000000000001e27      0x588 ./system/src/drivers/_dht22.o
 .debug_line    0x00000000000023af      0x62f ./system/src/drivers/dallas.o
 .debug_line    0x00000000000029de      0x33c ./system/src/drivers/gpio_conf.o
 .debug_line    0x0000000000002d1a      0x483 ./system/src/drivers/i2c.o