Archive member included to satisfy reference by file (symbol)

/usr/bin/../lib/gcc/arm-none-eabi/5.4.1/../../../../arm-none-eabi/lib/armv7-m/libm.a(lib_a-s_cos.o)
                              ./system/src/aprs/afsk.o (cos)
/usr/bin/../lib/gcc/arm-none-eabi/5.4.1/../../../../arm-none-eabi/lib/armv7-m/libm.a(lib_a-s_sin.o)
                              ./system/src/aprs/afsk.o (sin)
/usr/bin/../lib/gcc/arm-none-eabi/5.4.1/../../../../arm-none-eabi/lib/armv7-m/libm.a(lib_a-sf_cos.o)
                              ./system/src/drivers/tx20.o (cosf)
/usr/bin/../lib/gcc/arm-none-eabi/5.4.1/../../../../arm-none-eabi/lib/armv7-m/libm.a(lib_a-sf_sin.o)
                              ./system/src/drivers/tx20.o (sinf)
/usr/bin/../lib/gcc/arm-none-eabi/5.4.1/../../../../arm-none-eabi/lib/armv7-m/libm.a(lib_a-w_pow.o)
                              ./system/src/drivers/ms5611.o (pow)
/usr/bin/../lib/gcc/arm-none-eabi/5.4.1/../../../../arm-none-eabi/lib/armv7-m/libm.a(lib_a-wf_atan2.o)
                              ./system/src/drivers/tx20.o (atan2f)
/usr/bin/../lib/gcc/arm-none-eabi/5.4.1/../../../../arm-none-eabi/lib/armv7-m/libm.a(lib_a-e_pow.o)
                              /usr/bin/../lib/gcc/arm-none-eabi/5.4.1/../../../../arm-none-eabi/lib/armv7-m/libm.a(lib_a-w_pow.o) (__ieee754_pow)
/usr/bin/../lib/gcc/arm-none-eabi/5.4.1/../../../../arm-none-eabi/lib/armv7-m/libm.a(lib_a-e_rem_pio2.o)
                              /usr/bin/../lib/gcc/arm-none-eabi/5.4.1/../../../../arm-none-eabi/lib/armv7-m/libm.a(lib_a-s_cos.o) (__ieee754_rem_pio2)
/usr/bin/../lib/gcc/arm-none-eabi/5.4.1/../../../../arm-none-eabi/lib/armv7-m/libm.a(lib_a-e_sqrt.o)
                              /usr/bin/../lib/gcc/arm-none-eabi/5.4.1/../../../../arm-none-eabi/lib/armv7-m/libm.a(lib_a-e_pow.o) (__ieee754_sqrt)
/usr/bin/../lib/gcc/arm-none-eabi/5.4.1/../../../../arm-none-eabi/lib/armv7-m/libm.a(lib_a-ef_atan2.o)
                              /usr/bin/../lib/gcc/arm-none-eabi/5.4.1/../../../../arm-none-eabi/lib/armv7-m/libm.a(lib_a-wf_atan2.o) (__ieee754_atan2f)
/usr/bin/../lib/gcc/arm-none-eabi/5.4.1/../../../../arm-none-eabi/lib/armv7-m/libm.a(lib_a-ef_rem_pio2.o)
                              /usr/bin/../lib/gcc/arm-none-eabi/5.4.1/../../../../arm-none-eabi/lib/armv7-m/libm.a(lib_a-sf_cos.o) (__ieee754_rem_pio2f)
/usr/bin/../lib/gcc/arm-none-eabi/5.4.1/../../../../arm-none-eabi/lib/armv7-m/libm.a(lib_a-k_cos.o)
                              /usr/bin/../lib/gcc/arm-none-eabi/5.4.1/../../../../arm-none-eabi/lib/armv7-m/libm.a(lib_a-s_cos.o) (__kernel_cos)
/usr/bin/../lib/gcc/arm-none-eabi/5.4.1/../../../../arm-none-eabi/lib/armv7-m/libm.a(lib_a-k_rem_pio2.o)
                              /usr/bin/../lib/gcc/arm-none-eabi/5.4.1/../../../../arm-none-eabi/lib/armv7-m/libm.a(lib_a-e_rem_pio2.o) (__kernel_rem_pio2)
/usr/bin/../lib/gcc/arm-none-eabi/5.4.1/../../../../arm-none-eabi/lib/armv7-m/libm.a(lib_a-k_sin.o)
                              /usr/bin/../lib/gcc/arm-none-eabi/5.4.1/../../../../arm-none-eabi/lib/armv7-m/libm.a(lib_a-s_cos.o) (__kernel_sin)
/usr/bin/../lib/gcc/arm-none-eabi/5.4.1/../../../../arm-none-eabi/lib/armv7-m/libm.a(lib_a-kf_cos.o)
                              /usr/bin/../lib/gcc/arm-none-eabi/5.4.1/../../../../arm-none-eabi/lib/armv7-m/libm.a(lib_a-sf_cos.o) (__kernel_cosf)
/usr/bin/../lib/gcc/arm-none-eabi/5.4.1/../../../../arm-none-eabi/lib/armv7-m/libm.a(lib_a-kf_rem_pio2.o)
                              /usr/bin/../lib/gcc/arm-none-eabi/5.4.1/../../../../arm-none-eabi/lib/armv7-m/libm.a(lib_a-ef_rem_pio2.o) (__kernel_rem_pio2f)
/usr/bin/../lib/gcc/arm-none-eabi/5.4.1/../../../../arm-none-eabi/lib/armv7-m/libm.a(lib_a-kf_sin.o)
                              /usr/bin/../lib/gcc/arm-none-eabi/5.4.1/../../../../arm-none-eabi/lib/armv7-m/libm.a(lib_a-sf_cos.o) (__kernel_sinf)
/usr/bin/../lib/gcc/arm-none-eabi/5.4.1/../../../../arm-none-eabi/lib/armv7-m/libm.a(lib_a-s_fabs.o)
                              /usr/bin/../lib/gcc/arm-none-eabi/5.4.1/../../../../arm-none-eabi/lib/armv7-m/libm.a(lib_a-e_pow.o) (fabs)
/usr/bin/../lib/gcc/arm-none-eabi/5.4.1/../../../../arm-none-eabi/lib/armv7-m/libm.a(lib_a-s_finite.o)
                              /usr/bin/../lib/gcc/arm-none-eabi/5.4.1/../../../../arm-none-eabi/lib/armv7-m/libm.a(lib_a-w_pow.o) (finite)
/usr/bin/../lib/gcc/arm-none-eabi/5.4.1/../../../../arm-none-eabi/lib/armv7-m/libm.a(lib_a-s_floor.o)
                              /usr/bin/../lib/gcc/arm-none-eabi/5.4.1/../../../../arm-none-eabi/lib/armv7-m/libm.a(lib_a-k_rem_pio2.o) (floor)
/usr/bin/../lib/gcc/arm-none-eabi/5.4.1/../../../../arm-none-eabi/lib/armv7-m/libm.a(lib_a-s_lib_ver.o)
                              /usr/bin/../lib/gcc/arm-none-eabi/5.4.1/../../../../arm-none-eabi/lib/armv7-m/libm.a(lib_a-w_pow.o) (__fdlib_version)
/usr/bin/../lib/gcc/arm-none-eabi/5.4.1/../../../../arm-none-eabi/lib/armv7-m/libm.a(lib_a-s_matherr.o)
[...]
Memory Configuration

Name             Origin             Length             Attributes
RAM              0x0000000020000000 0x0000000000002000 xrw
CCMRAM           0x0000000000000000 0x0000000000000000 xrw
FLASH            0x0000000008000000 0x0000000000020000 xr
FLASHB1          0x0000000000000000 0x0000000000000000 xr
EXTMEMB0         0x0000000000000000 0x0000000000000000 xr
EXTMEMB1         0x0000000000000000 0x0000000000000000 xr
EXTMEMB2         0x0000000000000000 0x0000000000000000 xr
EXTMEMB3         0x0000000000000000 0x0000000000000000 xr
MEMORY_ARRAY     0x0000000000000000 0x0000000000000000 xrw
*default*        0x0000000000000000 0xffffffffffffffff

Linker script and memory map

LOAD ./system/src/stm32f1-stdperiph/misc.o
LOAD ./system/src/stm32f1-stdperiph/stm32f10x_gpio.o
LOAD ./system/src/stm32f1-stdperiph/stm32f10x_i2c.o
LOAD ./system/src/stm32f1-stdperiph/stm32f10x_iwdg.o
LOAD ./system/src/stm32f1-stdperiph/stm32f10x_rcc.o
LOAD ./system/src/stm32f1-stdperiph/stm32f10x_tim.o
LOAD ./system/src/stm32f1-stdperiph/stm32f10x_usart.o
LOAD ./system/src/newlib/_cxx.o
LOAD ./system/src/newlib/_exit.o
LOAD ./system/src/newlib/_sbrk.o
LOAD ./system/src/newlib/_startup.o
LOAD ./system/src/newlib/_syscalls.o
LOAD ./system/src/newlib/assert.o
LOAD ./system/src/drivers/dallas.o
LOAD ./system/src/drivers/flash.o
LOAD ./system/src/drivers/gpio_conf.o
LOAD ./system/src/drivers/i2c.o
LOAD ./system/src/drivers/ms5611.o
LOAD ./system/src/drivers/serial.o
LOAD ./system/src/drivers/tx20.o
LOAD ./system/src/drivers/user_interf.o
LOAD ./system/src/diag/Trace.o
LOAD ./system/src/diag/trace_impl.o
LOAD ./system/src/cortexm/_initialize_hardware.o
LOAD ./system/src/cortexm/_reset_hardware.o
LOAD ./system/src/cortexm/exception_handlers.o
LOAD ./system/src/cmsis/system_stm32f10x.o
LOAD ./system/src/cmsis/vectors_stm32f10x.o
LOAD ./system/src/aprs/adc.o
LOAD ./system/src/aprs/afsk.o
LOAD ./system/src/aprs/afsk_pr.o
LOAD ./system/src/aprs/ax25.o
LOAD ./system/src/aprs/beacon.o
LOAD ./system/src/aprs/crc.o
LOAD ./system/src/aprs/dac.o
LOAD ./system/src/aprs/digi.o
LOAD ./system/src/aprs/raw.o
LOAD ./system/src/aprs/telemetry.o
LOAD ./system/src/aprs/wx.o
LOAD ./src/BlinkLed.o
LOAD ./src/KissCommunication.o
LOAD ./src/LedConfig.o
LOAD ./src/PathConfig.o
LOAD ./src/Timer.o
LOAD ./src/TimerConfig.o
LOAD ./src/_write.o
LOAD ./src/it_handlers.o
LOAD ./src/main.o
LOAD /usr/bin/../lib/gcc/arm-none-eabi/5.4.1/../../../../arm-none-eabi/lib/armv7-m/libstdc++_nano.a
LOAD /usr/bin/../lib/gcc/arm-none-eabi/5.4.1/../../../../arm-none-eabi/lib/armv7-m/libm.a
START GROUP
LOAD /usr/bin/../lib/gcc/arm-none-eabi/5.4.1/armv7-m/libgcc.a
LOAD /usr/bin/../lib/gcc/arm-none-eabi/5.4.1/../../../../arm-none-eabi/lib/armv7-m/libg_nano.a
LOAD /usr/bin/../lib/gcc/arm-none-eabi/5.4.1/../../../../arm-none-eabi/lib/armv7-m/libc_nano.a
END GROUP
START GROUP
LOAD /usr/bin/../lib/gcc/arm-none-eabi/5.4.1/armv7-m/libgcc.a
LOAD /usr/bin/../lib/gcc/arm-none-eabi/5.4.1/../../../../arm-none-eabi/lib/armv7-m/libc_nano.a
END GROUP
                0x0000000020002000                __stack = (ORIGIN (RAM) + LENGTH (RAM))
                0x0000000020002000                _estack = __stack
                0x0000000000000400                __Main_Stack_Size = 0x400
                [!provide]                        PROVIDE (_Main_Stack_Size, __Main_Stack_Size)
                0x0000000020001c00                __Main_Stack_Limit = (__stack - __Main_Stack_Size)
                [!provide]                        PROVIDE (_Main_Stack_Limit, __Main_Stack_Limit)
                0x0000000000000100                _Minimum_Stack_Size = 0x100
                0x0000000020000dd4                PROVIDE (_Heap_Begin, _end_noinit)
                0x0000000020001c00                PROVIDE (_Heap_Limit, (__stack - __Main_Stack_Size))

.isr_vector     0x0000000008000000      0x418
 FILL mask 0xff
                0x0000000008000000                __vectors_start = ABSOLUTE (.)
                0x0000000008000000                __vectors_start__ = ABSOLUTE (.)
 *(.isr_vector)
 .isr_vector    0x0000000008000000      0x1d0 ./system/src/cmsis/vectors_stm32f10x.o
                0x0000000008000000                __isr_vectors
 *(.cfmconfig)
 *(.after_vectors .after_vectors.*)
 .after_vectors
                0x00000000080001d0      0x114 ./system/src/newlib/_startup.o
                0x00000000080001d0                _start
 .after_vectors
                0x00000000080002e4      0x130 ./system/src/cortexm/exception_handlers.o
                0x00000000080002e4                Reset_Handler
                0x00000000080002ec                NMI_Handler
                0x00000000080002f0                HardFault_Handler
                0x0000000008000304                HardFault_Handler_C
                0x0000000008000364                MemManage_Handler
                0x0000000008000368                BusFault_Handler
                0x000000000800037c                BusFault_Handler_C
                0x00000000080003b0                UsageFault_Handler
                0x00000000080003c4                UsageFault_Handler_C
                0x00000000080003f8                SVC_Handler
                0x00000000080003fc                DebugMon_Handler
                0x0000000008000400                PendSV_Handler
 .after_vectors
                0x0000000008000414        0x4 ./system/src/cmsis/vectors_stm32f10x.o
                0x0000000008000414                EXTI2_IRQHandler
                0x0000000008000414                TIM8_TRG_COM_IRQHandler
                0x0000000008000414                TIM8_CC_IRQHandler
                0x0000000008000414                TIM1_CC_IRQHandler
                0x0000000008000414                TIM6_IRQHandler
                0x0000000008000414                PVD_IRQHandler
                0x0000000008000414                SDIO_IRQHandler
                0x0000000008000414                CAN2_RX1_IRQHandler
                0x0000000008000414                EXTI3_IRQHandler
                0x0000000008000414                TIM8_TRG_COM_TIM14_IRQHandler
                0x0000000008000414                TIM1_UP_TIM10_IRQHandler
                0x0000000008000414                TIM8_UP_TIM13_IRQHandler
                0x0000000008000414                EXTI0_IRQHandler
                0x0000000008000414                I2C2_EV_IRQHandler
                0x0000000008000414                CAN1_RX0_IRQHandler
                0x0000000008000414                CAN2_SCE_IRQHandler
                0x0000000008000414                ADC1_2_IRQHandler
                0x0000000008000414                SPI1_IRQHandler
                0x0000000008000414                TAMPER_IRQHandler
                0x0000000008000414                TIM6_DAC_IRQHandler
                0x0000000008000414                TIM1_BRK_TIM9_IRQHandler
                0x0000000008000414                CAN2_RX0_IRQHandler
                0x0000000008000414                TIM8_UP_IRQHandler
                0x0000000008000414                DMA2_Channel2_IRQHandler
                0x0000000008000414                DMA1_Channel4_IRQHandler
                0x0000000008000414                USART3_IRQHandler
                0x0000000008000414                RTC_IRQHandler
                0x0000000008000414                DMA1_Channel7_IRQHandler
                0x0000000008000414                CAN1_RX1_IRQHandler
                0x0000000008000414                UART5_IRQHandler
                0x0000000008000414                ADC3_IRQHandler
                0x0000000008000414                DMA2_Channel1_IRQHandler
                0x0000000008000414                DMA1_Channel6_IRQHandler
                0x0000000008000414                UART4_IRQHandler
                0x0000000008000414                DMA2_Channel4_IRQHandler
                0x0000000008000414                RCC_IRQHandler
                0x0000000008000414                TIM8_BRK_TIM12_IRQHandler
                0x0000000008000414                TIM1_TRG_COM_IRQHandler
                0x0000000008000414                DMA1_Channel1_IRQHandler
                0x0000000008000414                Default_Handler
                0x0000000008000414                CEC_IRQHandler
                0x0000000008000414                EXTI15_10_IRQHandler
                0x0000000008000414                TIM14_IRQHandler
                0x0000000008000414                TIM13_IRQHandler
                0x0000000008000414                TIM12_IRQHandler
                0x0000000008000414                CAN2_TX_IRQHandler
                0x0000000008000414                TIM5_IRQHandler
                0x0000000008000414                ETH_WKUP_IRQHandler
                0x0000000008000414                SPI2_IRQHandler
                0x0000000008000414                CAN1_TX_IRQHandler
                0x0000000008000414                DMA2_Channel5_IRQHandler
                0x0000000008000414                DMA1_Channel5_IRQHandler
                0x0000000008000414                EXTI4_IRQHandler
                0x0000000008000414                USB_LP_CAN1_RX0_IRQHandler
                0x0000000008000414                TIM1_TRG_COM_TIM17_IRQHandler
                0x0000000008000414                USB_HP_CAN1_TX_IRQHandler
                0x0000000008000414                DMA1_Channel3_IRQHandler
                0x0000000008000414                FSMC_IRQHandler
                0x0000000008000414                ETH_IRQHandler
                0x0000000008000414                TIM1_UP_IRQHandler
                0x0000000008000414                WWDG_IRQHandler
                0x0000000008000414                OTG_FS_WKUP_IRQHandler
                0x0000000008000414                TIM1_TRG_COM_TIM11_IRQHandler
                0x0000000008000414                TIM1_BRK_IRQHandler
                0x0000000008000414                EXTI1_IRQHandler
                0x0000000008000414                RTCAlarm_IRQHandler
                0x0000000008000414                DMA2_Channel4_5_IRQHandler
                0x0000000008000414                USART2_IRQHandler
                0x0000000008000414                I2C2_ER_IRQHandler
                0x0000000008000414                DMA1_Channel2_IRQHandler
                0x0000000008000414                TIM8_BRK_IRQHandler
                0x0000000008000414                CAN1_SCE_IRQHandler
                0x0000000008000414                FLASH_IRQHandler
                0x0000000008000414                OTG_FS_IRQHandler
                0x0000000008000414                SPI3_IRQHandler
                0x0000000008000414                USBWakeUp_IRQHandler
                0x0000000008000414                DMA2_Channel3_IRQHandler
                0x0000000008000414                TIM1_BRK_TIM15_IRQHandler

.inits          0x0000000008000418       0x28
                0x0000000008000418                __data_regions_array_start = .
                0x0000000008000418        0x4 LONG 0x8008d48 LOADADDR (.data)
                0x000000000800041c        0x4 LONG 0x20000000 ADDR (.data)
                0x0000000008000420        0x4 LONG 0x20000210 (ADDR (.data) + SIZEOF (.data))
                0x0000000008000424        0x4 LONG 0x8008d48 LOADADDR (.data_CCMRAM)
                0x0000000008000428        0x4 LONG 0x0 ADDR (.data_CCMRAM)
                0x000000000800042c        0x4 LONG 0x0 (ADDR (.data_CCMRAM) + SIZEOF (.data_CCMRAM))
                0x0000000008000430                __data_regions_array_end = .
                0x0000000008000430                __bss_regions_array_start = .
                0x0000000008000430        0x4 LONG 0x20000210 ADDR (.bss)
                0x0000000008000434        0x4 LONG 0x20000dd4 (ADDR (.bss) + SIZEOF (.bss))
                0x0000000008000438        0x4 LONG 0x0 ADDR (.bss_CCMRAM)
                0x000000000800043c        0x4 LONG 0x0 (ADDR (.bss_CCMRAM) + SIZEOF (.bss_CCMRAM))
                0x0000000008000440                __bss_regions_array_end = .
 *(.init)
 *(.fini)
                0x0000000008000440                . = ALIGN (0x4)
                0x0000000008000440                PROVIDE (__preinit_array_start, .)
 *(.preinit_array_sysinit .preinit_array_sysinit.*)
 *(.preinit_array_platform .preinit_array_platform.*)
 *(.preinit_array .preinit_array.*)
                0x0000000008000440                PROVIDE (__preinit_array_end, .)
                0x0000000008000440                . = ALIGN (0x4)
                0x0000000008000440                PROVIDE (__init_array_start, .)
 *(SORT(.init_array.*))
 *(.init_array)
                0x0000000008000440                PROVIDE (__init_array_end, .)
                0x0000000008000440                . = ALIGN (0x4)
                0x0000000008000440                PROVIDE (__fini_array_start, .)
 *(SORT(.fini_array.*))
 *(.fini_array)
                0x0000000008000440                PROVIDE (__fini_array_end, .)

.flashtext
 *(.flashtext .flashtext.*)

.text           0x0000000008000440     0x8908
 *(.text .text.*)
 .text.GPIO_Init
                0x0000000008000440       0x9c ./system/src/stm32f1-stdperiph/stm32f10x_gpio.o
                0x0000000008000440                GPIO_Init
 .text.GPIO_ReadInputDataBit
                0x00000000080004dc       0x10 ./system/src/stm32f1-stdperiph/stm32f10x_gpio.o
                0x00000000080004dc                GPIO_ReadInputDataBit
 .text.GPIO_SetBits
                0x00000000080004ec        0x4 ./system/src/stm32f1-stdperiph/stm32f10x_gpio.o
                0x00000000080004ec                GPIO_SetBits
 .text.GPIO_ResetBits
                0x00000000080004f0        0x4 ./system/src/stm32f1-stdperiph/stm32f10x_gpio.o
                0x00000000080004f0                GPIO_ResetBits
 .text.RCC_GetClocksFreq
                0x00000000080004f4       0xb4 ./system/src/stm32f1-stdperiph/stm32f10x_rcc.o
                0x00000000080004f4                RCC_GetClocksFreq
 .text.USART_Init
                0x00000000080005a8       0xc8 ./system/src/stm32f1-stdperiph/stm32f10x_usart.o
                0x00000000080005a8                USART_Init
 .text._exit    0x0000000008000670        0x4 ./system/src/newlib/_exit.o
                0x0000000008000670                _exit
 .text._sbrk    0x0000000008000674       0x44 ./system/src/newlib/_sbrk.o
                0x0000000008000674                _sbrk
 .text.__initialize_args
                0x00000000080006b8       0x10 ./system/src/newlib/_syscalls.o
                0x00000000080006b8                __initialize_args
 .text.Configure_GPIO
                0x00000000080006c8       0x28 ./system/src/drivers/gpio_conf.o
                0x00000000080006c8                Configure_GPIO
 .text.I2C1_ER_IRQHandler
                0x00000000080006f0       0xdc ./system/src/drivers/i2c.o
                0x00000000080006f0                I2C1_ER_IRQHandler
 .text.i2cVariableReset
                0x00000000080007cc       0x24 ./system/src/drivers/i2c.o
                0x00000000080007cc                i2cVariableReset
 .text.I2C1_EV_IRQHandler
                0x00000000080007f0      0x20c ./system/src/drivers/i2c.o
                0x00000000080007f0                I2C1_EV_IRQHandler
 .text.SrlConfig
                0x00000000080009fc       0xc8 ./system/src/drivers/serial.o
                0x00000000080009fc                SrlConfig
 .text.SrlStartTX
                0x0000000008000ac4       0x68 ./system/src/drivers/serial.o
                0x0000000008000ac4                SrlStartTX
 .text.SrlReceiveData
                0x0000000008000b2c       0xb4 ./system/src/drivers/serial.o
                0x0000000008000b2c                SrlReceiveData
 .text.USART1_IRQHandler
                0x0000000008000be0      0x1cc ./system/src/drivers/serial.o
                0x0000000008000be0                USART1_IRQHandler
 *fill*         0x0000000008000dac        0x4 
 .text.TX20DataAverage
                0x0000000008000db0      0x15c ./system/src/drivers/tx20.o
                0x0000000008000db0                TX20DataAverage
 *fill*         0x0000000008000f0c        0x4 
 .text.TX20DataParse
                0x0000000008000f10      0x13c ./system/src/drivers/tx20.o
                0x0000000008000f10                TX20DataParse
 .text.TX20Batch
                0x000000000800104c       0xec ./system/src/drivers/tx20.o
                0x000000000800104c                TX20Batch
 .text.EXTI9_5_IRQHandler
                0x0000000008001138       0x2c ./system/src/drivers/tx20.o
                0x0000000008001138                EXTI9_5_IRQHandler
 .text.TIM1_UP_TIM16_IRQHandler
                0x0000000008001164       0x1c ./system/src/drivers/tx20.o
                0x0000000008001164                TIM1_UP_TIM16_IRQHandler
 .text.trace_printf
                0x0000000008001180       0x30 ./system/src/diag/Trace.o
                0x0000000008001180                trace_printf
 .text._trace_write_semihosting_debug
                0x00000000080011b0       0x64 ./system/src/diag/trace_impl.o
 .text.trace_write
                0x0000000008001214        0x8 ./system/src/diag/trace_impl.o
                0x0000000008001214                trace_write
 .text.__initialize_hardware_early
                0x000000000800121c       0x18 ./system/src/cortexm/_initialize_hardware.o
                0x000000000800121c                __initialize_hardware_early
 .text.__initialize_hardware
                0x0000000008001234        0x8 ./system/src/cortexm/_initialize_hardware.o
                0x0000000008001234                __initialize_hardware
 .text.dumpExceptionStack
                0x000000000800123c       0xf0 ./system/src/cortexm/exception_handlers.o
                0x000000000800123c                dumpExceptionStack
 .text.isSemihosting
                0x000000000800132c       0x20 ./system/src/cortexm/exception_handlers.o
                0x000000000800132c                isSemihosting
 .text.SetSysClockTo24
                0x000000000800134c       0xa0 ./system/src/cmsis/system_stm32f10x.o
 .text.SetSysClock
                0x00000000080013ec        0x8 ./system/src/cmsis/system_stm32f10x.o
 .text.SystemInit
                0x00000000080013f4       0x54 ./system/src/cmsis/system_stm32f10x.o
                0x00000000080013f4                SystemInit
 .text.SystemCoreClockUpdate
                0x0000000008001448       0x8c ./system/src/cmsis/system_stm32f10x.o
                0x0000000008001448                SystemCoreClockUpdate
 .text.AD_Start
                0x00000000080014d4       0x10 ./system/src/aprs/adc.o
                0x00000000080014d4                AD_Start
 .text.AD_Stop  0x00000000080014e4       0x14 ./system/src/aprs/adc.o
                0x00000000080014e4                AD_Stop
 .text.fifo_isempty
                0x00000000080014f8       0x10 ./system/src/aprs/afsk.o
 .text.fifo_isfull
                0x0000000008001508       0x28 ./system/src/aprs/afsk.o
 .text.fifo_push
                0x0000000008001530       0x1c ./system/src/aprs/afsk.o
 .text.fifo_pop
                0x000000000800154c       0x1c ./system/src/aprs/afsk.o
 .text.fifo_flush
                0x0000000008001568        0x8 ./system/src/aprs/afsk.o
 .text.fifo_init
                0x0000000008001570       0x10 ./system/src/aprs/afsk.o
 .text.sin_sample
                0x0000000008001580       0x24 ./system/src/aprs/afsk.o
 .text.hdlc_parse
                0x00000000080015a4      0x100 ./system/src/aprs/afsk.o
 .text.afsk_demod
                0x00000000080016a4       0xa4 ./system/src/aprs/afsk.o
 .text.AFSK_ADC_ISR
                0x0000000008001748       0xa4 ./system/src/aprs/afsk.o
                0x0000000008001748                AFSK_ADC_ISR
 .text.afsk_txStart
                0x00000000080017ec       0x3c ./system/src/aprs/afsk.o
                0x00000000080017ec                afsk_txStart
 .text.AFSK_DAC_ISR
                0x0000000008001828      0x104 ./system/src/aprs/afsk.o
                0x0000000008001828                AFSK_DAC_ISR
 *fill*         0x000000000800192c        0x4 
 .text.AFSK_Init
                0x0000000008001930      0x124 ./system/src/aprs/afsk.o
                0x0000000008001930                AFSK_Init
 .text.ADCStartConfig
                0x0000000008001a54       0x64 ./system/src/aprs/afsk_pr.o
                0x0000000008001a54                ADCStartConfig
 .text.DACStartConfig
                0x0000000008001ab8       0x44 ./system/src/aprs/afsk_pr.o
                0x0000000008001ab8                DACStartConfig
 .text.fifo_isempty
                0x0000000008001afc       0x10 ./system/src/aprs/ax25.o
 .text.fifo_isfull
                0x0000000008001b0c       0x28 ./system/src/aprs/ax25.o
 .text.fifo_push
                0x0000000008001b34       0x1c ./system/src/aprs/ax25.o
 .text.fifo_pop
                0x0000000008001b50       0x1c ./system/src/aprs/ax25.o
 .text.fifo_getc
                0x0000000008001b6c       0x1c ./system/src/aprs/ax25.o
 .text.fifo_putc
                0x0000000008001b88       0x18 ./system/src/aprs/ax25.o
 .text.updcrc_ccitt
                0x0000000008001ba0       0x14 ./system/src/aprs/ax25.o
 .text.ax25_decode
                0x0000000008001bb4      0x160 ./system/src/aprs/ax25.o
 .text.ax25_poll
                0x0000000008001d14      0x100 ./system/src/aprs/ax25.o
                0x0000000008001d14                ax25_poll
 .text.ax25_putchar
                0x0000000008001e14       0x40 ./system/src/aprs/ax25.o
                0x0000000008001e14                ax25_putchar
 .text.ax25_sendCall
                0x0000000008001e54       0x70 ./system/src/aprs/ax25.o
 .text.ax25_sendVia
                0x0000000008001ec4       0xa4 ./system/src/aprs/ax25.o
                0x0000000008001ec4                ax25_sendVia
 .text.ax25_sendRaw
                0x0000000008001f68       0x68 ./system/src/aprs/ax25.o
                0x0000000008001f68                ax25_sendRaw
 .text.ax25_init
                0x0000000008001fd0       0x30 ./system/src/aprs/ax25.o
                0x0000000008001fd0                ax25_init
 .text.SendOwnBeacon
                0x0000000008002000       0x94 ./system/src/aprs/beacon.o
                0x0000000008002000                SendOwnBeacon
 .text.DA_Init  0x0000000008002094       0x58 ./system/src/aprs/dac.o
                0x0000000008002094                DA_Init
 .text.DA_Start
                0x00000000080020ec       0x30 ./system/src/aprs/dac.o
                0x00000000080020ec                DA_Start
 .text.DA_Stop  0x000000000800211c       0x30 ./system/src/aprs/dac.o
                0x000000000800211c                DA_Stop
 .text.SendSimpleTelemetry
                0x000000000800214c      0x1fc ./system/src/aprs/telemetry.o
                0x000000000800214c                SendSimpleTelemetry
 .text.SendKISSToHost
                0x0000000008002348       0x60 ./src/KissCommunication.o
                0x0000000008002348                SendKISSToHost
 .text.ParseReceivedKISS
                0x00000000080023a8       0xb0 ./src/KissCommunication.o
                0x00000000080023a8                ParseReceivedKISS
 .text.LedConfig
                0x0000000008002458       0x64 ./src/LedConfig.o
                0x0000000008002458                LedConfig
 .text.ConfigPath
                0x00000000080024bc       0x40 ./src/PathConfig.o
                0x00000000080024bc                ConfigPath
 .text.SysTick_Handler
                0x00000000080024fc       0x14 ./src/Timer.o
                0x00000000080024fc                SysTick_Handler
 .text.TIM2Delay
                0x0000000008002510       0x54 ./src/TimerConfig.o
                0x0000000008002510                TIM2Delay
 .text.TIM2DelayDeConfig
                0x0000000008002564       0x14 ./src/TimerConfig.o
                0x0000000008002564                TIM2DelayDeConfig
 .text.TimerConfig
                0x0000000008002578      0x104 ./src/TimerConfig.o
                0x0000000008002578                TimerConfig
 .text.TIM2_IRQHandler
                0x000000000800267c       0x28 ./src/it_handlers.o
                0x000000000800267c                TIM2_IRQHandler
 .text.TIM4_IRQHandler
                0x00000000080026a4       0x54 ./src/it_handlers.o
                0x00000000080026a4                TIM4_IRQHandler
 .text.TIM7_IRQHandler
                0x00000000080026f8       0xb0 ./src/it_handlers.o
                0x00000000080026f8                TIM7_IRQHandler
 .text.TIM3_IRQHandler
                0x00000000080027a8       0xc8 ./src/it_handlers.o
                0x00000000080027a8                TIM3_IRQHandler
 .text._ZL16message_callbackP7AX25Msg
                0x0000000008002870        0x4 ./src/main.o
 *fill*         0x0000000008002874        0x4 
 .text.main     0x0000000008002878      0x1e4 ./src/main.o
                0x0000000008002878                main
 .text.cos      0x0000000008002a5c       0x90 /usr/bin/../lib/gcc/arm-none-eabi/5.4.1/../../../../arm-none-eabi/lib/armv7-m/libm.a(lib_a-s_cos.o)
                0x0000000008002a5c                cos
 .text.sin      0x0000000008002aec       0x90 /usr/bin/../lib/gcc/arm-none-eabi/5.4.1/../../../../arm-none-eabi/lib/armv7-m/libm.a(lib_a-s_sin.o)
                0x0000000008002aec                sin
 .text.cosf     0x0000000008002b7c       0x78 /usr/bin/../lib/gcc/arm-none-eabi/5.4.1/../../../../arm-none-eabi/lib/armv7-m/libm.a(lib_a-sf_cos.o)
                0x0000000008002b7c                cosf
 .text.sinf     0x0000000008002bf4       0x7c /usr/bin/../lib/gcc/arm-none-eabi/5.4.1/../../../../arm-none-eabi/lib/armv7-m/libm.a(lib_a-sf_sin.o)
                0x0000000008002bf4                sinf
 .text.atan2f   0x0000000008002c70        0x4 /usr/bin/../lib/gcc/arm-none-eabi/5.4.1/../../../../arm-none-eabi/lib/armv7-m/libm.a(lib_a-wf_atan2.o)
                0x0000000008002c70                atan2f
 *fill*         0x0000000008002c74        0x4 
 .text.__ieee754_rem_pio2
                0x0000000008002c78      0x42c /usr/bin/../lib/gcc/arm-none-eabi/5.4.1/../../../../arm-none-eabi/lib/armv7-m/libm.a(lib_a-e_rem_pio2.o)
                0x0000000008002c78                __ieee754_rem_pio2
 .text.__ieee754_atan2f
                0x00000000080030a4      0x124 /usr/bin/../lib/gcc/arm-none-eabi/5.4.1/../../../../arm-none-eabi/lib/armv7-m/libm.a(lib_a-ef_atan2.o)
                0x00000000080030a4                __ieee754_atan2f
 .text.__ieee754_rem_pio2f
                0x00000000080031c8      0x2e4 /usr/bin/../lib/gcc/arm-none-eabi/5.4.1/../../../../arm-none-eabi/lib/armv7-m/libm.a(lib_a-ef_rem_pio2.o)
                0x00000000080031c8                __ieee754_rem_pio2f
 *fill*         0x00000000080034ac        0x4 
 .text.__kernel_cos
                0x00000000080034b0      0x248 /usr/bin/../lib/gcc/arm-none-eabi/5.4.1/../../../../arm-none-eabi/lib/armv7-m/libm.a(lib_a-k_cos.o)
                0x00000000080034b0                __kernel_cos
 .text.__kernel_rem_pio2
                0x00000000080036f8      0x7f0 /usr/bin/../lib/gcc/arm-none-eabi/5.4.1/../../../../arm-none-eabi/lib/armv7-m/libm.a(lib_a-k_rem_pio2.o)
                0x00000000080036f8                __kernel_rem_pio2
 .text.__kernel_sin
                0x0000000008003ee8      0x16c /usr/bin/../lib/gcc/arm-none-eabi/5.4.1/../../../../arm-none-eabi/lib/armv7-m/libm.a(lib_a-k_sin.o)
                0x0000000008003ee8                __kernel_sin
 .text.__kernel_cosf
                0x0000000008004054      0x188 /usr/bin/../lib/gcc/arm-none-eabi/5.4.1/../../../../arm-none-eabi/lib/armv7-m/libm.a(lib_a-kf_cos.o)
                0x0000000008004054                __kernel_cosf
 .text.__kernel_rem_pio2f
                0x00000000080041dc      0x6a0 /usr/bin/../lib/gcc/arm-none-eabi/5.4.1/../../../../arm-none-eabi/lib/armv7-m/libm.a(lib_a-kf_rem_pio2.o)
                0x00000000080041dc                __kernel_rem_pio2f
 .text.__kernel_sinf
                0x000000000800487c       0xec /usr/bin/../lib/gcc/arm-none-eabi/5.4.1/../../../../arm-none-eabi/lib/armv7-m/libm.a(lib_a-kf_sin.o)
                0x000000000800487c                __kernel_sinf
 .text.fabs     0x0000000008004968        0x8 /usr/bin/../lib/gcc/arm-none-eabi/5.4.1/../../../../arm-none-eabi/lib/armv7-m/libm.a(lib_a-s_fabs.o)
                0x0000000008004968                fabs
 .text.floor    0x0000000008004970      0x110 /usr/bin/../lib/gcc/arm-none-eabi/5.4.1/../../../../arm-none-eabi/lib/armv7-m/libm.a(lib_a-s_floor.o)
                0x0000000008004970                floor
 .text.scalbn   0x0000000008004a80       0xe4 /usr/bin/../lib/gcc/arm-none-eabi/5.4.1/../../../../arm-none-eabi/lib/armv7-m/libm.a(lib_a-s_scalbn.o)
                0x0000000008004a80                scalbn
 .text.atanf    0x0000000008004b64      0x22c /usr/bin/../lib/gcc/arm-none-eabi/5.4.1/../../../../arm-none-eabi/lib/armv7-m/libm.a(lib_a-sf_atan.o)
                0x0000000008004b64                atanf
 .text.fabsf    0x0000000008004d90        0x8 /usr/bin/../lib/gcc/arm-none-eabi/5.4.1/../../../../arm-none-eabi/lib/armv7-m/libm.a(lib_a-sf_fabs.o)
                0x0000000008004d90                fabsf
 .text.floorf   0x0000000008004d98       0x8c /usr/bin/../lib/gcc/arm-none-eabi/5.4.1/../../../../arm-none-eabi/lib/armv7-m/libm.a(lib_a-sf_floor.o)
                0x0000000008004d98                floorf
 .text.scalbnf  0x0000000008004e24       0xb0 /usr/bin/../lib/gcc/arm-none-eabi/5.4.1/../../../../arm-none-eabi/lib/armv7-m/libm.a(lib_a-sf_scalbn.o)
                0x0000000008004e24                scalbnf
 .text.copysign
                0x0000000008004ed4       0x10 /usr/bin/../lib/gcc/arm-none-eabi/5.4.1/../../../../arm-none-eabi/lib/armv7-m/libm.a(lib_a-s_copysign.o)
                0x0000000008004ed4                copysign
 .text.copysignf
                0x0000000008004ee4        0xc /usr/bin/../lib/gcc/arm-none-eabi/5.4.1/../../../../arm-none-eabi/lib/armv7-m/libm.a(lib_a-sf_copysign.o)
                0x0000000008004ee4                copysignf
 .text          0x0000000008004ef0      0x370 /usr/bin/../lib/gcc/arm-none-eabi/5.4.1/armv7-m/libgcc.a(_arm_addsubdf3.o)
                0x0000000008004ef0                __aeabi_drsub
                0x0000000008004ef8                __aeabi_dsub
                0x0000000008004ef8                __subdf3
                0x0000000008004efc                __adddf3
                0x0000000008004efc                __aeabi_dadd
                0x0000000008005174                __aeabi_ui2d
                0x0000000008005174                __floatunsidf
                0x0000000008005194                __floatsidf
                0x0000000008005194                __aeabi_i2d
                0x00000000080051b8                __extendsfdf2
                0x00000000080051b8                __aeabi_f2d
                0x00000000080051f4                __aeabi_ul2d
                0x00000000080051f4                __floatundidf
                0x0000000008005204                __floatdidf
                0x0000000008005204                __aeabi_l2d
 .text          0x0000000008005260      0x424 /usr/bin/../lib/gcc/arm-none-eabi/5.4.1/armv7-m/libgcc.a(_arm_muldivdf3.o)
                0x0000000008005260                __aeabi_dmul
                0x0000000008005260                __muldf3
                0x00000000080054b4                __aeabi_ddiv
                0x00000000080054b4                __divdf3
 .text          0x0000000008005684      0x110 /usr/bin/../lib/gcc/arm-none-eabi/5.4.1/armv7-m/libgcc.a(_arm_cmpdf2.o)
                0x0000000008005684                __gtdf2
                0x0000000008005684                __gedf2
                0x000000000800568c                __ltdf2
                0x000000000800568c                __ledf2
                0x0000000008005694                __cmpdf2
                0x0000000008005694                __eqdf2
                0x0000000008005694                __nedf2
                0x0000000008005710                __aeabi_cdrcmple
                0x0000000008005720                __aeabi_cdcmple
                0x0000000008005720                __aeabi_cdcmpeq
                0x0000000008005730                __aeabi_dcmpeq
                0x0000000008005744                __aeabi_dcmplt
                0x0000000008005758                __aeabi_dcmple
                0x000000000800576c                __aeabi_dcmpge
                0x0000000008005780                __aeabi_dcmpgt
 .text          0x0000000008005794       0x2c /usr/bin/../lib/gcc/arm-none-eabi/5.4.1/armv7-m/libgcc.a(_arm_unorddf2.o)
                0x0000000008005794                __aeabi_dcmpun
                0x0000000008005794                __unorddf2
 .text          0x00000000080057c0       0x50 /usr/bin/../lib/gcc/arm-none-eabi/5.4.1/armv7-m/libgcc.a(_arm_fixdfsi.o)
                0x00000000080057c0                __fixdfsi
                0x00000000080057c0                __aeabi_d2iz
 .text          0x0000000008005810       0xa0 /usr/bin/../lib/gcc/arm-none-eabi/5.4.1/armv7-m/libgcc.a(_arm_truncdfsf2.o)
                0x0000000008005810                __aeabi_d2f
                0x0000000008005810                __truncdfsf2
 .text          0x00000000080058b0      0x21c /usr/bin/../lib/gcc/arm-none-eabi/5.4.1/armv7-m/libgcc.a(_arm_addsubsf3.o)
                0x00000000080058b0                __aeabi_frsub
                0x00000000080058b8                __subsf3
                0x00000000080058b8                __aeabi_fsub
                0x00000000080058bc                __aeabi_fadd
                0x00000000080058bc                __addsf3
                0x0000000008005a1c                __aeabi_ui2f
                0x0000000008005a1c                __floatunsisf
                0x0000000008005a24                __aeabi_i2f
                0x0000000008005a24                __floatsisf
                0x0000000008005a40                __floatundisf
                0x0000000008005a40                __aeabi_ul2f
                0x0000000008005a50                __floatdisf
                0x0000000008005a50                __aeabi_l2f
 .text          0x0000000008005acc      0x2a0 /usr/bin/../lib/gcc/arm-none-eabi/5.4.1/armv7-m/libgcc.a(_arm_muldivsf3.o)
                0x0000000008005acc                __mulsf3
                0x0000000008005acc                __aeabi_fmul
                0x0000000008005c34                __divsf3
                0x0000000008005c34                __aeabi_fdiv
 .text          0x0000000008005d6c       0xec /usr/bin/../lib/gcc/arm-none-eabi/5.4.1/armv7-m/libgcc.a(_arm_cmpsf2.o)
                0x0000000008005d6c                __gtsf2
                0x0000000008005d6c                __gesf2
                0x0000000008005d74                __lesf2
                0x0000000008005d74                __ltsf2
                0x0000000008005d7c                __nesf2
                0x0000000008005d7c                __eqsf2
                0x0000000008005d7c                __cmpsf2
                0x0000000008005ddc                __aeabi_cfrcmple
                0x0000000008005de4                __aeabi_cfcmple
                0x0000000008005de4                __aeabi_cfcmpeq
                0x0000000008005df4                __aeabi_fcmpeq
                0x0000000008005e08                __aeabi_fcmplt
                0x0000000008005e1c                __aeabi_fcmple
                0x0000000008005e30                __aeabi_fcmpge
                0x0000000008005e44                __aeabi_fcmpgt
 .text          0x0000000008005e58       0x4c /usr/bin/../lib/gcc/arm-none-eabi/5.4.1/armv7-m/libgcc.a(_arm_fixsfsi.o)
                0x0000000008005e58                __fixsfsi
                0x0000000008005e58                __aeabi_f2iz
 .text.__errno  0x0000000008005ea4        0xc /usr/bin/../lib/gcc/arm-none-eabi/5.4.1/../../../../arm-none-eabi/lib/armv7-m/libg_nano.a(lib_a-errno.o)
                0x0000000008005ea4                __errno
 .text.memcpy   0x0000000008005eb0       0x16 /usr/bin/../lib/gcc/arm-none-eabi/5.4.1/../../../../arm-none-eabi/lib/armv7-m/libg_nano.a(lib_a-memcpy-stub.o)
                0x0000000008005eb0                memcpy
 .text.memset   0x0000000008005ec6       0x10 /usr/bin/../lib/gcc/arm-none-eabi/5.4.1/../../../../arm-none-eabi/lib/armv7-m/libg_nano.a(lib_a-memset.o)
                0x0000000008005ec6                memset
 .text.__cvt    0x0000000008005ed6       0xc0 /usr/bin/../lib/gcc/arm-none-eabi/5.4.1/../../../../arm-none-eabi/lib/armv7-m/libg_nano.a(lib_a-nano-vfprintf_float.o)
                0x0000000008005ed6                __cvt
 .text.__exponent
                0x0000000008005f96       0x62 /usr/bin/../lib/gcc/arm-none-eabi/5.4.1/../../../../arm-none-eabi/lib/armv7-m/libg_nano.a(lib_a-nano-vfprintf_float.o)
                0x0000000008005f96                __exponent
 .text._printf_float
                0x0000000008005ff8      0x488 /usr/bin/../lib/gcc/arm-none-eabi/5.4.1/../../../../arm-none-eabi/lib/armv7-m/libg_nano.a(lib_a-nano-vfprintf_float.o)
                0x0000000008005ff8                _printf_float
 .text._printf_common
                0x0000000008006480       0xec /usr/bin/../lib/gcc/arm-none-eabi/5.4.1/../../../../arm-none-eabi/lib/armv7-m/libg_nano.a(lib_a-nano-vfprintf_i.o)
                0x0000000008006480                _printf_common
 .text._printf_i
                0x000000000800656c      0x24c /usr/bin/../lib/gcc/arm-none-eabi/5.4.1/../../../../arm-none-eabi/lib/armv7-m/libg_nano.a(lib_a-nano-vfprintf_i.o)
                0x000000000800656c                _printf_i
 .text.sprintf  0x00000000080067b8       0x48 /usr/bin/../lib/gcc/arm-none-eabi/5.4.1/../../../../arm-none-eabi/lib/armv7-m/libg_nano.a(lib_a-sprintf.o)
                0x00000000080067b8                sprintf
                0x00000000080067b8                siprintf
 .text          0x0000000008006800       0x10 /usr/bin/../lib/gcc/arm-none-eabi/5.4.1/../../../../arm-none-eabi/lib/armv7-m/libg_nano.a(lib_a-strlen.o)
                0x0000000008006800                strlen
 .text._vsnprintf_r
                0x0000000008006810       0x56 /usr/bin/../lib/gcc/arm-none-eabi/5.4.1/../../../../arm-none-eabi/lib/armv7-m/libg_nano.a(lib_a-vsnprintf.o)
                0x0000000008006810                _vsnprintf_r
                0x0000000008006810                _vsniprintf_r
 *fill*         0x0000000008006866        0x2 
 .text.vsnprintf
                0x0000000008006868       0x1c /usr/bin/../lib/gcc/arm-none-eabi/5.4.1/../../../../arm-none-eabi/lib/armv7-m/libg_nano.a(lib_a-vsnprintf.o)
                0x0000000008006868                vsnprintf
                0x0000000008006868                vsniprintf
 .text.quorem   0x0000000008006884      0x116 /usr/bin/../lib/gcc/arm-none-eabi/5.4.1/../../../../arm-none-eabi/lib/armv7-m/libg_nano.a(lib_a-dtoa.o)
 *fill*         0x000000000800699a        0x6 
 .text._dtoa_r  0x00000000080069a0      0xb30 /usr/bin/../lib/gcc/arm-none-eabi/5.4.1/../../../../arm-none-eabi/lib/armv7-m/libg_nano.a(lib_a-dtoa.o)
                0x00000000080069a0                _dtoa_r
 .text._localeconv_r
                0x00000000080074d0       0x1c /usr/bin/../lib/gcc/arm-none-eabi/5.4.1/../../../../arm-none-eabi/lib/armv7-m/libg_nano.a(lib_a-localeconv.o)
                0x00000000080074d0                _localeconv_r
 .text.malloc   0x00000000080074ec       0x10 /usr/bin/../lib/gcc/arm-none-eabi/5.4.1/../../../../arm-none-eabi/lib/armv7-m/libg_nano.a(lib_a-malloc.o)
                0x00000000080074ec                malloc
 .text.memchr   0x00000000080074fc       0x1c /usr/bin/../lib/gcc/arm-none-eabi/5.4.1/../../../../arm-none-eabi/lib/armv7-m/libg_nano.a(lib_a-memchr-stub.o)
                0x00000000080074fc                memchr
 .text._Balloc  0x0000000008007518       0x6a /usr/bin/../lib/gcc/arm-none-eabi/5.4.1/../../../../arm-none-eabi/lib/armv7-m/libg_nano.a(lib_a-mprec.o)
                0x0000000008007518                _Balloc
 .text._Bfree   0x0000000008007582       0x2e /usr/bin/../lib/gcc/arm-none-eabi/5.4.1/../../../../arm-none-eabi/lib/armv7-m/libg_nano.a(lib_a-mprec.o)
                0x0000000008007582                _Bfree
 .text.__multadd
                0x00000000080075b0       0x76 /usr/bin/../lib/gcc/arm-none-eabi/5.4.1/../../../../arm-none-eabi/lib/armv7-m/libg_nano.a(lib_a-mprec.o)
                0x00000000080075b0                __multadd
 .text.__hi0bits
                0x0000000008007626       0x40 /usr/bin/../lib/gcc/arm-none-eabi/5.4.1/../../../../arm-none-eabi/lib/armv7-m/libg_nano.a(lib_a-mprec.o)
                0x0000000008007626                __hi0bits
 .text.__lo0bits
                0x0000000008007666       0x5a /usr/bin/../lib/gcc/arm-none-eabi/5.4.1/../../../../arm-none-eabi/lib/armv7-m/libg_nano.a(lib_a-mprec.o)
                0x0000000008007666                __lo0bits
 .text.__i2b    0x00000000080076c0       0x12 /usr/bin/../lib/gcc/arm-none-eabi/5.4.1/../../../../arm-none-eabi/lib/armv7-m/libg_nano.a(lib_a-mprec.o)
                0x00000000080076c0                __i2b
 .text.__multiply
                0x00000000080076d2      0x120 /usr/bin/../lib/gcc/arm-none-eabi/5.4.1/../../../../arm-none-eabi/lib/armv7-m/libg_nano.a(lib_a-mprec.o)
                0x00000000080076d2                __multiply
 *fill*         0x00000000080077f2        0x2 
 .text.__pow5mult
                0x00000000080077f4       0x9c /usr/bin/../lib/gcc/arm-none-eabi/5.4.1/../../../../arm-none-eabi/lib/armv7-m/libg_nano.a(lib_a-mprec.o)
                0x00000000080077f4                __pow5mult
 .text.__lshift
                0x0000000008007890       0xa2 /usr/bin/../lib/gcc/arm-none-eabi/5.4.1/../../../../arm-none-eabi/lib/armv7-m/libg_nano.a(lib_a-mprec.o)
                0x0000000008007890                __lshift
 .text.__mcmp   0x0000000008007932       0x38 /usr/bin/../lib/gcc/arm-none-eabi/5.4.1/../../../../arm-none-eabi/lib/armv7-m/libg_nano.a(lib_a-mprec.o)
                0x0000000008007932                __mcmp
 .text.__mdiff  0x000000000800796a       0xbe /usr/bin/../lib/gcc/arm-none-eabi/5.4.1/../../../../arm-none-eabi/lib/armv7-m/libg_nano.a(lib_a-mprec.o)
                0x000000000800796a                __mdiff
 .text.__d2b    0x0000000008007a28       0x9c /usr/bin/../lib/gcc/arm-none-eabi/5.4.1/../../../../arm-none-eabi/lib/armv7-m/libg_nano.a(lib_a-mprec.o)
                0x0000000008007a28                __d2b
 .text._calloc_r
                0x0000000008007ac4       0x1c /usr/bin/../lib/gcc/arm-none-eabi/5.4.1/../../../../arm-none-eabi/lib/armv7-m/libg_nano.a(lib_a-nano-callocr.o)
                0x0000000008007ac4                _calloc_r
 .text._free_r  0x0000000008007ae0       0x98 /usr/bin/../lib/gcc/arm-none-eabi/5.4.1/../../../../arm-none-eabi/lib/armv7-m/libg_nano.a(lib_a-nano-freer.o)
                0x0000000008007ae0                _free_r
 .text._malloc_r
                0x0000000008007b78       0xbc /usr/bin/../lib/gcc/arm-none-eabi/5.4.1/../../../../arm-none-eabi/lib/armv7-m/libg_nano.a(lib_a-nano-mallocr.o)
                0x0000000008007b78                _malloc_r
 .text.__ssputs_r
                0x0000000008007c34       0xb2 /usr/bin/../lib/gcc/arm-none-eabi/5.4.1/../../../../arm-none-eabi/lib/armv7-m/libg_nano.a(lib_a-nano-svfprintf.o)
                0x0000000008007c34                __ssputs_r
 *fill*         0x0000000008007ce6        0x2 
 .text._svfprintf_r
                0x0000000008007ce8      0x1e8 /usr/bin/../lib/gcc/arm-none-eabi/5.4.1/../../../../arm-none-eabi/lib/armv7-m/libg_nano.a(lib_a-nano-svfprintf.o)
                0x0000000008007ce8                _svfprintf_r
                0x0000000008007ce8                _svfiprintf_r
 .text._sbrk_r  0x0000000008007ed0       0x20 /usr/bin/../lib/gcc/arm-none-eabi/5.4.1/../../../../arm-none-eabi/lib/armv7-m/libg_nano.a(lib_a-sbrkr.o)
                0x0000000008007ed0                _sbrk_r
 .text.__ascii_mbtowc
                0x0000000008007ef0       0x24 /usr/bin/../lib/gcc/arm-none-eabi/5.4.1/../../../../arm-none-eabi/lib/armv7-m/libg_nano.a(lib_a-mbtowc_r.o)
                0x0000000008007ef0                __ascii_mbtowc
 .text.memmove  0x0000000008007f14       0x36 /usr/bin/../lib/gcc/arm-none-eabi/5.4.1/../../../../arm-none-eabi/lib/armv7-m/libg_nano.a(lib_a-memmove.o)
                0x0000000008007f14                memmove
 .text.__malloc_lock
                0x0000000008007f4a        0x2 /usr/bin/../lib/gcc/arm-none-eabi/5.4.1/../../../../arm-none-eabi/lib/armv7-m/libg_nano.a(lib_a-mlock.o)
                0x0000000008007f4a                __malloc_lock
 .text.__malloc_unlock
                0x0000000008007f4c        0x2 /usr/bin/../lib/gcc/arm-none-eabi/5.4.1/../../../../arm-none-eabi/lib/armv7-m/libg_nano.a(lib_a-mlock.o)
                0x0000000008007f4c                __malloc_unlock
 .text._realloc_r
                0x0000000008007f4e       0x4c /usr/bin/../lib/gcc/arm-none-eabi/5.4.1/../../../../arm-none-eabi/lib/armv7-m/libg_nano.a(lib_a-nano-reallocr.o)
                0x0000000008007f4e                _realloc_r
 .text.__ascii_wctomb
                0x0000000008007f9a       0x1a /usr/bin/../lib/gcc/arm-none-eabi/5.4.1/../../../../arm-none-eabi/lib/armv7-m/libg_nano.a(lib_a-wctomb_r.o)
                0x0000000008007f9a                __ascii_wctomb
 .text._malloc_usable_size_r
                0x0000000008007fb4       0x14 /usr/bin/../lib/gcc/arm-none-eabi/5.4.1/../../../../arm-none-eabi/lib/armv7-m/libg_nano.a(lib_a-nano-msizer.o)
                0x0000000008007fb4                _malloc_usable_size_r
 *(.rodata .rodata.* .constdata .constdata.*)
 .rodata.str1.4
                0x0000000008007fc8       0x1a ./system/src/drivers/serial.o
 *fill*         0x0000000008007fe2        0x2 
 .rodata.str1.4
                0x0000000008007fe4       0x24 ./system/src/drivers/tx20.o
 .rodata.str1.4
                0x0000000008008008      0x146 ./system/src/cortexm/exception_handlers.o
 *fill*         0x000000000800814e        0x2 
 .rodata.sin_table
                0x0000000008008150       0x80 ./system/src/aprs/afsk.o
 .rodata        0x00000000080081d0       0x1a ./system/src/aprs/beacon.o
 *fill*         0x00000000080081ea        0x2 
 .rodata.str1.4
                0x00000000080081ec       0x2a ./system/src/aprs/beacon.o
 *fill*         0x0000000008008216        0x2 
 .rodata.crc_ccitt_tab
                0x0000000008008218      0x200 ./system/src/aprs/crc.o
                0x0000000008008218                crc_ccitt_tab
 .rodata.str1.4
                0x0000000008008418       0xbc ./system/src/aprs/telemetry.o
 .rodata.str1.4
                0x00000000080084d4        0xe ./src/PathConfig.o
                                         0x16 (size before relaxing)
 *fill*         0x00000000080084e2        0x2 
 .rodata.str1.4
                0x00000000080084e4       0x20 ./src/it_handlers.o
                                         0x1d (size before relaxing)
 .rodata        0x0000000008008504       0x1a ./src/main.o
 .rodata.str1.4
                0x000000000800851e       0x2a ./src/main.o
 *fill*         0x000000000800851e        0x2 
 .rodata.npio2_hw
                0x0000000008008520       0x80 /usr/bin/../lib/gcc/arm-none-eabi/5.4.1/../../../../arm-none-eabi/lib/armv7-m/libm.a(lib_a-e_rem_pio2.o)
 .rodata.two_over_pi
                0x00000000080085a0      0x108 /usr/bin/../lib/gcc/arm-none-eabi/5.4.1/../../../../arm-none-eabi/lib/armv7-m/libm.a(lib_a-e_rem_pio2.o)
 .rodata.npio2_hw
                0x00000000080086a8       0x80 /usr/bin/../lib/gcc/arm-none-eabi/5.4.1/../../../../arm-none-eabi/lib/armv7-m/libm.a(lib_a-ef_rem_pio2.o)
 .rodata.two_over_pi
                0x0000000008008728      0x318 /usr/bin/../lib/gcc/arm-none-eabi/5.4.1/../../../../arm-none-eabi/lib/armv7-m/libm.a(lib_a-ef_rem_pio2.o)
 .rodata.init_jk
                0x0000000008008a40       0x10 /usr/bin/../lib/gcc/arm-none-eabi/5.4.1/../../../../arm-none-eabi/lib/armv7-m/libm.a(lib_a-k_rem_pio2.o)
 .rodata.PIo2   0x0000000008008a50       0x40 /usr/bin/../lib/gcc/arm-none-eabi/5.4.1/../../../../arm-none-eabi/lib/armv7-m/libm.a(lib_a-k_rem_pio2.o)
 .rodata.init_jk
                0x0000000008008a90        0xc /usr/bin/../lib/gcc/arm-none-eabi/5.4.1/../../../../arm-none-eabi/lib/armv7-m/libm.a(lib_a-kf_rem_pio2.o)
 .rodata.PIo2   0x0000000008008a9c       0x2c /usr/bin/../lib/gcc/arm-none-eabi/5.4.1/../../../../arm-none-eabi/lib/armv7-m/libm.a(lib_a-kf_rem_pio2.o)
 .rodata.atanlo
                0x0000000008008ac8       0x10 /usr/bin/../lib/gcc/arm-none-eabi/5.4.1/../../../../arm-none-eabi/lib/armv7-m/libm.a(lib_a-sf_atan.o)
 .rodata.atanhi
                0x0000000008008ad8       0x10 /usr/bin/../lib/gcc/arm-none-eabi/5.4.1/../../../../arm-none-eabi/lib/armv7-m/libm.a(lib_a-sf_atan.o)
 .rodata.str1.1
                0x0000000008008ae8       0x12 /usr/bin/../lib/gcc/arm-none-eabi/5.4.1/../../../../arm-none-eabi/lib/armv7-m/libg_nano.a(lib_a-nano-vfprintf_float.o)
 .rodata.str1.1
                0x0000000008008afa       0x22 /usr/bin/../lib/gcc/arm-none-eabi/5.4.1/../../../../arm-none-eabi/lib/armv7-m/libg_nano.a(lib_a-nano-vfprintf_i.o)
 .rodata.str1.1
                0x0000000008008b1c        0xd /usr/bin/../lib/gcc/arm-none-eabi/5.4.1/../../../../arm-none-eabi/lib/armv7-m/libg_nano.a(lib_a-dtoa.o)
                                          0xf (size before relaxing)
 *fill*         0x0000000008008b29        0x7 
 .rodata.__mprec_tens
                0x0000000008008b30       0xc8 /usr/bin/../lib/gcc/arm-none-eabi/5.4.1/../../../../arm-none-eabi/lib/armv7-m/libg_nano.a(lib_a-mprec.o)
                0x0000000008008b30                __mprec_tens
 .rodata.__mprec_bigtens
                0x0000000008008bf8       0x28 /usr/bin/../lib/gcc/arm-none-eabi/5.4.1/../../../../arm-none-eabi/lib/armv7-m/libg_nano.a(lib_a-mprec.o)
                0x0000000008008bf8                __mprec_bigtens
 .rodata.p05.6097
                0x0000000008008c20        0xc /usr/bin/../lib/gcc/arm-none-eabi/5.4.1/../../../../arm-none-eabi/lib/armv7-m/libg_nano.a(lib_a-mprec.o)
 .rodata.str1.1
                0x0000000008008c2c       0x11 /usr/bin/../lib/gcc/arm-none-eabi/5.4.1/../../../../arm-none-eabi/lib/armv7-m/libg_nano.a(lib_a-nano-svfprintf.o)
 .rodata.str1.1
                0x0000000008008c3d        0xa /usr/bin/../lib/gcc/arm-none-eabi/5.4.1/../../../../arm-none-eabi/lib/armv7-m/libg_nano.a(lib_a-locale.o)
                                          0xb (size before relaxing)
 .rodata._ctype_
                0x0000000008008c47      0x101 /usr/bin/../lib/gcc/arm-none-eabi/5.4.1/../../../../arm-none-eabi/lib/armv7-m/libg_nano.a(lib_a-ctype_.o)
                0x0000000008008c47                _ctype_
 *(vtable)
 *(.eh_frame*)
 *(.glue_7)
 .glue_7        0x0000000008008d48        0x0 linker stubs
 *(.glue_7t)
 .glue_7t       0x0000000008008d48        0x0 linker stubs

.vfp11_veneer   0x0000000008008d48        0x0
 .vfp11_veneer  0x0000000008008d48        0x0 linker stubs

.v4_bx          0x0000000008008d48        0x0
 .v4_bx         0x0000000008008d48        0x0 linker stubs

.iplt           0x0000000008008d48        0x0
 .iplt          0x0000000008008d48        0x0 ./system/src/stm32f1-stdperiph/misc.o

.rel.dyn        0x0000000008008d48        0x0
 .rel.iplt      0x0000000008008d48        0x0 ./system/src/stm32f1-stdperiph/misc.o

.ARM.extab
 *(.ARM.extab* .gnu.linkonce.armextab.*)
                0x0000000008008d48                . = ALIGN (0x4)
                0x0000000008008d48                __exidx_start = .

.ARM.exidx
 *(.ARM.exidx* .gnu.linkonce.armexidx.*)
                0x0000000008008d48                __exidx_end = .
                0x0000000008008d48                . = ALIGN (0x4)
                0x0000000008008d48                _etext = .
                0x0000000008008d48                __etext = .

.data_CCMRAM    0x0000000000000000        0x0 load address 0x0000000008008d48
 FILL mask 0xff
 *(.data.CCMRAM .data.CCMRAM.*)
                0x0000000000000000                . = ALIGN (0x4)
                0x0000000008008d48                _sidata = LOADADDR (.data)

.data           0x0000000020000000      0x210 load address 0x0000000008008d48
 FILL mask 0xff
                0x0000000020000000                _sdata = .
                0x0000000020000000                __data_start__ = .
 *(.data_begin .data_begin.*)
 .data_begin    0x0000000020000000        0x4 ./system/src/newlib/_startup.o
 *(.data .data.*)
 .data.ADCPrescTable
                0x0000000020000004        0x4 ./system/src/stm32f1-stdperiph/stm32f10x_rcc.o
 .data.APBAHBPrescTable
                0x0000000020000008       0x10 ./system/src/stm32f1-stdperiph/stm32f10x_rcc.o
 .data.argv.4290
                0x0000000020000018        0x8 ./system/src/newlib/_syscalls.o
 .data.srlIdle  0x0000000020000020        0x4 ./system/src/drivers/serial.o
                0x0000000020000020                srlIdle
 .data.AHBPrescTable
                0x0000000020000024       0x10 ./system/src/cmsis/system_stm32f10x.o
                0x0000000020000024                AHBPrescTable
 .data.SystemCoreClock
                0x0000000020000034        0x4 ./system/src/cmsis/system_stm32f10x.o
                0x0000000020000034                SystemCoreClock
 .data.BcnI     0x0000000020000038        0x1 ./src/main.o
                0x0000000020000038                BcnI
 .data.TelemI   0x0000000020000039        0x1 ./src/main.o
                0x0000000020000039                TelemI
 *fill*         0x000000002000003a        0x2 ff
 .data.impure_data
                0x000000002000003c       0x60 /usr/bin/../lib/gcc/arm-none-eabi/5.4.1/../../../../arm-none-eabi/lib/armv7-m/libg_nano.a(lib_a-impure.o)
 .data._impure_ptr
                0x000000002000009c        0x4 /usr/bin/../lib/gcc/arm-none-eabi/5.4.1/../../../../arm-none-eabi/lib/armv7-m/libg_nano.a(lib_a-impure.o)
                0x000000002000009c                _impure_ptr
 .data.__global_locale
                0x00000000200000a0      0x16c /usr/bin/../lib/gcc/arm-none-eabi/5.4.1/../../../../arm-none-eabi/lib/armv7-m/libg_nano.a(lib_a-locale.o)
                0x00000000200000a0                __global_locale
 *(.data_end .data_end.*)
 .data_end      0x000000002000020c        0x4 ./system/src/newlib/_startup.o
                0x0000000020000210                . = ALIGN (0x4)
                0x0000000020000210                _edata = .
                0x0000000020000210                __data_end__ = .

.igot.plt       0x0000000020000210        0x0 load address 0x0000000008008f58
 .igot.plt      0x0000000020000210        0x0 ./system/src/stm32f1-stdperiph/misc.o

.bss_CCMRAM     0x0000000000000000        0x0
 *(.bss.CCMRAM .bss.CCMRAM.*)

.bss            0x0000000020000210      0xbc4
                0x0000000020000210                __bss_start__ = .
                0x0000000020000210                _sbss = .
 *(.bss_begin .bss_begin.*)
 .bss_begin     0x0000000020000210        0x4 ./system/src/newlib/_startup.o
 *(.bss .bss.*)
 .bss.current_heap_end.3974
                0x0000000020000214        0x4 ./system/src/newlib/_sbrk.o
 .bss.name.4289
                0x0000000020000218        0x1 ./system/src/newlib/_syscalls.o
 *fill*         0x0000000020000219        0x3 
 .bss.delay_5us
                0x000000002000021c        0x4 ./system/src/drivers/dallas.o
                0x000000002000021c                delay_5us
 .bss.timm      0x0000000020000220        0x1 ./system/src/drivers/dallas.o
                0x0000000020000220                timm
 *fill*         0x0000000020000221        0x3 
 .bss.i2cTXData
                0x0000000020000224       0x80 ./system/src/drivers/i2c.o
                0x0000000020000224                i2cTXData
 .bss.i2cTXQueueLen
                0x00000000200002a4        0x4 ./system/src/drivers/i2c.o
                0x00000000200002a4                i2cTXQueueLen
 .bss.i2cRXing  0x00000000200002a8        0x4 ./system/src/drivers/i2c.o
                0x00000000200002a8                i2cRXing
 .bss.i2cRemoteAddr
                0x00000000200002ac        0x4 ./system/src/drivers/i2c.o
                0x00000000200002ac                i2cRemoteAddr
 .bss.i2cRXBytesNumber
                0x00000000200002b0        0x4 ./system/src/drivers/i2c.o
                0x00000000200002b0                i2cRXBytesNumber
 .bss.i2cRXData
                0x00000000200002b4       0x80 ./system/src/drivers/i2c.o
                0x00000000200002b4                i2cRXData
 .bss.i2cTRXDataCounter
                0x0000000020000334        0x4 ./system/src/drivers/i2c.o
                0x0000000020000334                i2cTRXDataCounter
 .bss.i2cTXing  0x0000000020000338        0x4 ./system/src/drivers/i2c.o
                0x0000000020000338                i2cTXing
 .bss.i2cErrorCounter
                0x000000002000033c        0x4 ./system/src/drivers/i2c.o
                0x000000002000033c                i2cErrorCounter
 .bss.srlRXing  0x0000000020000340        0x4 ./system/src/drivers/serial.o
                0x0000000020000340                srlRXing
 .bss.srlRXData
                0x0000000020000344       0x80 ./system/src/drivers/serial.o
                0x0000000020000344                srlRXData
 .bss.srlLenAddr
                0x00000000200003c4        0x1 ./system/src/drivers/serial.o
                0x00000000200003c4                srlLenAddr
 .bss.srlEchoOn
                0x00000000200003c5        0x1 ./system/src/drivers/serial.o
                0x00000000200003c5                srlEchoOn
 .bss.srlStopChar
                0x00000000200003c6        0x1 ./system/src/drivers/serial.o
                0x00000000200003c6                srlStopChar
 *fill*         0x00000000200003c7        0x1 
 .bss.srlTXing  0x00000000200003c8        0x4 ./system/src/drivers/serial.o
                0x00000000200003c8                srlTXing
 .bss.srlStartChar
                0x00000000200003cc        0x1 ./system/src/drivers/serial.o
                0x00000000200003cc                srlStartChar
 *fill*         0x00000000200003cd        0x3 
 .bss.srlTXData
                0x00000000200003d0       0x80 ./system/src/drivers/serial.o
                0x00000000200003d0                srlTXData
 .bss.srlLenModif
                0x0000000020000450        0x1 ./system/src/drivers/serial.o
                0x0000000020000450                srlLenModif
 *fill*         0x0000000020000451        0x3 
 .bss.srlTXQueueLen
                0x0000000020000454        0x4 ./system/src/drivers/serial.o
                0x0000000020000454                srlTXQueueLen
 .bss.srlRXBytesNum
                0x0000000020000458        0x4 ./system/src/drivers/serial.o
                0x0000000020000458                srlRXBytesNum
 .bss.srlTRXDataCounter
                0x000000002000045c        0x4 ./system/src/drivers/serial.o
                0x000000002000045c                srlTRXDataCounter
 .bss.buf.5179  0x0000000020000460       0x80 ./system/src/diag/Trace.o
 .bss.corr_mark_i
                0x00000000200004e0       0x10 ./system/src/aprs/afsk.o
 .bss.corr_mark_q
                0x00000000200004f0       0x10 ./system/src/aprs/afsk.o
 .bss.ptr       0x0000000020000500        0x1 ./system/src/aprs/afsk.o
 *fill*         0x0000000020000501        0x3 
 .bss.corr_space_i
                0x0000000020000504       0x10 ./system/src/aprs/afsk.o
 .bss.corr_space_q
                0x0000000020000514       0x10 ./system/src/aprs/afsk.o
 .bss.data      0x0000000020000524       0x10 ./system/src/aprs/afsk.o
 .bss.jj        0x0000000020000534        0x4 ./system/src/aprs/telemetry.o
                0x0000000020000534                jj
 .bss._ZN5Timer13ms_delayCountE
                0x0000000020000538        0x4 ./src/Timer.o
                0x0000000020000538                Timer::ms_delayCount
 .bss.adc_sample_count
                0x000000002000053c        0x1 ./src/it_handlers.o
                0x000000002000053c                adc_sample_count
 .bss.adc_sample_c2
                0x000000002000053d        0x1 ./src/it_handlers.o
                0x000000002000053d                adc_sample_c2
 .bss.BcnInterval
                0x000000002000053e        0x1 ./src/main.o
                0x000000002000053e                BcnInterval
 *fill*         0x000000002000053f        0x1 
 .bss.ax25      0x0000000020000540      0x164 ./src/main.o
                0x0000000020000540                ax25
 .bss.aprs_msg  0x00000000200006a4       0x80 ./src/main.o
                0x00000000200006a4                aprs_msg
 .bss.tx10m     0x0000000020000724        0x2 ./src/main.o
                0x0000000020000724                tx10m
 *fill*         0x0000000020000726        0x2 
 .bss.temperature
                0x0000000020000728        0x4 ./src/main.o
                0x0000000020000728                temperature
 .bss.path      0x000000002000072c       0x15 ./src/main.o
                0x000000002000072c                path
 .bss.TelemInterval
                0x0000000020000741        0x1 ./src/main.o
                0x0000000020000741                TelemInterval
 .bss.WXInterval
                0x0000000020000742        0x1 ./src/main.o
                0x0000000020000742                WXInterval
 *fill*         0x0000000020000743        0x1 
 .bss.t         0x0000000020000744        0x4 ./src/main.o
                0x0000000020000744                t
 .bss.aprs_msg_len
                0x0000000020000748        0x1 ./src/main.o
                0x0000000020000748                aprs_msg_len
 *fill*         0x0000000020000749        0x1 
 .bss.digi10m   0x000000002000074a        0x2 ./src/main.o
                0x000000002000074a                digi10m
 .bss.path_len  0x000000002000074c        0x1 ./src/main.o
                0x000000002000074c                path_len
 *fill*         0x000000002000074d        0x3 
 .bss.a         0x0000000020000750      0x344 ./src/main.o
                0x0000000020000750                a
 .bss.after_tx_lock
                0x0000000020000a94        0x1 ./src/main.o
                0x0000000020000a94                after_tx_lock
 *fill*         0x0000000020000a95        0x1 
 .bss.rx10m     0x0000000020000a96        0x2 ./src/main.o
                0x0000000020000a96                rx10m
 .bss.td        0x0000000020000a98        0x4 ./src/main.o
                0x0000000020000a98                td
 .bss.__malloc_sbrk_start
                0x0000000020000a9c        0x4 /usr/bin/../lib/gcc/arm-none-eabi/5.4.1/../../../../arm-none-eabi/lib/armv7-m/libg_nano.a(lib_a-nano-mallocr.o)
                0x0000000020000a9c                __malloc_sbrk_start
 .bss.__malloc_free_list
                0x0000000020000aa0        0x4 /usr/bin/../lib/gcc/arm-none-eabi/5.4.1/../../../../arm-none-eabi/lib/armv7-m/libg_nano.a(lib_a-nano-mallocr.o)
                0x0000000020000aa0                __malloc_free_list
 *(COMMON)
 COMMON         0x0000000020000aa4        0x4 ./system/src/newlib/_syscalls.o
                0x0000000020000aa4                errno
 COMMON         0x0000000020000aa8        0x2 ./system/src/drivers/serial.o
                0x0000000020000aa8                srlRxDummy
                0x0000000020000aa9                srlStartStopS
 *fill*         0x0000000020000aaa        0x6 
 COMMON         0x0000000020000ab0      0x170 ./system/src/drivers/tx20.o
                0x0000000020000ab0                TX20
 COMMON         0x0000000020000c20      0x1a1 ./system/src/aprs/ax25.o
                0x0000000020000c20                msg
                0x0000000020000dc0                new_msg_rx
 *fill*         0x0000000020000dc1        0x3 
 COMMON         0x0000000020000dc4        0xa ./src/it_handlers.o
                0x0000000020000dc4                AdcBuffer
                0x0000000020000dcc                AdcValue
 *(.bss_end .bss_end.*)
 *fill*         0x0000000020000dce        0x2 
 .bss_end       0x0000000020000dd0        0x4 ./system/src/newlib/_startup.o
                0x0000000020000dd4                . = ALIGN (0x4)
                0x0000000020000dd4                __bss_end__ = .
                0x0000000020000dd4                _ebss = .

.noinit_CCMRAM
 *(.noinit.CCMRAM .noinit.CCMRAM.*)

.noinit         0x0000000020000dd4        0x0
                0x0000000020000dd4                _noinit = .
 *(.noinit .noinit.*)
                0x0000000020000dd4                . = ALIGN (0x4)
                0x0000000020000dd4                _end_noinit = .
                [!provide]                        PROVIDE (end, _end_noinit)
                [!provide]                        PROVIDE (_end, _end_noinit)
                [!provide]                        PROVIDE (__end, _end_noinit)
                [!provide]                        PROVIDE (__end__, _end_noinit)

._check_stack   0x0000000020000dd4      0x100
                0x0000000020000ed4                . = (. + _Minimum_Stack_Size)
 *fill*         0x0000000020000dd4      0x100 

.b1text
 *(.b1text)
 *(.b1rodata)
 *(.b1rodata.*)

.eb0text
 *(.eb0text)
 *(.eb0rodata)
 *(.eb0rodata.*)

.eb1text
 *(.eb1text)
 *(.eb1rodata)
 *(.eb1rodata.*)

.eb2text
 *(.eb2text)
 *(.eb2rodata)
 *(.eb2rodata.*)

.eb3text
 *(.eb3text)
 *(.eb3rodata)
 *(.eb3rodata.*)

.stab
 *(.stab)

.stabstr
 *(.stabstr)

.stab.excl
 *(.stab.excl)

.stab.exclstr
 *(.stab.exclstr)

.stab.index
 *(.stab.index)

.stab.indexstr
 *(.stab.indexstr)

.comment        0x0000000000000000       0x6e
 *(.comment)
 .comment       0x0000000000000000       0x6e ./system/src/stm32f1-stdperiph/stm32f10x_gpio.o
                                         0x6f (size before relaxing)
 .comment       0x000000000000006e       0x6f ./system/src/stm32f1-stdperiph/stm32f10x_rcc.o
 .comment       0x000000000000006e       0x6f ./system/src/stm32f1-stdperiph/stm32f10x_usart.o
 .comment       0x000000000000006e       0x6f ./system/src/newlib/_exit.o
 .comment       0x000000000000006e       0x6f ./system/src/newlib/_sbrk.o
 .comment       0x000000000000006e       0x6f ./system/src/newlib/_startup.o
 .comment       0x000000000000006e       0x6f ./system/src/newlib/_syscalls.o
 .comment       0x000000000000006e       0x6f ./system/src/drivers/dallas.o
 .comment       0x000000000000006e       0x6f ./system/src/drivers/gpio_conf.o
 .comment       0x000000000000006e       0x6f ./system/src/drivers/i2c.o
 .comment       0x000000000000006e       0x6f ./system/src/drivers/serial.o
 .comment       0x000000000000006e       0x6f ./system/src/drivers/tx20.o
 .comment       0x000000000000006e       0x6f ./system/src/diag/Trace.o
 .comment       0x000000000000006e       0x6f ./system/src/diag/trace_impl.o
 .comment       0x000000000000006e       0x6f ./system/src/cortexm/_initialize_hardware.o
 .comment       0x000000000000006e       0x6f ./system/src/cortexm/exception_handlers.o
 .comment       0x000000000000006e       0x6f ./system/src/cmsis/system_stm32f10x.o
 .comment       0x000000000000006e       0x6f ./system/src/cmsis/vectors_stm32f10x.o
 .comment       0x000000000000006e       0x6f ./system/src/aprs/adc.o
 .comment       0x000000000000006e       0x6f ./system/src/aprs/afsk.o
 .comment       0x000000000000006e       0x6f ./system/src/aprs/afsk_pr.o
 .comment       0x000000000000006e       0x6f ./system/src/aprs/ax25.o
 .comment       0x000000000000006e       0x6f ./system/src/aprs/beacon.o
 .comment       0x000000000000006e       0x6f ./system/src/aprs/crc.o
 .comment       0x000000000000006e       0x6f ./system/src/aprs/dac.o
 .comment       0x000000000000006e       0x6f ./system/src/aprs/telemetry.o
 .comment       0x000000000000006e       0x6f ./src/KissCommunication.o
 .comment       0x000000000000006e       0x6f ./src/LedConfig.o
 .comment       0x000000000000006e       0x6f ./src/PathConfig.o
 .comment       0x000000000000006e       0x6f ./src/Timer.o
 .comment       0x000000000000006e       0x6f ./src/TimerConfig.o
 .comment       0x000000000000006e       0x6f ./src/it_handlers.o
 .comment       0x000000000000006e       0x6f ./src/main.o

.ARM.attributes
                0x0000000000000000       0x31
 .ARM.attributes
                0x0000000000000000       0x33 ./system/src/stm32f1-stdperiph/stm32f10x_gpio.o
 .ARM.attributes
                0x0000000000000033       0x33 ./system/src/stm32f1-stdperiph/stm32f10x_rcc.o
 .ARM.attributes
                0x0000000000000066       0x33 ./system/src/stm32f1-stdperiph/stm32f10x_usart.o
 .ARM.attributes
                0x0000000000000099       0x33 ./system/src/newlib/_exit.o
 .ARM.attributes
                0x00000000000000cc       0x33 ./system/src/newlib/_sbrk.o
 .ARM.attributes
                0x00000000000000ff       0x33 ./system/src/newlib/_startup.o
 .ARM.attributes
                0x0000000000000132       0x33 ./system/src/newlib/_syscalls.o
 .ARM.attributes
                0x0000000000000165       0x33 ./system/src/drivers/dallas.o
 .ARM.attributes
                0x0000000000000198       0x33 ./system/src/drivers/gpio_conf.o
 .ARM.attributes
                0x00000000000001cb       0x33 ./system/src/drivers/i2c.o
 .ARM.attributes
                0x00000000000001fe       0x33 ./system/src/drivers/serial.o
 .ARM.attributes
                0x0000000000000231       0x33 ./system/src/drivers/tx20.o
 .ARM.attributes
                0x0000000000000264       0x33 ./system/src/diag/Trace.o
 .ARM.attributes
                0x0000000000000297       0x33 ./system/src/diag/trace_impl.o
 .ARM.attributes
                0x00000000000002ca       0x33 ./system/src/cortexm/_initialize_hardware.o
 .ARM.attributes
                0x00000000000002fd       0x33 ./system/src/cortexm/exception_handlers.o
 .ARM.attributes
                0x0000000000000330       0x33 ./system/src/cmsis/system_stm32f10x.o
 .ARM.attributes
                0x0000000000000363       0x33 ./system/src/cmsis/vectors_stm32f10x.o
 .ARM.attributes
                0x0000000000000396       0x33 ./system/src/aprs/adc.o
 .ARM.attributes
                0x00000000000003c9       0x33 ./system/src/aprs/afsk.o
 .ARM.attributes
                0x00000000000003fc       0x33 ./system/src/aprs/afsk_pr.o
 .ARM.attributes
                0x000000000000042f       0x33 ./system/src/aprs/ax25.o
 .ARM.attributes
                0x0000000000000462       0x33 ./system/src/aprs/beacon.o
 .ARM.attributes
                0x0000000000000495       0x33 ./system/src/aprs/crc.o
 .ARM.attributes
                0x00000000000004c8       0x33 ./system/src/aprs/dac.o
 .ARM.attributes
                0x00000000000004fb       0x33 ./system/src/aprs/telemetry.o
 .ARM.attributes
                0x000000000000052e       0x33 ./src/KissCommunication.o
 .ARM.attributes
                0x0000000000000561       0x33 ./src/LedConfig.o
 .ARM.attributes
                0x0000000000000594       0x33 ./src/PathConfig.o
 .ARM.attributes
                0x00000000000005c7       0x33 ./src/Timer.o
 .ARM.attributes
                0x00000000000005fa       0x33 ./src/TimerConfig.o
 .ARM.attributes
                0x000000000000062d       0x33 ./src/it_handlers.o
 .ARM.attributes
                0x0000000000000660       0x33 ./src/main.o
 .ARM.attributes
                0x0000000000000693       0x2d /usr/bin/../lib/gcc/arm-none-eabi/5.4.1/../../../../arm-none-eabi/lib/armv7-m/libm.a(lib_a-s_cos.o)
 .ARM.attributes
                0x00000000000006c0       0x2d /usr/bin/../lib/gcc/arm-none-eabi/5.4.1/../../../../arm-none-eabi/lib/armv7-m/libm.a(lib_a-s_sin.o)
 .ARM.attributes
                0x00000000000006ed       0x2d /usr/bin/../lib/gcc/arm-none-eabi/5.4.1/../../../../arm-none-eabi/lib/armv7-m/libm.a(lib_a-sf_cos.o)
 .ARM.attributes
                0x000000000000071a       0x2d /usr/bin/../lib/gcc/arm-none-eabi/5.4.1/../../../../arm-none-eabi/lib/armv7-m/libm.a(lib_a-sf_sin.o)
 .ARM.attributes
                0x0000000000000747       0x2d /usr/bin/../lib/gcc/arm-none-eabi/5.4.1/../../../../arm-none-eabi/lib/armv7-m/libm.a(lib_a-wf_atan2.o)
 .ARM.attributes
                0x0000000000000774       0x2d /usr/bin/../lib/gcc/arm-none-eabi/5.4.1/../../../../arm-none-eabi/lib/armv7-m/libm.a(lib_a-e_rem_pio2.o)
 .ARM.attributes
                0x00000000000007a1       0x2d /usr/bin/../lib/gcc/arm-none-eabi/5.4.1/../../../../arm-none-eabi/lib/armv7-m/libm.a(lib_a-ef_atan2.o)
 .ARM.attributes
                0x00000000000007ce       0x2d /usr/bin/../lib/gcc/arm-none-eabi/5.4.1/../../../../arm-none-eabi/lib/armv7-m/libm.a(lib_a-ef_rem_pio2.o)
 .ARM.attributes
                0x00000000000007fb       0x2d /usr/bin/../lib/gcc/arm-none-eabi/5.4.1/../../../../arm-none-eabi/lib/armv7-m/libm.a(lib_a-k_cos.o)
 .ARM.attributes
                0x0000000000000828       0x2d /usr/bin/../lib/gcc/arm-none-eabi/5.4.1/../../../../arm-none-eabi/lib/armv7-m/libm.a(lib_a-k_rem_pio2.o)
 .ARM.attributes
                0x0000000000000855       0x2d /usr/bin/../lib/gcc/arm-none-eabi/5.4.1/../../../../arm-none-eabi/lib/armv7-m/libm.a(lib_a-k_sin.o)
 .ARM.attributes
                0x0000000000000882       0x2d /usr/bin/../lib/gcc/arm-none-eabi/5.4.1/../../../../arm-none-eabi/lib/armv7-m/libm.a(lib_a-kf_cos.o)
 .ARM.attributes
                0x00000000000008af       0x2d /usr/bin/../lib/gcc/arm-none-eabi/5.4.1/../../../../arm-none-eabi/lib/armv7-m/libm.a(lib_a-kf_rem_pio2.o)
 .ARM.attributes
                0x00000000000008dc       0x2d /usr/bin/../lib/gcc/arm-none-eabi/5.4.1/../../../../arm-none-eabi/lib/armv7-m/libm.a(lib_a-kf_sin.o)
 .ARM.attributes
                0x0000000000000909       0x2d /usr/bin/../lib/gcc/arm-none-eabi/5.4.1/../../../../arm-none-eabi/lib/armv7-m/libm.a(lib_a-s_fabs.o)
 .ARM.attributes
                0x0000000000000936       0x2d /usr/bin/../lib/gcc/arm-none-eabi/5.4.1/../../../../arm-none-eabi/lib/armv7-m/libm.a(lib_a-s_floor.o)
 .ARM.attributes
                0x0000000000000963       0x2d /usr/bin/../lib/gcc/arm-none-eabi/5.4.1/../../../../arm-none-eabi/lib/armv7-m/libm.a(lib_a-s_scalbn.o)
 .ARM.attributes
                0x0000000000000990       0x2d /usr/bin/../lib/gcc/arm-none-eabi/5.4.1/../../../../arm-none-eabi/lib/armv7-m/libm.a(lib_a-sf_atan.o)
 .ARM.attributes
                0x00000000000009bd       0x2d /usr/bin/../lib/gcc/arm-none-eabi/5.4.1/../../../../arm-none-eabi/lib/armv7-m/libm.a(lib_a-sf_fabs.o)
 .ARM.attributes
                0x00000000000009ea       0x2d /usr/bin/../lib/gcc/arm-none-eabi/5.4.1/../../../../arm-none-eabi/lib/armv7-m/libm.a(lib_a-sf_floor.o)
 .ARM.attributes
                0x0000000000000a17       0x2d /usr/bin/../lib/gcc/arm-none-eabi/5.4.1/../../../../arm-none-eabi/lib/armv7-m/libm.a(lib_a-sf_scalbn.o)
 .ARM.attributes
                0x0000000000000a44       0x2d /usr/bin/../lib/gcc/arm-none-eabi/5.4.1/../../../../arm-none-eabi/lib/armv7-m/libm.a(lib_a-s_copysign.o)
 .ARM.attributes
                0x0000000000000a71       0x2d /usr/bin/../lib/gcc/arm-none-eabi/5.4.1/../../../../arm-none-eabi/lib/armv7-m/libm.a(lib_a-sf_copysign.o)
 .ARM.attributes
                0x0000000000000a9e       0x1d /usr/bin/../lib/gcc/arm-none-eabi/5.4.1/armv7-m/libgcc.a(_arm_addsubdf3.o)
 .ARM.attributes
                0x0000000000000abb       0x1d /usr/bin/../lib/gcc/arm-none-eabi/5.4.1/armv7-m/libgcc.a(_arm_muldivdf3.o)
 .ARM.attributes
                0x0000000000000ad8       0x1d /usr/bin/../lib/gcc/arm-none-eabi/5.4.1/armv7-m/libgcc.a(_arm_cmpdf2.o)
 .ARM.attributes
                0x0000000000000af5       0x1d /usr/bin/../lib/gcc/arm-none-eabi/5.4.1/armv7-m/libgcc.a(_arm_unorddf2.o)
 .ARM.attributes
                0x0000000000000b12       0x1d /usr/bin/../lib/gcc/arm-none-eabi/5.4.1/armv7-m/libgcc.a(_arm_fixdfsi.o)
 .ARM.attributes
                0x0000000000000b2f       0x1d /usr/bin/../lib/gcc/arm-none-eabi/5.4.1/armv7-m/libgcc.a(_arm_truncdfsf2.o)
 .ARM.attributes
                0x0000000000000b4c       0x1d /usr/bin/../lib/gcc/arm-none-eabi/5.4.1/armv7-m/libgcc.a(_arm_addsubsf3.o)
 .ARM.attributes
                0x0000000000000b69       0x1d /usr/bin/../lib/gcc/arm-none-eabi/5.4.1/armv7-m/libgcc.a(_arm_muldivsf3.o)
 .ARM.attributes
                0x0000000000000b86       0x1d /usr/bin/../lib/gcc/arm-none-eabi/5.4.1/armv7-m/libgcc.a(_arm_cmpsf2.o)
 .ARM.attributes
                0x0000000000000ba3       0x1d /usr/bin/../lib/gcc/arm-none-eabi/5.4.1/armv7-m/libgcc.a(_arm_fixsfsi.o)
 .ARM.attributes
                0x0000000000000bc0       0x2d /usr/bin/../lib/gcc/arm-none-eabi/5.4.1/../../../../arm-none-eabi/lib/armv7-m/libg_nano.a(lib_a-errno.o)
 .ARM.attributes
                0x0000000000000bed       0x2d /usr/bin/../lib/gcc/arm-none-eabi/5.4.1/../../../../arm-none-eabi/lib/armv7-m/libg_nano.a(lib_a-impure.o)
 .ARM.attributes
                0x0000000000000c1a       0x2d /usr/bin/../lib/gcc/arm-none-eabi/5.4.1/../../../../arm-none-eabi/lib/armv7-m/libg_nano.a(lib_a-memcpy-stub.o)
 .ARM.attributes
                0x0000000000000c47       0x2d /usr/bin/../lib/gcc/arm-none-eabi/5.4.1/../../../../arm-none-eabi/lib/armv7-m/libg_nano.a(lib_a-memset.o)
 .ARM.attributes
                0x0000000000000c74       0x2d /usr/bin/../lib/gcc/arm-none-eabi/5.4.1/../../../../arm-none-eabi/lib/armv7-m/libg_nano.a(lib_a-nano-vfprintf_float.o)
 .ARM.attributes
                0x0000000000000ca1       0x2d /usr/bin/../lib/gcc/arm-none-eabi/5.4.1/../../../../arm-none-eabi/lib/armv7-m/libg_nano.a(lib_a-nano-vfprintf_i.o)
 .ARM.attributes
                0x0000000000000cce       0x2d /usr/bin/../lib/gcc/arm-none-eabi/5.4.1/../../../../arm-none-eabi/lib/armv7-m/libg_nano.a(lib_a-sprintf.o)
 .ARM.attributes
                0x0000000000000cfb       0x17 /usr/bin/../lib/gcc/arm-none-eabi/5.4.1/../../../../arm-none-eabi/lib/armv7-m/libg_nano.a(lib_a-strlen.o)
 .ARM.attributes
                0x0000000000000d12       0x2d /usr/bin/../lib/gcc/arm-none-eabi/5.4.1/../../../../arm-none-eabi/lib/armv7-m/libg_nano.a(lib_a-vsnprintf.o)
 .ARM.attributes
                0x0000000000000d3f       0x2d /usr/bin/../lib/gcc/arm-none-eabi/5.4.1/../../../../arm-none-eabi/lib/armv7-m/libg_nano.a(lib_a-dtoa.o)
 .ARM.attributes
                0x0000000000000d6c       0x2d /usr/bin/../lib/gcc/arm-none-eabi/5.4.1/../../../../arm-none-eabi/lib/armv7-m/libg_nano.a(lib_a-localeconv.o)
 .ARM.attributes
                0x0000000000000d99       0x2d /usr/bin/../lib/gcc/arm-none-eabi/5.4.1/../../../../arm-none-eabi/lib/armv7-m/libg_nano.a(lib_a-malloc.o)
 .ARM.attributes
                0x0000000000000dc6       0x2d /usr/bin/../lib/gcc/arm-none-eabi/5.4.1/../../../../arm-none-eabi/lib/armv7-m/libg_nano.a(lib_a-memchr-stub.o)
 .ARM.attributes
                0x0000000000000df3       0x2d /usr/bin/../lib/gcc/arm-none-eabi/5.4.1/../../../../arm-none-eabi/lib/armv7-m/libg_nano.a(lib_a-mprec.o)
 .ARM.attributes
                0x0000000000000e20       0x2d /usr/bin/../lib/gcc/arm-none-eabi/5.4.1/../../../../arm-none-eabi/lib/armv7-m/libg_nano.a(lib_a-nano-callocr.o)
 .ARM.attributes
                0x0000000000000e4d       0x2d /usr/bin/../lib/gcc/arm-none-eabi/5.4.1/../../../../arm-none-eabi/lib/armv7-m/libg_nano.a(lib_a-nano-freer.o)
 .ARM.attributes
                0x0000000000000e7a       0x2d /usr/bin/../lib/gcc/arm-none-eabi/5.4.1/../../../../arm-none-eabi/lib/armv7-m/libg_nano.a(lib_a-nano-mallocr.o)
 .ARM.attributes
                0x0000000000000ea7       0x2d /usr/bin/../lib/gcc/arm-none-eabi/5.4.1/../../../../arm-none-eabi/lib/armv7-m/libg_nano.a(lib_a-nano-svfprintf.o)
 .ARM.attributes
                0x0000000000000ed4       0x2d /usr/bin/../lib/gcc/arm-none-eabi/5.4.1/../../../../arm-none-eabi/lib/armv7-m/libg_nano.a(lib_a-sbrkr.o)
 .ARM.attributes
                0x0000000000000f01       0x2d /usr/bin/../lib/gcc/arm-none-eabi/5.4.1/../../../../arm-none-eabi/lib/armv7-m/libg_nano.a(lib_a-locale.o)
 .ARM.attributes
                0x0000000000000f2e       0x2d /usr/bin/../lib/gcc/arm-none-eabi/5.4.1/../../../../arm-none-eabi/lib/armv7-m/libg_nano.a(lib_a-mbtowc_r.o)
 .ARM.attributes
                0x0000000000000f5b       0x2d /usr/bin/../lib/gcc/arm-none-eabi/5.4.1/../../../../arm-none-eabi/lib/armv7-m/libg_nano.a(lib_a-memmove.o)
 .ARM.attributes
                0x0000000000000f88       0x2d /usr/bin/../lib/gcc/arm-none-eabi/5.4.1/../../../../arm-none-eabi/lib/armv7-m/libg_nano.a(lib_a-mlock.o)
 .ARM.attributes
                0x0000000000000fb5       0x2d /usr/bin/../lib/gcc/arm-none-eabi/5.4.1/../../../../arm-none-eabi/lib/armv7-m/libg_nano.a(lib_a-nano-reallocr.o)
 .ARM.attributes
                0x0000000000000fe2       0x2d /usr/bin/../lib/gcc/arm-none-eabi/5.4.1/../../../../arm-none-eabi/lib/armv7-m/libg_nano.a(lib_a-wctomb_r.o)
 .ARM.attributes
                0x000000000000100f       0x2d /usr/bin/../lib/gcc/arm-none-eabi/5.4.1/../../../../arm-none-eabi/lib/armv7-m/libg_nano.a(lib_a-ctype_.o)
 .ARM.attributes
                0x000000000000103c       0x2d /usr/bin/../lib/gcc/arm-none-eabi/5.4.1/../../../../arm-none-eabi/lib/armv7-m/libg_nano.a(lib_a-nano-msizer.o)

.debug
 *(.debug)

.line
 *(.line)

.debug_srcinfo
 *(.debug_srcinfo)

.debug_sfnames
 *(.debug_sfnames)

.debug_aranges  0x0000000000000000      0x960
 *(.debug_aranges)
 .debug_aranges
                0x0000000000000000       0xa8 ./system/src/stm32f1-stdperiph/stm32f10x_gpio.o
 .debug_aranges
                0x00000000000000a8      0x120 ./system/src/stm32f1-stdperiph/stm32f10x_rcc.o
 .debug_aranges
                0x00000000000001c8      0x100 ./system/src/stm32f1-stdperiph/stm32f10x_usart.o
 .debug_aranges
                0x00000000000002c8       0x28 ./system/src/newlib/_exit.o
 .debug_aranges
                0x00000000000002f0       0x20 ./system/src/newlib/_sbrk.o
 .debug_aranges
                0x0000000000000310       0x40 ./system/src/newlib/_startup.o
 .debug_aranges
                0x0000000000000350       0x30 ./system/src/newlib/_syscalls.o
 .debug_aranges
                0x0000000000000380       0x58 ./system/src/drivers/dallas.o
 .debug_aranges
                0x00000000000003d8       0x20 ./system/src/drivers/gpio_conf.o
 .debug_aranges
                0x00000000000003f8       0x48 ./system/src/drivers/i2c.o
 .debug_aranges
                0x0000000000000440       0x40 ./system/src/drivers/serial.o
 .debug_aranges
                0x0000000000000480       0x48 ./system/src/drivers/tx20.o
 .debug_aranges
                0x00000000000004c8       0x38 ./system/src/diag/Trace.o
 .debug_aranges
                0x0000000000000500       0x30 ./system/src/diag/trace_impl.o
 .debug_aranges
                0x0000000000000530       0x28 ./system/src/cortexm/_initialize_hardware.o
 .debug_aranges
                0x0000000000000558       0x90 ./system/src/cortexm/exception_handlers.o
 .debug_aranges
                0x00000000000005e8       0x38 ./system/src/cmsis/system_stm32f10x.o
 .debug_aranges
                0x0000000000000620       0x20 ./system/src/cmsis/vectors_stm32f10x.o
 .debug_aranges
                0x0000000000000640       0x30 ./system/src/aprs/adc.o
 .debug_aranges
                0x0000000000000670       0x80 ./system/src/aprs/afsk.o
 .debug_aranges
                0x00000000000006f0       0x28 ./system/src/aprs/afsk_pr.o
 .debug_aranges
                0x0000000000000718       0x88 ./system/src/aprs/ax25.o
 .debug_aranges
                0x00000000000007a0       0x20 ./system/src/aprs/beacon.o
 .debug_aranges
                0x00000000000007c0       0x28 ./system/src/aprs/crc.o
 .debug_aranges
                0x00000000000007e8       0x38 ./system/src/aprs/dac.o
 .debug_aranges
                0x0000000000000820       0x20 ./system/src/aprs/telemetry.o
 .debug_aranges
                0x0000000000000840       0x28 ./src/KissCommunication.o
 .debug_aranges
                0x0000000000000868       0x20 ./src/LedConfig.o
 .debug_aranges
                0x0000000000000888       0x20 ./src/PathConfig.o
 .debug_aranges
                0x00000000000008a8       0x28 ./src/Timer.o
 .debug_aranges
                0x00000000000008d0       0x30 ./src/TimerConfig.o
 .debug_aranges
                0x0000000000000900       0x38 ./src/it_handlers.o
 .debug_aranges
                0x0000000000000938       0x28 ./src/main.o

.debug_pubnames
 *(.debug_pubnames)

.debug_info     0x0000000000000000     0xce29
 *(.debug_info .gnu.linkonce.wi.*)
 .debug_info    0x0000000000000000      0x86b ./system/src/stm32f1-stdperiph/stm32f10x_gpio.o
 .debug_info    0x000000000000086b      0x920 ./system/src/stm32f1-stdperiph/stm32f10x_rcc.o
 .debug_info    0x000000000000118b      0xb00 ./system/src/stm32f1-stdperiph/stm32f10x_usart.o
 .debug_info    0x0000000000001c8b       0xef ./system/src/newlib/_exit.o
 .debug_info    0x0000000000001d7a      0x11f ./system/src/newlib/_sbrk.o
 .debug_info    0x0000000000001e99      0x454 ./system/src/newlib/_startup.o
 .debug_info    0x00000000000022ed      0x1c7 ./system/src/newlib/_syscalls.o
 .debug_info    0x00000000000024b4      0xc95 ./system/src/drivers/dallas.o
 .debug_info    0x0000000000003149      0x179 ./system/src/drivers/gpio_conf.o
 .debug_info    0x00000000000032c2      0xbe7 ./system/src/drivers/i2c.o
 .debug_info    0x0000000000003ea9      0xb74 ./system/src/drivers/serial.o
 .debug_info    0x0000000000004a1d      0xa84 ./system/src/drivers/tx20.o
 .debug_info    0x00000000000054a1      0x2e7 ./system/src/diag/Trace.o
 .debug_info    0x0000000000005788      0x30a ./system/src/diag/trace_impl.o
 .debug_info    0x0000000000005a92      0x2b1 ./system/src/cortexm/_initialize_hardware.o
 .debug_info    0x0000000000005d43      0x8da ./system/src/cortexm/exception_handlers.o
 .debug_info    0x000000000000661d      0x439 ./system/src/cmsis/system_stm32f10x.o
 .debug_info    0x0000000000006a56       0xd1 ./system/src/cmsis/vectors_stm32f10x.o
 .debug_info    0x0000000000006b27      0x9ab ./system/src/aprs/adc.o
 .debug_info    0x00000000000074d2      0x8d8 ./system/src/aprs/afsk.o
 .debug_info    0x0000000000007daa      0x37f ./system/src/aprs/afsk_pr.o
 .debug_info    0x0000000000008129      0xbd3 ./system/src/aprs/ax25.o
 .debug_info    0x0000000000008cfc      0x5d7 ./system/src/aprs/beacon.o
 .debug_info    0x00000000000092d3      0x179 ./system/src/aprs/crc.o
 .debug_info    0x000000000000944c      0x764 ./system/src/aprs/dac.o
 .debug_info    0x0000000000009bb0      0x6d3 ./system/src/aprs/telemetry.o
 .debug_info    0x000000000000a283      0x678 ./src/KissCommunication.o
 .debug_info    0x000000000000a8fb      0x26d ./src/LedConfig.o
 .debug_info    0x000000000000ab68      0x18d ./src/PathConfig.o
 .debug_info    0x000000000000acf5      0x1a4 ./src/Timer.o
 .debug_info    0x000000000000ae99      0x8e1 ./src/TimerConfig.o
 .debug_info    0x000000000000b77a      0xaf4 ./src/it_handlers.o
 .debug_info    0x000000000000c26e      0xbbb ./src/main.o

.debug_abbrev   0x0000000000000000     0x3447
 *(.debug_abbrev)
 .debug_abbrev  0x0000000000000000      0x1f2 ./system/src/stm32f1-stdperiph/stm32f10x_gpio.o
 .debug_abbrev  0x00000000000001f2      0x1e7 ./system/src/stm32f1-stdperiph/stm32f10x_rcc.o
 .debug_abbrev  0x00000000000003d9      0x1cb ./system/src/stm32f1-stdperiph/stm32f10x_usart.o
 .debug_abbrev  0x00000000000005a4       0x8e ./system/src/newlib/_exit.o
 .debug_abbrev  0x0000000000000632       0xb9 ./system/src/newlib/_sbrk.o
 .debug_abbrev  0x00000000000006eb      0x1ac ./system/src/newlib/_startup.o
 .debug_abbrev  0x0000000000000897       0xec ./system/src/newlib/_syscalls.o
 .debug_abbrev  0x0000000000000983      0x28c ./system/src/drivers/dallas.o
 .debug_abbrev  0x0000000000000c0f       0xe9 ./system/src/drivers/gpio_conf.o
 .debug_abbrev  0x0000000000000cf8      0x261 ./system/src/drivers/i2c.o
 .debug_abbrev  0x0000000000000f59      0x243 ./system/src/drivers/serial.o
 .debug_abbrev  0x000000000000119c      0x269 ./system/src/drivers/tx20.o
 .debug_abbrev  0x0000000000001405      0x156 ./system/src/diag/Trace.o
 .debug_abbrev  0x000000000000155b      0x1c8 ./system/src/diag/trace_impl.o
 .debug_abbrev  0x0000000000001723       0xea ./system/src/cortexm/_initialize_hardware.o
 .debug_abbrev  0x000000000000180d      0x247 ./system/src/cortexm/exception_handlers.o
 .debug_abbrev  0x0000000000001a54      0x159 ./system/src/cmsis/system_stm32f10x.o
 .debug_abbrev  0x0000000000001bad       0x9d ./system/src/cmsis/vectors_stm32f10x.o
 .debug_abbrev  0x0000000000001c4a      0x211 ./system/src/aprs/adc.o
 .debug_abbrev  0x0000000000001e5b      0x244 ./system/src/aprs/afsk.o
 .debug_abbrev  0x000000000000209f       0xa2 ./system/src/aprs/afsk_pr.o
 .debug_abbrev  0x0000000000002141      0x2b0 ./system/src/aprs/ax25.o
 .debug_abbrev  0x00000000000023f1      0x170 ./system/src/aprs/beacon.o
 .debug_abbrev  0x0000000000002561      0x107 ./system/src/aprs/crc.o
 .debug_abbrev  0x0000000000002668      0x1b8 ./system/src/aprs/dac.o
 .debug_abbrev  0x0000000000002820      0x190 ./system/src/aprs/telemetry.o
 .debug_abbrev  0x00000000000029b0      0x1ae ./src/KissCommunication.o
 .debug_abbrev  0x0000000000002b5e      0x11c ./src/LedConfig.o
 .debug_abbrev  0x0000000000002c7a       0xeb ./src/PathConfig.o
 .debug_abbrev  0x0000000000002d65      0x183 ./src/Timer.o
 .debug_abbrev  0x0000000000002ee8      0x193 ./src/TimerConfig.o
 .debug_abbrev  0x000000000000307b      0x1c4 ./src/it_handlers.o
 .debug_abbrev  0x000000000000323f      0x208 ./src/main.o

.debug_line     0x0000000000000000     0x9376
 *(.debug_line)
 .debug_line    0x0000000000000000      0x4c4 ./system/src/stm32f1-stdperiph/stm32f10x_gpio.o
 .debug_line    0x00000000000004c4      0x5bf ./system/src/stm32f1-stdperiph/stm32f10x_rcc.o
 .debug_line    0x0000000000000a83      0x580 ./system/src/stm32f1-stdperiph/stm32f10x_usart.o
 .debug_line    0x0000000000001003      0x26c ./system/src/newlib/_exit.o
 .debug_line    0x000000000000126f      0x21e ./system/src/newlib/_sbrk.o
 .debug_line    0x000000000000148d      0x2d4 ./system/src/newlib/_startup.o
 .debug_line    0x0000000000001761      0x305 ./system/src/newlib/_syscalls.o
 .debug_line    0x0000000000001a66      0x62f ./system/src/drivers/dallas.o
 .debug_line    0x0000000000002095      0x33c ./system/src/drivers/gpio_conf.o
 .debug_line    0x00000000000023d1      0x483 ./system/src/drivers/i2c.o
 .debug_line    0x0000000000002854      0x61a ./system/src/drivers/serial.o
 .debug_line    0x0000000000002e6e      0x61d ./system/src/drivers/tx20.o
 .debug_line    0x000000000000348b      0x2d8 ./system/src/diag/Trace.o
 .debug_line    0x0000000000003763      0x552 ./system/src/diag/trace_impl.o
 .debug_line    0x0000000000003cb5      0x33f ./system/src/cortexm/_initialize_hardware.o
 .debug_line    0x0000000000003ff4      0x5fc ./system/src/cortexm/exception_handlers.o
 .debug_line    0x00000000000045f0      0x39a ./system/src/cmsis/system_stm32f10x.o
 .debug_line    0x000000000000498a       0xcf ./system/src/cmsis/vectors_stm32f10x.o
 .debug_line    0x0000000000004a59      0x55d ./system/src/aprs/adc.o
 .debug_line    0x0000000000004fb6      0x6e8 ./system/src/aprs/afsk.o
 .debug_line    0x000000000000569e      0x4c5 ./system/src/aprs/afsk_pr.o
 .debug_line    0x0000000000005b63      0x7d2 ./system/src/aprs/ax25.o
 .debug_line    0x0000000000006335      0x395 ./system/src/aprs/beacon.o
 .debug_line    0x00000000000066ca      0x353 ./system/src/aprs/crc.o
 .debug_line    0x0000000000006a1d      0x3c0 ./system/src/aprs/dac.o
 .debug_line    0x0000000000006ddd      0x414 ./system/src/aprs/telemetry.o
 .debug_line    0x00000000000071f1      0x5ca ./src/KissCommunication.o
 .debug_line    0x00000000000077bb      0x30c ./src/LedConfig.o
 .debug_line    0x0000000000007ac7      0x4b2 ./src/PathConfig.o
 .debug_line    0x0000000000007f79      0x362 ./src/Timer.o
 .debug_line    0x00000000000082db      0x3b8 ./src/TimerConfig.o
 .debug_line    0x0000000000008693      0x617 ./src/it_handlers.o
 .debug_line    0x0000000000008caa      0x6cc ./src/main.o

.debug_frame    0x0000000000000000     0x2018
 *(.debug_frame)
 .debug_frame   0x0000000000000000      0x16c ./system/src/stm32f1-stdperiph/stm32f10x_gpio.o
 .debug_frame   0x000000000000016c      0x238 ./system/src/stm32f1-stdperiph/stm32f10x_rcc.o
 .debug_frame   0x00000000000003a4      0x220 ./system/src/stm32f1-stdperiph/stm32f10x_usart.o
 .debug_frame   0x00000000000005c4       0x38 ./system/src/newlib/_exit.o
 .debug_frame   0x00000000000005fc       0x28 ./system/src/newlib/_sbrk.o
 .debug_frame   0x0000000000000624       0x7c ./system/src/newlib/_startup.o
 .debug_frame   0x00000000000006a0       0x50 ./system/src/newlib/_syscalls.o
 .debug_frame   0x00000000000006f0       0xe4 ./system/src/drivers/dallas.o
 .debug_frame   0x00000000000007d4       0x2c ./system/src/drivers/gpio_conf.o
 .debug_frame   0x0000000000000800       0x94 ./system/src/drivers/i2c.o
 .debug_frame   0x0000000000000894       0x8c ./system/src/drivers/serial.o
 .debug_frame   0x0000000000000920       0xb8 ./system/src/drivers/tx20.o
 .debug_frame   0x00000000000009d8       0x94 ./system/src/diag/Trace.o
 .debug_frame   0x0000000000000a6c       0x60 ./system/src/diag/trace_impl.o
 .debug_frame   0x0000000000000acc       0x40 ./system/src/cortexm/_initialize_hardware.o
 .debug_frame   0x0000000000000b0c      0x158 ./system/src/cortexm/exception_handlers.o
 .debug_frame   0x0000000000000c64       0x68 ./system/src/cmsis/system_stm32f10x.o
 .debug_frame   0x0000000000000ccc       0x20 ./system/src/cmsis/vectors_stm32f10x.o
 .debug_frame   0x0000000000000cec       0x50 ./system/src/aprs/adc.o
 .debug_frame   0x0000000000000d3c      0x130 ./system/src/aprs/afsk.o
 .debug_frame   0x0000000000000e6c       0x30 ./system/src/aprs/afsk_pr.o
 .debug_frame   0x0000000000000e9c      0x170 ./system/src/aprs/ax25.o
 .debug_frame   0x000000000000100c       0x30 ./system/src/aprs/beacon.o
 .debug_frame   0x000000000000103c       0x3c ./system/src/aprs/crc.o
 .debug_frame   0x0000000000001078       0x74 ./system/src/aprs/dac.o
 .debug_frame   0x00000000000010ec       0x30 ./system/src/aprs/telemetry.o
 .debug_frame   0x000000000000111c       0x68 ./src/KissCommunication.o
 .debug_frame   0x0000000000001184       0x30 ./src/LedConfig.o
 .debug_frame   0x00000000000011b4       0x28 ./src/PathConfig.o
 .debug_frame   0x00000000000011dc       0x30 ./src/Timer.o
 .debug_frame   0x000000000000120c       0x4c ./src/TimerConfig.o
 .debug_frame   0x0000000000001258       0x68 ./src/it_handlers.o
 .debug_frame   0x00000000000012c0       0x3c ./src/main.o
 .debug_frame   0x00000000000012fc       0x38 /usr/bin/../lib/gcc/arm-none-eabi/5.4.1/../../../../arm-none-eabi/lib/armv7-m/libm.a(lib_a-s_cos.o)
 .debug_frame   0x0000000000001334       0x38 /usr/bin/../lib/gcc/arm-none-eabi/5.4.1/../../../../arm-none-eabi/lib/armv7-m/libm.a(lib_a-s_sin.o)