   1              		.cpu cortex-m3
   2              		.eabi_attribute 20, 1
   3              		.eabi_attribute 21, 1
   4              		.eabi_attribute 23, 3
   5              		.eabi_attribute 24, 1
   6              		.eabi_attribute 25, 1
   7              		.eabi_attribute 26, 1
   8              		.eabi_attribute 30, 1
   9              		.eabi_attribute 34, 1
  10              		.eabi_attribute 18, 4
  11              		.file	"rte_pv.c"
  12              		.text
  13              	.Ltext0:
  14              		.cfi_sections	.debug_frame
  15              		.global	rte_pv_corrupted_messages_count
  16              		.global	rte_pv_messages_count
  17              		.comm	rte_pv_load_current,2,2
  18              		.comm	rte_pv_cell_voltage,2,2
  19              		.comm	rte_pv_battery_voltage,2,2
  20              		.comm	rte_pv_battery_current,2,2
  21              		.comm	rte_pv_last_error,1,1
  22              		.comm	rte_pv_struct,36,4
  23              		.comm	rte_pv_sys_voltage,1,1
  24              		.comm	rte_pv_average,200,4
  25              		.section	.bss.rte_pv_corrupted_messages_count,"aw",%nobits
  26              		.align	1
  29              	rte_pv_corrupted_messages_count:
  30 0000 0000     		.space	2
  31              		.section	.bss.rte_pv_messages_count,"aw",%nobits
  32              		.align	1
  35              	rte_pv_messages_count:
  36 0000 0000     		.space	2
  37              		.text
  38              	.Letext0:
  39              		.file 1 "/usr/local/bin/gcc-arm-none-eabi-7-2018-q2-update/lib/gcc/arm-none-eabi/7.3.1/include/std
  40              		.file 2 "../system/include/./ve_direct_protocol/average_struct.h"
  41              		.file 3 "../system/include/./ve_direct_protocol/raw_struct.h"
  42              		.file 4 "../include/rte_pv.h"
  43              		.file 5 "../src/rte_pv.c"
DEFINED SYMBOLS
                            *ABS*:0000000000000000 rte_pv.c
     /tmp/ccghlQGp.s:29     .bss.rte_pv_corrupted_messages_count:0000000000000000 rte_pv_corrupted_messages_count
     /tmp/ccghlQGp.s:35     .bss.rte_pv_messages_count:0000000000000000 rte_pv_messages_count
                            *COM*:0000000000000002 rte_pv_load_current
                            *COM*:0000000000000002 rte_pv_cell_voltage
                            *COM*:0000000000000002 rte_pv_battery_voltage
                            *COM*:0000000000000002 rte_pv_battery_current
                            *COM*:0000000000000001 rte_pv_last_error
                            *COM*:0000000000000024 rte_pv_struct
                            *COM*:0000000000000001 rte_pv_sys_voltage
                            *COM*:00000000000000c8 rte_pv_average
     /tmp/ccghlQGp.s:26     .bss.rte_pv_corrupted_messages_count:0000000000000000 $d
     /tmp/ccghlQGp.s:32     .bss.rte_pv_messages_count:0000000000000000 $d
                           .group:0000000000000000 wm4.0.879aed89c359f5856fe69c61b3590d34
                           .group:0000000000000000 wm4.stdintgcc.h.29.6d480f4ba0f60596e88234283d42444f
                           .group:0000000000000000 wm4.average_struct.h.9.41820d0d7dc25dca8a9005c6d1a8bb5f

NO UNDEFINED SYMBOLS
