Archive member included to satisfy reference by file (symbol)

/usr/local/bin/gcc-arm-none-eabi-7-2018-q2-update/bin/../lib/gcc/arm-none-eabi/7.3.1/../../../../arm-none-eabi/lib/thumb/v7-m/libm.a(lib_a-s_cos.o)
                              ./system/src/aprs/afsk.o (cos)
/usr/local/bin/gcc-arm-none-eabi-7-2018-q2-update/bin/../lib/gcc/arm-none-eabi/7.3.1/../../../../arm-none-eabi/lib/thumb/v7-m/libm.a(lib_a-s_sin.o)
                              ./system/src/aprs/afsk.o (sin)
/usr/local/bin/gcc-arm-none-eabi-7-2018-q2-update/bin/../lib/gcc/arm-none-eabi/7.3.1/../../../../arm-none-eabi/lib/thumb/v7-m/libm.a(lib_a-sf_cos.o)
                              ./src/wx_handler.o (cosf)
/usr/local/bin/gcc-arm-none-eabi-7-2018-q2-update/bin/../lib/gcc/arm-none-eabi/7.3.1/../../../../arm-none-eabi/lib/thumb/v7-m/libm.a(lib_a-sf_round.o)
                              ./system/src/aprs/telemetry.o (roundf)
/usr/local/bin/gcc-arm-none-eabi-7-2018-q2-update/bin/../lib/gcc/arm-none-eabi/7.3.1/../../../../arm-none-eabi/lib/thumb/v7-m/libm.a(lib_a-sf_sin.o)
                              ./src/wx_handler.o (sinf)
/usr/local/bin/gcc-arm-none-eabi-7-2018-q2-update/bin/../lib/gcc/arm-none-eabi/7.3.1/../../../../arm-none-eabi/lib/thumb/v7-m/libm.a(lib_a-w_pow.o)
                              ./system/src/drivers/ms5611.o (pow)
/usr/local/bin/gcc-arm-none-eabi-7-2018-q2-update/bin/../lib/gcc/arm-none-eabi/7.3.1/../../../../arm-none-eabi/lib/thumb/v7-m/libm.a(lib_a-wf_atan2.o)
                              ./src/wx_handler.o (atan2f)
/usr/local/bin/gcc-arm-none-eabi-7-2018-q2-update/bin/../lib/gcc/arm-none-eabi/7.3.1/../../../../arm-none-eabi/lib/thumb/v7-m/libm.a(lib_a-e_pow.o)
                              /usr/local/bin/gcc-arm-none-eabi-7-2018-q2-update/bin/../lib/gcc/arm-none-eabi/7.3.1/../../../../arm-none-eabi/lib/thumb/v7-m/libm.a(lib_a-w_pow.o) (__ieee754_pow)
/usr/local/bin/gcc-arm-none-eabi-7-2018-q2-update/bin/../lib/gcc/arm-none-eabi/7.3.1/../../../../arm-none-eabi/lib/thumb/v7-m/libm.a(lib_a-e_rem_pio2.o)
                              /usr/local/bin/gcc-arm-none-eabi-7-2018-q2-update/bin/../lib/gcc/arm-none-eabi/7.3.1/../../../../arm-none-eabi/lib/thumb/v7-m/libm.a(lib_a-s_cos.o) (__ieee754_rem_pio2)
/usr/local/bin/gcc-arm-none-eabi-7-2018-q2-update/bin/../lib/gcc/arm-none-eabi/7.3.1/../../../../arm-none-eabi/lib/thumb/v7-m/libm.a(lib_a-e_sqrt.o)
                              /usr/local/bin/gcc-arm-none-eabi-7-2018-q2-update/bin/../lib/gcc/arm-none-eabi/7.3.1/../../../../arm-none-eabi/lib/thumb/v7-m/libm.a(lib_a-e_pow.o) (__ieee754_sqrt)
/usr/local/bin/gcc-arm-none-eabi-7-2018-q2-update/bin/../lib/gcc/arm-none-eabi/7.3.1/../../../../arm-none-eabi/lib/thumb/v7-m/libm.a(lib_a-ef_atan2.o)
                              /usr/local/bin/gcc-arm-none-eabi-7-2018-q2-update/bin/../lib/gcc/arm-none-eabi/7.3.1/../../../../arm-none-eabi/lib/thumb/v7-m/libm.a(lib_a-wf_atan2.o) (__ieee754_atan2f)
/usr/local/bin/gcc-arm-none-eabi-7-2018-q2-update/bin/../lib/gcc/arm-none-eabi/7.3.1/../../../../arm-none-eabi/lib/thumb/v7-m/libm.a(lib_a-ef_rem_pio2.o)
                              /usr/local/bin/gcc-arm-none-eabi-7-2018-q2-update/bin/../lib/gcc/arm-none-eabi/7.3.1/../../../../arm-none-eabi/lib/thumb/v7-m/libm.a(lib_a-sf_cos.o) (__ieee754_rem_pio2f)
/usr/local/bin/gcc-arm-none-eabi-7-2018-q2-update/bin/../lib/gcc/arm-none-eabi/7.3.1/../../../../arm-none-eabi/lib/thumb/v7-m/libm.a(lib_a-k_cos.o)
                              /usr/local/bin/gcc-arm-none-eabi-7-2018-q2-update/bin/../lib/gcc/arm-none-eabi/7.3.1/../../../../arm-none-eabi/lib/thumb/v7-m/libm.a(lib_a-s_cos.o) (__kernel_cos)
/usr/local/bin/gcc-arm-none-eabi-7-2018-q2-update/bin/../lib/gcc/arm-none-eabi/7.3.1/../../../../arm-none-eabi/lib/thumb/v7-m/libm.a(lib_a-k_rem_pio2.o)
                              /usr/local/bin/gcc-arm-none-eabi-7-2018-q2-update/bin/../lib/gcc/arm-none-eabi/7.3.1/../../../../arm-none-eabi/lib/thumb/v7-m/libm.a(lib_a-e_rem_pio2.o) (__kernel_rem_pio2)
/usr/local/bin/gcc-arm-none-eabi-7-2018-q2-update/bin/../lib/gcc/arm-none-eabi/7.3.1/../../../../arm-none-eabi/lib/thumb/v7-m/libm.a(lib_a-k_sin.o)
                              /usr/local/bin/gcc-arm-none-eabi-7-2018-q2-update/bin/../lib/gcc/arm-none-eabi/7.3.1/../../../../arm-none-eabi/lib/thumb/v7-m/libm.a(lib_a-s_cos.o) (__kernel_sin)
/usr/local/bin/gcc-arm-none-eabi-7-2018-q2-update/bin/../lib/gcc/arm-none-eabi/7.3.1/../../../../arm-none-eabi/lib/thumb/v7-m/libm.a(lib_a-kf_cos.o)
                              /usr/local/bin/gcc-arm-none-eabi-7-2018-q2-update/bin/../lib/gcc/arm-none-eabi/7.3.1/../../../../arm-none-eabi/lib/thumb/v7-m/libm.a(lib_a-sf_cos.o) (__kernel_cosf)
/usr/local/bin/gcc-arm-none-eabi-7-2018-q2-update/bin/../lib/gcc/arm-none-eabi/7.3.1/../../../../arm-none-eabi/lib/thumb/v7-m/libm.a(lib_a-kf_rem_pio2.o)
[...]
Memory Configuration

Name             Origin             Length             Attributes
RAM              0x0000000020000000 0x0000000000002000 xrw
CCMRAM           0x0000000000000000 0x0000000000000000 xrw
FLASH            0x0000000008000000 0x0000000000020000 xr
FLASHB1          0x0000000000000000 0x0000000000000000 xr
EXTMEMB0         0x0000000000000000 0x0000000000000000 xr
EXTMEMB1         0x0000000000000000 0x0000000000000000 xr
EXTMEMB2         0x0000000000000000 0x0000000000000000 xr
EXTMEMB3         0x0000000000000000 0x0000000000000000 xr
MEMORY_ARRAY     0x0000000000000000 0x0000000000000000 xrw
*default*        0x0000000000000000 0xffffffffffffffff

Linker script and memory map

LOAD ./system/src/ve_direct_protocol/parser.o
LOAD ./system/src/umb_master/umb_0x23_offline_data.o
LOAD ./system/src/umb_master/umb_0x26_status.o
LOAD ./system/src/umb_master/umb_channel_pool.o
LOAD ./system/src/umb_master/umb_master.o
LOAD ./system/src/stm32f1-stdperiph/misc.o
LOAD ./system/src/stm32f1-stdperiph/stm32f10x_crc.o
LOAD ./system/src/stm32f1-stdperiph/stm32f10x_dbgmcu.o
LOAD ./system/src/stm32f1-stdperiph/stm32f10x_dma.o
LOAD ./system/src/stm32f1-stdperiph/stm32f10x_exti.o
LOAD ./system/src/stm32f1-stdperiph/stm32f10x_flash.o
LOAD ./system/src/stm32f1-stdperiph/stm32f10x_gpio.o
LOAD ./system/src/stm32f1-stdperiph/stm32f10x_i2c.o
LOAD ./system/src/stm32f1-stdperiph/stm32f10x_iwdg.o
LOAD ./system/src/stm32f1-stdperiph/stm32f10x_rcc.o
LOAD ./system/src/stm32f1-stdperiph/stm32f10x_rtc.o
LOAD ./system/src/stm32f1-stdperiph/stm32f10x_tim.o
LOAD ./system/src/stm32f1-stdperiph/stm32f10x_usart.o
LOAD ./system/src/newlib/_cxx.o
LOAD ./system/src/newlib/_exit.o
LOAD ./system/src/newlib/_sbrk.o
LOAD ./system/src/newlib/_startup.o
LOAD ./system/src/newlib/_syscalls.o
LOAD ./system/src/newlib/assert.o
LOAD ./system/src/modbus_rtu/rtu_getters.o
LOAD ./system/src/modbus_rtu/rtu_parser.o
LOAD ./system/src/modbus_rtu/rtu_request.o
LOAD ./system/src/modbus_rtu/rtu_serial_io.o
LOAD ./system/src/drivers/analog_anemometer.o
LOAD ./system/src/drivers/bme280.o
LOAD ./system/src/drivers/dallas.o
LOAD ./system/src/drivers/dma_helper_functions.o
LOAD ./system/src/drivers/gpio_conf.o
LOAD ./system/src/drivers/i2c.o
LOAD ./system/src/drivers/ms5611.o
LOAD ./system/src/drivers/serial.o
LOAD ./system/src/diag/Trace.o
LOAD ./system/src/diag/trace_impl.o
LOAD ./system/src/davis_vantage/davis.o
LOAD ./system/src/davis_vantage/davis_parsers.o
LOAD ./system/src/cortexm/_initialize_hardware.o
LOAD ./system/src/cortexm/_reset_hardware.o
LOAD ./system/src/cortexm/exception_handlers.o
LOAD ./system/src/cmsis/system_stm32f10x.o
LOAD ./system/src/cmsis/vectors_stm32f10x.o
LOAD ./system/src/aprs/adc.o
LOAD ./system/src/aprs/afsk.o
LOAD ./system/src/aprs/afsk_pr.o
LOAD ./system/src/aprs/ax25.o
LOAD ./system/src/aprs/beacon.o
LOAD ./system/src/aprs/crc.o
LOAD ./system/src/aprs/dac.o
LOAD ./system/src/aprs/digi.o
LOAD ./system/src/aprs/raw.o
LOAD ./system/src/aprs/telemetry.o
LOAD ./system/src/aprs/wx.o
LOAD ./src/KissCommunication.o
LOAD ./src/LedConfig.o
LOAD ./src/PathConfig.o
LOAD ./src/TimerConfig.o
LOAD ./src/_write.o
LOAD ./src/config_data_default.o
LOAD ./src/config_data_first.o
LOAD ./src/config_data_second.o
LOAD ./src/configuration_handler.o
LOAD ./src/delay.o
LOAD ./src/dummy.o
LOAD ./src/float_to_string.o
LOAD ./src/io.o
LOAD ./src/it_handlers.o
LOAD ./src/main.o
LOAD ./src/packet_tx_handler.o
LOAD ./src/rte_main.o
LOAD ./src/rte_pv.o
LOAD ./src/rte_rtu.o
LOAD ./src/rte_wx.o
LOAD ./src/wx_handler.o
LOAD ./src/wx_handler_humidity.o
LOAD ./src/wx_handler_pressure.o
LOAD ./src/wx_handler_temperature.o
LOAD /usr/local/bin/gcc-arm-none-eabi-7-2018-q2-update/bin/../lib/gcc/arm-none-eabi/7.3.1/../../../../arm-none-eabi/lib/thumb/v7-m/libstdc++_nano.a
LOAD /usr/local/bin/gcc-arm-none-eabi-7-2018-q2-update/bin/../lib/gcc/arm-none-eabi/7.3.1/../../../../arm-none-eabi/lib/thumb/v7-m/libm.a
START GROUP
LOAD /usr/local/bin/gcc-arm-none-eabi-7-2018-q2-update/bin/../lib/gcc/arm-none-eabi/7.3.1/thumb/v7-m/libgcc.a
LOAD /usr/local/bin/gcc-arm-none-eabi-7-2018-q2-update/bin/../lib/gcc/arm-none-eabi/7.3.1/../../../../arm-none-eabi/lib/thumb/v7-m/libg_nano.a
LOAD /usr/local/bin/gcc-arm-none-eabi-7-2018-q2-update/bin/../lib/gcc/arm-none-eabi/7.3.1/../../../../arm-none-eabi/lib/thumb/v7-m/libc_nano.a
END GROUP
START GROUP
LOAD /usr/local/bin/gcc-arm-none-eabi-7-2018-q2-update/bin/../lib/gcc/arm-none-eabi/7.3.1/thumb/v7-m/libgcc.a
LOAD /usr/local/bin/gcc-arm-none-eabi-7-2018-q2-update/bin/../lib/gcc/arm-none-eabi/7.3.1/../../../../arm-none-eabi/lib/thumb/v7-m/libc_nano.a
END GROUP
                0x0000000020002000                __stack = (ORIGIN (RAM) + LENGTH (RAM))
                0x0000000020002000                _estack = __stack
                0x000000000000014d                __Main_Stack_Size = 0x14d
                [!provide]                        PROVIDE (_Main_Stack_Size = __Main_Stack_Size)
                0x0000000020001eb3                __Main_Stack_Limit = (__stack - __Main_Stack_Size)
                [!provide]                        PROVIDE (_Main_Stack_Limit = __Main_Stack_Limit)
                0x000000000000014d                _Minimum_Stack_Size = 0x14d
                0x0000000020001bd8                PROVIDE (_Heap_Begin = _end_noinit)
                0x0000000020001eb3                PROVIDE (_Heap_Limit = (__stack - __Main_Stack_Size))

.isr_vector     0x0000000008000000      0x41c
 FILL mask 0xff
                0x0000000008000000                __vectors_start = ABSOLUTE (.)
                0x0000000008000000                __vectors_start__ = ABSOLUTE (.)
 *(.isr_vector)
 .isr_vector    0x0000000008000000      0x1d0 ./system/src/cmsis/vectors_stm32f10x.o
                0x0000000008000000                __isr_vectors
 *(.cfmconfig)
 *(.after_vectors .after_vectors.*)
 .after_vectors
                0x00000000080001d0      0x114 ./system/src/newlib/_startup.o
                0x00000000080001d0                _start
 .after_vectors
                0x00000000080002e4      0x134 ./system/src/cortexm/exception_handlers.o
                0x00000000080002e4                Reset_Handler
                0x00000000080002ea                NMI_Handler
                0x00000000080002ee                HardFault_Handler
                0x0000000008000302                HardFault_Handler_C
                0x0000000008000364                MemManage_Handler
                0x0000000008000368                BusFault_Handler
                0x000000000800037c                BusFault_Handler_C
                0x00000000080003b4                UsageFault_Handler
                0x00000000080003c8                UsageFault_Handler_C
                0x00000000080003fc                SVC_Handler
                0x0000000008000400                DebugMon_Handler
                0x0000000008000404                PendSV_Handler
 .after_vectors
                0x0000000008000418        0x4 ./system/src/cmsis/vectors_stm32f10x.o
                0x0000000008000418                EXTI2_IRQHandler
                0x0000000008000418                TIM8_TRG_COM_IRQHandler
                0x0000000008000418                TIM8_CC_IRQHandler
                0x0000000008000418                TIM1_CC_IRQHandler
                0x0000000008000418                TIM6_IRQHandler
                0x0000000008000418                PVD_IRQHandler
                0x0000000008000418                SDIO_IRQHandler
                0x0000000008000418                CAN2_RX1_IRQHandler
                0x0000000008000418                EXTI3_IRQHandler
                0x0000000008000418                TIM8_TRG_COM_TIM14_IRQHandler
                0x0000000008000418                TIM1_UP_TIM10_IRQHandler
                0x0000000008000418                TIM8_UP_TIM13_IRQHandler
                0x0000000008000418                EXTI0_IRQHandler
                0x0000000008000418                I2C2_EV_IRQHandler
                0x0000000008000418                CAN1_RX0_IRQHandler
                0x0000000008000418                TIM1_UP_TIM16_IRQHandler
                0x0000000008000418                CAN2_SCE_IRQHandler
                0x0000000008000418                ADC1_2_IRQHandler
                0x0000000008000418                SPI1_IRQHandler
                0x0000000008000418                TAMPER_IRQHandler
                0x0000000008000418                TIM6_DAC_IRQHandler
                0x0000000008000418                TIM1_BRK_TIM9_IRQHandler
                0x0000000008000418                CAN2_RX0_IRQHandler
                0x0000000008000418                TIM8_UP_IRQHandler
                0x0000000008000418                DMA2_Channel2_IRQHandler
                0x0000000008000418                DMA1_Channel4_IRQHandler
                0x0000000008000418                USART3_IRQHandler
                0x0000000008000418                RTC_IRQHandler
                0x0000000008000418                CAN1_RX1_IRQHandler
                0x0000000008000418                UART5_IRQHandler
                0x0000000008000418                ADC3_IRQHandler
                0x0000000008000418                DMA2_Channel1_IRQHandler
                0x0000000008000418                DMA1_Channel6_IRQHandler
                0x0000000008000418                UART4_IRQHandler
                0x0000000008000418                DMA2_Channel4_IRQHandler
                0x0000000008000418                TIM3_IRQHandler
                0x0000000008000418                RCC_IRQHandler
                0x0000000008000418                TIM8_BRK_TIM12_IRQHandler
                0x0000000008000418                TIM1_TRG_COM_IRQHandler
                0x0000000008000418                DMA1_Channel1_IRQHandler
                0x0000000008000418                Default_Handler
                0x0000000008000418                CEC_IRQHandler
                0x0000000008000418                EXTI15_10_IRQHandler
                0x0000000008000418                TIM14_IRQHandler
                0x0000000008000418                TIM13_IRQHandler
                0x0000000008000418                TIM12_IRQHandler
                0x0000000008000418                CAN2_TX_IRQHandler
                0x0000000008000418                TIM5_IRQHandler
                0x0000000008000418                EXTI9_5_IRQHandler
                0x0000000008000418                ETH_WKUP_IRQHandler
                0x0000000008000418                SPI2_IRQHandler
                0x0000000008000418                CAN1_TX_IRQHandler
                0x0000000008000418                DMA2_Channel5_IRQHandler
                0x0000000008000418                DMA1_Channel5_IRQHandler
                0x0000000008000418                USB_LP_CAN1_RX0_IRQHandler
                0x0000000008000418                USB_HP_CAN1_TX_IRQHandler
                0x0000000008000418                DMA1_Channel3_IRQHandler
                0x0000000008000418                FSMC_IRQHandler
                0x0000000008000418                ETH_IRQHandler
                0x0000000008000418                TIM1_UP_IRQHandler
                0x0000000008000418                WWDG_IRQHandler
                0x0000000008000418                OTG_FS_WKUP_IRQHandler
                0x0000000008000418                TIM1_TRG_COM_TIM11_IRQHandler
                0x0000000008000418                TIM1_BRK_IRQHandler
                0x0000000008000418                EXTI1_IRQHandler
                0x0000000008000418                RTCAlarm_IRQHandler
                0x0000000008000418                DMA2_Channel4_5_IRQHandler
                0x0000000008000418                I2C2_ER_IRQHandler
                0x0000000008000418                DMA1_Channel2_IRQHandler
                0x0000000008000418                TIM8_BRK_IRQHandler
                0x0000000008000418                CAN1_SCE_IRQHandler
                0x0000000008000418                FLASH_IRQHandler
                0x0000000008000418                OTG_FS_IRQHandler
                0x0000000008000418                SPI3_IRQHandler
                0x0000000008000418                USBWakeUp_IRQHandler
                0x0000000008000418                DMA2_Channel3_IRQHandler
                0x0000000008000418                TIM1_BRK_TIM15_IRQHandler

.inits          0x000000000800041c       0x28
                0x000000000800041c                __data_regions_array_start = .
                0x000000000800041c        0x4 LONG 0x801f804 LOADADDR (.data)
                0x0000000008000420        0x4 LONG 0x20000000 ADDR (.data)
                0x0000000008000424        0x4 LONG 0x20000358 (ADDR (.data) + SIZEOF (.data))
                0x0000000008000428        0x4 LONG 0x801f804 LOADADDR (.data_CCMRAM)
                0x000000000800042c        0x4 LONG 0x0 ADDR (.data_CCMRAM)
                0x0000000008000430        0x4 LONG 0x0 (ADDR (.data_CCMRAM) + SIZEOF (.data_CCMRAM))
                0x0000000008000434                __data_regions_array_end = .
                0x0000000008000434                __bss_regions_array_start = .
                0x0000000008000434        0x4 LONG 0x20000358 ADDR (.bss)
                0x0000000008000438        0x4 LONG 0x20001bd8 (ADDR (.bss) + SIZEOF (.bss))
                0x000000000800043c        0x4 LONG 0x0 ADDR (.bss_CCMRAM)
                0x0000000008000440        0x4 LONG 0x0 (ADDR (.bss_CCMRAM) + SIZEOF (.bss_CCMRAM))
                0x0000000008000444                __bss_regions_array_end = .
 *(.init)
 *(.fini)
                0x0000000008000444                . = ALIGN (0x4)
                0x0000000008000444                PROVIDE (__preinit_array_start = .)
 *(.preinit_array_sysinit .preinit_array_sysinit.*)
 *(.preinit_array_platform .preinit_array_platform.*)
 *(.preinit_array .preinit_array.*)
                0x0000000008000444                PROVIDE (__preinit_array_end = .)
                0x0000000008000444                . = ALIGN (0x4)
                0x0000000008000444                PROVIDE (__init_array_start = .)
 *(SORT_BY_NAME(.init_array.*))
 *(.init_array)
                0x0000000008000444                PROVIDE (__init_array_end = .)
                0x0000000008000444                . = ALIGN (0x4)
                0x0000000008000444                PROVIDE (__fini_array_start = .)
 *(SORT_BY_NAME(.fini_array.*))
 *(.fini_array)
                0x0000000008000444                PROVIDE (__fini_array_end = .)

.flashtext
 *(.flashtext .flashtext.*)

.text           0x0000000008000448    0x127d8
 *(.text .text.*)
 .text.copy_till_non_printable_char
                0x0000000008000448       0x54 ./system/src/ve_direct_protocol/parser.o
 .text.get_key_value_from_str
                0x000000000800049c      0x160 ./system/src/ve_direct_protocol/parser.o
 .text.ve_direct_parser_init
                0x00000000080005fc       0x18 ./system/src/ve_direct_protocol/parser.o
                0x00000000080005fc                ve_direct_parser_init
 .text.ve_direct_cut_to_checksum
                0x0000000008000614       0x36 ./system/src/ve_direct_protocol/parser.o
                0x0000000008000614                ve_direct_cut_to_checksum
 *fill*         0x000000000800064a        0x2 
 .text.ve_direct_validate_checksum
                0x000000000800064c       0x7c ./system/src/ve_direct_protocol/parser.o
                0x000000000800064c                ve_direct_validate_checksum
 .text.ve_direct_parse_to_raw_struct
                0x00000000080006c8      0x308 ./system/src/ve_direct_protocol/parser.o
                0x00000000080006c8                ve_direct_parse_to_raw_struct
 .text.ve_direct_add_to_average
                0x00000000080009d0       0x7c ./system/src/ve_direct_protocol/parser.o
                0x00000000080009d0                ve_direct_add_to_average
 .text.ve_direct_get_averages
                0x0000000008000a4c       0x7c ./system/src/ve_direct_protocol/parser.o
                0x0000000008000a4c                ve_direct_get_averages
 .text.ve_direct_set_sys_voltage
                0x0000000008000ac8        0x2 ./system/src/ve_direct_protocol/parser.o
                0x0000000008000ac8                ve_direct_set_sys_voltage
 .text.ve_direct_store_errors
                0x0000000008000aca       0x1e ./system/src/ve_direct_protocol/parser.o
                0x0000000008000aca                ve_direct_store_errors
 .text.ve_direct_error_to_string
                0x0000000008000ae8      0x160 ./system/src/ve_direct_protocol/parser.o
                0x0000000008000ae8                ve_direct_error_to_string
 .text.ve_direct_state_to_string
                0x0000000008000c48       0xa8 ./system/src/ve_direct_protocol/parser.o
                0x0000000008000c48                ve_direct_state_to_string
 .text.umb_0x23_offline_data_request
                0x0000000008000cf0       0x32 ./system/src/umb_master/umb_0x23_offline_data.o
                0x0000000008000cf0                umb_0x23_offline_data_request
 *fill*         0x0000000008000d22        0x2 
 .text.umb_0x23_offline_data_callback
                0x0000000008000d24      0x12c ./system/src/umb_master/umb_0x23_offline_data.o
                0x0000000008000d24                umb_0x23_offline_data_callback
 .text.umb_0x26_status_request
                0x0000000008000e50       0x36 ./system/src/umb_master/umb_0x26_status.o
                0x0000000008000e50                umb_0x26_status_request
 *fill*         0x0000000008000e86        0x2 
 .text.umb_0x26_status_callback
                0x0000000008000e88       0x44 ./system/src/umb_master/umb_0x26_status.o
                0x0000000008000e88                umb_0x26_status_callback
 .text.umb_channel_pool
                0x0000000008000ecc       0x44 ./system/src/umb_master/umb_channel_pool.o
                0x0000000008000ecc                umb_channel_pool
 .text.umb_master_init
                0x0000000008000f10       0x5c ./system/src/umb_master/umb_master.o
                0x0000000008000f10                umb_master_init
 .text.umb_calc_crc
                0x0000000008000f6c       0x26 ./system/src/umb_master/umb_master.o
                0x0000000008000f6c                umb_calc_crc
 .text.umb_parse_serial_buffer_to_frame
                0x0000000008000f92       0xc6 ./system/src/umb_master/umb_master.o
                0x0000000008000f92                umb_parse_serial_buffer_to_frame
 .text.umb_parse_frame_to_serial_buffer
                0x0000000008001058       0x9e ./system/src/umb_master/umb_master.o
                0x0000000008001058                umb_parse_frame_to_serial_buffer
 .text.umb_master_callback
                0x00000000080010f6       0x42 ./system/src/umb_master/umb_master.o
                0x00000000080010f6                umb_master_callback
 .text.umb_pooling_handler
                0x0000000008001138       0xdc ./system/src/umb_master/umb_master.o
                0x0000000008001138                umb_pooling_handler
 .text.umb_get_current_qf
                0x0000000008001214       0x5c ./system/src/umb_master/umb_master.o
                0x0000000008001214                umb_get_current_qf
 .text.umb_construct_status_str
                0x0000000008001270       0xc4 ./system/src/umb_master/umb_master.o
                0x0000000008001270                umb_construct_status_str
 .text.umb_clear_error_history
                0x0000000008001334       0x1a ./system/src/umb_master/umb_master.o
                0x0000000008001334                umb_clear_error_history
 *fill*         0x000000000800134e        0x2 
 .text.umb_get_windspeed
                0x0000000008001350       0x30 ./system/src/umb_master/umb_master.o
                0x0000000008001350                umb_get_windspeed
 .text.umb_get_windgusts
                0x0000000008001380       0x30 ./system/src/umb_master/umb_master.o
                0x0000000008001380                umb_get_windgusts
 .text.umb_get_winddirection
                0x00000000080013b0       0x40 ./system/src/umb_master/umb_master.o
                0x00000000080013b0                umb_get_winddirection
 .text.umb_get_temperature
                0x00000000080013f0       0x3c ./system/src/umb_master/umb_master.o
                0x00000000080013f0                umb_get_temperature
 .text.umb_get_qnh
                0x000000000800142c       0x3c ./system/src/umb_master/umb_master.o
                0x000000000800142c                umb_get_qnh
 .text.NVIC_PriorityGroupConfig
                0x0000000008001468       0x14 ./system/src/stm32f1-stdperiph/misc.o
                0x0000000008001468                NVIC_PriorityGroupConfig
 .text.SysTick_CLKSourceConfig
                0x000000000800147c       0x20 ./system/src/stm32f1-stdperiph/misc.o
                0x000000000800147c                SysTick_CLKSourceConfig
 .text.CRC_ResetDR
                0x000000000800149c        0xc ./system/src/stm32f1-stdperiph/stm32f10x_crc.o
                0x000000000800149c                CRC_ResetDR
 .text.CRC_CalcCRC
                0x00000000080014a8        0xc ./system/src/stm32f1-stdperiph/stm32f10x_crc.o
                0x00000000080014a8                CRC_CalcCRC
 .text.CRC_CalcBlockCRC
                0x00000000080014b4       0x28 ./system/src/stm32f1-stdperiph/stm32f10x_crc.o
                0x00000000080014b4                CRC_CalcBlockCRC
 .text.DBGMCU_Config
                0x00000000080014dc       0x1c ./system/src/stm32f1-stdperiph/stm32f10x_dbgmcu.o
                0x00000000080014dc                DBGMCU_Config
 .text.DMA_DeInit
                0x00000000080014f8      0x128 ./system/src/stm32f1-stdperiph/stm32f10x_dma.o
                0x00000000080014f8                DMA_DeInit
 .text.DMA_Init
                0x0000000008001620       0x3e ./system/src/stm32f1-stdperiph/stm32f10x_dma.o
                0x0000000008001620                DMA_Init
 .text.DMA_StructInit
                0x000000000800165e       0x1a ./system/src/stm32f1-stdperiph/stm32f10x_dma.o
                0x000000000800165e                DMA_StructInit
 .text.DMA_ClearITPendingBit
                0x0000000008001678       0x1c ./system/src/stm32f1-stdperiph/stm32f10x_dma.o
                0x0000000008001678                DMA_ClearITPendingBit
 .text.FLASH_Unlock
                0x0000000008001694       0x18 ./system/src/stm32f1-stdperiph/stm32f10x_flash.o
                0x0000000008001694                FLASH_Unlock
 .text.FLASH_Lock
                0x00000000080016ac       0x10 ./system/src/stm32f1-stdperiph/stm32f10x_flash.o
                0x00000000080016ac                FLASH_Lock
 .text.FLASH_GetBank1Status
                0x00000000080016bc       0x34 ./system/src/stm32f1-stdperiph/stm32f10x_flash.o
                0x00000000080016bc                FLASH_GetBank1Status
 .text.FLASH_WaitForLastOperation
                0x00000000080016f0       0x20 ./system/src/stm32f1-stdperiph/stm32f10x_flash.o
                0x00000000080016f0                FLASH_WaitForLastOperation
 .text.FLASH_ErasePage
                0x0000000008001710       0x40 ./system/src/stm32f1-stdperiph/stm32f10x_flash.o
                0x0000000008001710                FLASH_ErasePage
 .text.GPIO_Init
                0x0000000008001750       0x9e ./system/src/stm32f1-stdperiph/stm32f10x_gpio.o
                0x0000000008001750                GPIO_Init
 .text.GPIO_ReadInputDataBit
                0x00000000080017ee        0xe ./system/src/stm32f1-stdperiph/stm32f10x_gpio.o
                0x00000000080017ee                GPIO_ReadInputDataBit
 .text.GPIO_SetBits
                0x00000000080017fc        0x4 ./system/src/stm32f1-stdperiph/stm32f10x_gpio.o
                0x00000000080017fc                GPIO_SetBits
 .text.GPIO_ResetBits
                0x0000000008001800        0x4 ./system/src/stm32f1-stdperiph/stm32f10x_gpio.o
                0x0000000008001800                GPIO_ResetBits
 .text.I2C_Init
                0x0000000008001804       0xd4 ./system/src/stm32f1-stdperiph/stm32f10x_i2c.o
                0x0000000008001804                I2C_Init
 .text.I2C_StructInit
                0x00000000080018d8       0x1c ./system/src/stm32f1-stdperiph/stm32f10x_i2c.o
                0x00000000080018d8                I2C_StructInit
 .text.I2C_Cmd  0x00000000080018f4       0x1a ./system/src/stm32f1-stdperiph/stm32f10x_i2c.o
                0x00000000080018f4                I2C_Cmd
 *fill*         0x000000000800190e        0x2 
 .text.IWDG_WriteAccessCmd
                0x0000000008001910        0xc ./system/src/stm32f1-stdperiph/stm32f10x_iwdg.o
                0x0000000008001910                IWDG_WriteAccessCmd
 .text.IWDG_SetPrescaler
                0x000000000800191c        0xc ./system/src/stm32f1-stdperiph/stm32f10x_iwdg.o
                0x000000000800191c                IWDG_SetPrescaler
 .text.IWDG_SetReload
                0x0000000008001928        0xc ./system/src/stm32f1-stdperiph/stm32f10x_iwdg.o
                0x0000000008001928                IWDG_SetReload
 .text.IWDG_ReloadCounter
                0x0000000008001934       0x10 ./system/src/stm32f1-stdperiph/stm32f10x_iwdg.o
                0x0000000008001934                IWDG_ReloadCounter
 .text.IWDG_Enable
                0x0000000008001944       0x10 ./system/src/stm32f1-stdperiph/stm32f10x_iwdg.o
                0x0000000008001944                IWDG_Enable
 .text.RCC_GetClocksFreq
                0x0000000008001954       0xb4 ./system/src/stm32f1-stdperiph/stm32f10x_rcc.o
                0x0000000008001954                RCC_GetClocksFreq
 .text.RCC_APB2PeriphResetCmd
                0x0000000008001a08       0x1c ./system/src/stm32f1-stdperiph/stm32f10x_rcc.o
                0x0000000008001a08                RCC_APB2PeriphResetCmd
 .text.RCC_APB1PeriphResetCmd
                0x0000000008001a24       0x1c ./system/src/stm32f1-stdperiph/stm32f10x_rcc.o
                0x0000000008001a24                RCC_APB1PeriphResetCmd
 .text.TI1_Config
                0x0000000008001a40       0x74 ./system/src/stm32f1-stdperiph/stm32f10x_tim.o
 .text.TI2_Config
                0x0000000008001ab4       0x7c ./system/src/stm32f1-stdperiph/stm32f10x_tim.o
 .text.TIM_DeInit
                0x0000000008001b30      0x20c ./system/src/stm32f1-stdperiph/stm32f10x_tim.o
                0x0000000008001b30                TIM_DeInit
 .text.TIM_TimeBaseInit
                0x0000000008001d3c       0x94 ./system/src/stm32f1-stdperiph/stm32f10x_tim.o
                0x0000000008001d3c                TIM_TimeBaseInit
 .text.TIM_TimeBaseStructInit
                0x0000000008001dd0       0x12 ./system/src/stm32f1-stdperiph/stm32f10x_tim.o
                0x0000000008001dd0                TIM_TimeBaseStructInit
 .text.TIM_Cmd  0x0000000008001de2       0x1a ./system/src/stm32f1-stdperiph/stm32f10x_tim.o
                0x0000000008001de2                TIM_Cmd
 .text.TIM_ITConfig
                0x0000000008001dfc       0x14 ./system/src/stm32f1-stdperiph/stm32f10x_tim.o
                0x0000000008001dfc                TIM_ITConfig
 .text.TIM_DMACmd
                0x0000000008001e10       0x14 ./system/src/stm32f1-stdperiph/stm32f10x_tim.o
                0x0000000008001e10                TIM_DMACmd
 .text.TIM_ETRConfig
                0x0000000008001e24       0x16 ./system/src/stm32f1-stdperiph/stm32f10x_tim.o
                0x0000000008001e24                TIM_ETRConfig
 .text.TIM_ETRClockMode2Config
                0x0000000008001e3a       0x12 ./system/src/stm32f1-stdperiph/stm32f10x_tim.o
                0x0000000008001e3a                TIM_ETRClockMode2Config
 .text.TIM_SelectInputTrigger
                0x0000000008001e4c        0xe ./system/src/stm32f1-stdperiph/stm32f10x_tim.o
                0x0000000008001e4c                TIM_SelectInputTrigger
 .text.TIM_TIxExternalClockConfig
                0x0000000008001e5a       0x2c ./system/src/stm32f1-stdperiph/stm32f10x_tim.o
                0x0000000008001e5a                TIM_TIxExternalClockConfig
 .text.TIM_SetCounter
                0x0000000008001e86        0x4 ./system/src/stm32f1-stdperiph/stm32f10x_tim.o
                0x0000000008001e86                TIM_SetCounter
 .text.TIM_GetCounter
                0x0000000008001e8a        0x4 ./system/src/stm32f1-stdperiph/stm32f10x_tim.o
                0x0000000008001e8a                TIM_GetCounter
 *fill*         0x0000000008001e8e        0x2 
 .text.USART_DeInit
                0x0000000008001e90       0xa4 ./system/src/stm32f1-stdperiph/stm32f10x_usart.o
                0x0000000008001e90                USART_DeInit
 .text.USART_Init
                0x0000000008001f34       0xc8 ./system/src/stm32f1-stdperiph/stm32f10x_usart.o
                0x0000000008001f34                USART_Init
 .text._exit    0x0000000008001ffc        0x2 ./system/src/newlib/_exit.o
                0x0000000008001ffc                _exit
 *fill*         0x0000000008001ffe        0x2 
 .text._sbrk    0x0000000008002000       0x44 ./system/src/newlib/_sbrk.o
                0x0000000008002000                _sbrk
 .text.__initialize_args
                0x0000000008002044       0x10 ./system/src/newlib/_syscalls.o
                0x0000000008002044                __initialize_args
 .text.rtu_get_temperature
                0x0000000008002054      0x1a4 ./system/src/modbus_rtu/rtu_getters.o
                0x0000000008002054                rtu_get_temperature
 .text.rtu_get_wind_direction
                0x00000000080021f8      0x13c ./system/src/modbus_rtu/rtu_getters.o
                0x00000000080021f8                rtu_get_wind_direction
 .text.rtu_get_wind_speed
                0x0000000008002334      0x138 ./system/src/modbus_rtu/rtu_getters.o
                0x0000000008002334                rtu_get_wind_speed
 .text.rtu_get_wind_gusts
                0x000000000800246c      0x138 ./system/src/modbus_rtu/rtu_getters.o
                0x000000000800246c                rtu_get_wind_gusts
 .text.rtu_get_humidity
                0x00000000080025a4      0x160 ./system/src/modbus_rtu/rtu_getters.o
                0x00000000080025a4                rtu_get_humidity
 .text.rtu_parser_03_04_registers
                0x0000000008002704       0xc2 ./system/src/modbus_rtu/rtu_parser.o
                0x0000000008002704                rtu_parser_03_04_registers
 .text.rtu_request_03_04_registers
                0x00000000080027c6       0x7c ./system/src/modbus_rtu/rtu_request.o
                0x00000000080027c6                rtu_request_03_04_registers
 *fill*         0x0000000008002842        0x2 
 .text.rtu_serial_callback
                0x0000000008002844       0x60 ./system/src/modbus_rtu/rtu_serial_io.o
                0x0000000008002844                rtu_serial_callback
 .text.rtu_serial_init
                0x00000000080028a4       0xd8 ./system/src/modbus_rtu/rtu_serial_io.o
                0x00000000080028a4                rtu_serial_init
 .text.rtu_serial_blocking_io
                0x000000000800297c       0x74 ./system/src/modbus_rtu/rtu_serial_io.o
                0x000000000800297c                rtu_serial_blocking_io
 .text.rtu_serial_pool
                0x00000000080029f0      0x3b8 ./system/src/modbus_rtu/rtu_serial_io.o
                0x00000000080029f0                rtu_serial_pool
 .text.rtu_serial_start
                0x0000000008002da8       0x10 ./system/src/modbus_rtu/rtu_serial_io.o
                0x0000000008002da8                rtu_serial_start
 .text.rtu_serial_get_status_string
                0x0000000008002db8       0x6c ./system/src/modbus_rtu/rtu_serial_io.o
                0x0000000008002db8                rtu_serial_get_status_string
 .text.analog_anemometer_init
                0x0000000008002e24      0x1ac ./system/src/drivers/analog_anemometer.o
                0x0000000008002e24                analog_anemometer_init
 .text.analog_anemometer_timer_irq
                0x0000000008002fd0        0xc ./system/src/drivers/analog_anemometer.o
                0x0000000008002fd0                analog_anemometer_timer_irq
 .text.analog_anemometer_dma_irq
                0x0000000008002fdc      0x244 ./system/src/drivers/analog_anemometer.o
                0x0000000008002fdc                analog_anemometer_dma_irq
 .text.analog_anemometer_get_ms_from_pulse
                0x0000000008003220       0x28 ./system/src/drivers/analog_anemometer.o
                0x0000000008003220                analog_anemometer_get_ms_from_pulse
 .text.analog_anemometer_direction_sparkfun
                0x0000000008003248       0x40 ./system/src/drivers/analog_anemometer.o
                0x0000000008003248                analog_anemometer_direction_sparkfun
 .text.analog_anemometer_direction_reset
                0x0000000008003288       0x24 ./system/src/drivers/analog_anemometer.o
                0x0000000008003288                analog_anemometer_direction_reset
 .text.analog_anemometer_direction_handler
                0x00000000080032ac      0x164 ./system/src/drivers/analog_anemometer.o
                0x00000000080032ac                analog_anemometer_direction_handler
 .text.analog_anemometer_get_qf
                0x0000000008003410       0x9c ./system/src/drivers/analog_anemometer.o
                0x0000000008003410                analog_anemometer_get_qf
 .text.bme280_reset
                0x00000000080034ac       0x5c ./system/src/drivers/bme280.o
                0x00000000080034ac                bme280_reset
 .text.bme280_setup
                0x0000000008003508       0x70 ./system/src/drivers/bme280.o
                0x0000000008003508                bme280_setup
 .text.bme280_read_calibration
                0x0000000008003578       0xf4 ./system/src/drivers/bme280.o
                0x0000000008003578                bme280_read_calibration
 .text.bme280_get_pressure
                0x000000000800366c      0x114 ./system/src/drivers/bme280.o
                0x000000000800366c                bme280_get_pressure
 .text.bme280_get_temperature
                0x0000000008003780       0x68 ./system/src/drivers/bme280.o
                0x0000000008003780                bme280_get_temperature
 .text.bme280_get_humidity
                0x00000000080037e8       0xb8 ./system/src/drivers/bme280.o
                0x00000000080037e8                bme280_get_humidity
 .text.dallas_init
                0x00000000080038a0       0x78 ./system/src/drivers/dallas.o
                0x00000000080038a0                dallas_init
 .text.dallas_config_timer
                0x0000000008003918       0x58 ./system/src/drivers/dallas.o
                0x0000000008003918                dallas_config_timer
 .text.dallas_deconfig_timer
                0x0000000008003970       0x28 ./system/src/drivers/dallas.o
                0x0000000008003970                dallas_deconfig_timer
 .text.dallas_reset
                0x0000000008003998       0x68 ./system/src/drivers/dallas.o
                0x0000000008003998                dallas_reset
 .text.dallas_send_byte
                0x0000000008003a00       0xb0 ./system/src/drivers/dallas.o
                0x0000000008003a00                dallas_send_byte
 .text.dallas_receive_byte
                0x0000000008003ab0       0xcc ./system/src/drivers/dallas.o
                0x0000000008003ab0                dallas_receive_byte
 .text.dallas_query
                0x0000000008003b7c      0x22c ./system/src/drivers/dallas.o
                0x0000000008003b7c                dallas_query
 .text.dallas_calculate_crc8
                0x0000000008003da8       0x3c ./system/src/drivers/dallas.o
                0x0000000008003da8                dallas_calculate_crc8
 .text.dallas_average
                0x0000000008003de4       0x18 ./system/src/drivers/dallas.o
                0x0000000008003de4                dallas_average
 .text.dallas_get_average
                0x0000000008003dfc       0x50 ./system/src/drivers/dallas.o
                0x0000000008003dfc                dallas_get_average
 .text.dallas_get_min
                0x0000000008003e4c       0x38 ./system/src/drivers/dallas.o
                0x0000000008003e4c                dallas_get_min
 .text.dallas_get_max
                0x0000000008003e84       0x38 ./system/src/drivers/dallas.o
                0x0000000008003e84                dallas_get_max
 .text.dma_helper_start_ch7
                0x0000000008003ebc       0x2c ./system/src/drivers/dma_helper_functions.o
                0x0000000008003ebc                dma_helper_start_ch7
 .text.Configure_GPIO
                0x0000000008003ee8       0x28 ./system/src/drivers/gpio_conf.o
                0x0000000008003ee8                Configure_GPIO
 .text.i2cConfigure
                0x0000000008003f10       0xe8 ./system/src/drivers/i2c.o
                0x0000000008003f10                i2cConfigure
 .text.i2cReinit
                0x0000000008003ff8       0x6c ./system/src/drivers/i2c.o
                0x0000000008003ff8                i2cReinit
 .text.i2cStop  0x0000000008004064       0x58 ./system/src/drivers/i2c.o
                0x0000000008004064                i2cStop
 .text.i2cIrqHandler
                0x00000000080040bc      0x244 ./system/src/drivers/i2c.o
                0x00000000080040bc                i2cIrqHandler
 .text.i2cErrIrqHandler
                0x0000000008004300       0xec ./system/src/drivers/i2c.o
                0x0000000008004300                i2cErrIrqHandler
 .text.i2cStart
                0x00000000080043ec       0x20 ./system/src/drivers/i2c.o
                0x00000000080043ec                i2cStart
 .text.i2c_send_data
                0x000000000800440c       0x80 ./system/src/drivers/i2c.o
                0x000000000800440c                i2c_send_data
 .text.i2c_receive_data
                0x000000000800448c       0x58 ./system/src/drivers/i2c.o
                0x000000000800448c                i2c_receive_data
 .text.i2cKeepTimeout
                0x00000000080044e4       0x44 ./system/src/drivers/i2c.o
                0x00000000080044e4                i2cKeepTimeout
 .text.ms5611_reset
                0x0000000008004528       0x50 ./system/src/drivers/ms5611.o
                0x0000000008004528                ms5611_reset
 .text.ms5611_trigger_measure
                0x0000000008004578      0x1a4 ./system/src/drivers/ms5611.o
                0x0000000008004578                ms5611_trigger_measure
 .text.ms5611_get_temperature
                0x000000000800471c      0x11c ./system/src/drivers/ms5611.o
                0x000000000800471c                ms5611_get_temperature
 .text.ms5611_get_pressure
                0x0000000008004838      0x1f0 ./system/src/drivers/ms5611.o
                0x0000000008004838                ms5611_get_pressure
 .text.crc4     0x0000000008004a28       0x5e ./system/src/drivers/ms5611.o
                0x0000000008004a28                crc4
 *fill*         0x0000000008004a86        0x2 
 .text.ms5611_read_calibration
                0x0000000008004a88       0xc4 ./system/src/drivers/ms5611.o
                0x0000000008004a88                ms5611_read_calibration
 .text.srl_init
                0x0000000008004b4c      0x10c ./system/src/drivers/serial.o
                0x0000000008004b4c                srl_init
 .text.srl_close
                0x0000000008004c58       0x24 ./system/src/drivers/serial.o
                0x0000000008004c58                srl_close
 .text.srl_keep_timeout
                0x0000000008004c7c       0xa0 ./system/src/drivers/serial.o
                0x0000000008004c7c                srl_keep_timeout
 .text.srl_send_data
                0x0000000008004d1c       0xc8 ./system/src/drivers/serial.o
                0x0000000008004d1c                srl_send_data
 .text.srl_start_tx
                0x0000000008004de4       0x78 ./system/src/drivers/serial.o
                0x0000000008004de4                srl_start_tx
 .text.srl_wait_for_tx_completion
                0x0000000008004e5c        0xe ./system/src/drivers/serial.o
                0x0000000008004e5c                srl_wait_for_tx_completion
 .text.srl_wait_for_rx_completion_or_timeout
                0x0000000008004e6a       0x28 ./system/src/drivers/serial.o
                0x0000000008004e6a                srl_wait_for_rx_completion_or_timeout
 *fill*         0x0000000008004e92        0x2 
 .text.srl_receive_data
                0x0000000008004e94       0xe0 ./system/src/drivers/serial.o
                0x0000000008004e94                srl_receive_data
 .text.srl_receive_data_with_instant_timeout
                0x0000000008004f74       0xdc ./system/src/drivers/serial.o
                0x0000000008004f74                srl_receive_data_with_instant_timeout
 .text.srl_receive_data_with_callback
                0x0000000008005050       0x84 ./system/src/drivers/serial.o
                0x0000000008005050                srl_receive_data_with_callback
 .text.srl_irq_handler
                0x00000000080050d4      0x268 ./system/src/drivers/serial.o
                0x00000000080050d4                srl_irq_handler
 .text.srl_get_num_bytes_rxed
                0x000000000800533c        0x4 ./system/src/drivers/serial.o
                0x000000000800533c                srl_get_num_bytes_rxed
 .text.srl_get_rx_buffer
                0x0000000008005340        0x4 ./system/src/drivers/serial.o
                0x0000000008005340                srl_get_rx_buffer
 .text.srl_keep_tx_delay
                0x0000000008005344       0x64 ./system/src/drivers/serial.o
                0x0000000008005344                srl_keep_tx_delay
 .text.srl_switch_tx_delay
                0x00000000080053a8       0x14 ./system/src/drivers/serial.o
                0x00000000080053a8                srl_switch_tx_delay
 .text.srl_switch_timeout
                0x00000000080053bc       0x22 ./system/src/drivers/serial.o
                0x00000000080053bc                srl_switch_timeout
 .text.srl_switch_timeout_for_waiting
                0x00000000080053de       0x20 ./system/src/drivers/serial.o
                0x00000000080053de                srl_switch_timeout_for_waiting
 *fill*         0x00000000080053fe        0x2 
 .text.trace_printf
                0x0000000008005400       0x30 ./system/src/diag/Trace.o
                0x0000000008005400                trace_printf
 .text.trace_write
                0x0000000008005430        0x6 ./system/src/diag/trace_impl.o
                0x0000000008005430                trace_write
 *fill*         0x0000000008005436        0x2 
 .text.davis_init
                0x0000000008005438       0x4c ./system/src/davis_vantage/davis.o
                0x0000000008005438                davis_init
 .text.davis_wake_up
                0x0000000008005484      0x1c8 ./system/src/davis_vantage/davis.o
                0x0000000008005484                davis_wake_up
 .text.davis_rxcheck_packet_pooler
                0x000000000800564c      0x13c ./system/src/davis_vantage/davis.o
                0x000000000800564c                davis_rxcheck_packet_pooler
 .text.davis_loop_packet_pooler
                0x0000000008005788      0x10c ./system/src/davis_vantage/davis.o
                0x0000000008005788                davis_loop_packet_pooler
 .text.davis_trigger_rxcheck_packet
                0x0000000008005894        0xc ./system/src/davis_vantage/davis.o
                0x0000000008005894                davis_trigger_rxcheck_packet
 .text.davis_trigger_loop_packet
                0x00000000080058a0        0xc ./system/src/davis_vantage/davis.o
                0x00000000080058a0                davis_trigger_loop_packet
 .text.davis_control_backlight
                0x00000000080058ac       0x68 ./system/src/davis_vantage/davis.o
                0x00000000080058ac                davis_control_backlight
 .text.davis_parsers_check_crc
                0x0000000008005914       0x30 ./system/src/davis_vantage/davis_parsers.o
                0x0000000008005914                davis_parsers_check_crc
 .text.davis_parsers_loop2
                0x0000000008005944       0xa0 ./system/src/davis_vantage/davis_parsers.o
                0x0000000008005944                davis_parsers_loop2
 .text.davis_parsers_loop
                0x00000000080059e4        0x8 ./system/src/davis_vantage/davis_parsers.o
                0x00000000080059e4                davis_parsers_loop
 .text.davis_parsers_rxcheck
                0x00000000080059ec       0xd4 ./system/src/davis_vantage/davis_parsers.o
                0x00000000080059ec                davis_parsers_rxcheck
 .text.__initialize_hardware_early
                0x0000000008005ac0       0x18 ./system/src/cortexm/_initialize_hardware.o
                0x0000000008005ac0                __initialize_hardware_early
 .text.__initialize_hardware
                0x0000000008005ad8        0x8 ./system/src/cortexm/_initialize_hardware.o
                0x0000000008005ad8                __initialize_hardware
 .text.NVIC_SystemReset
                0x0000000008005ae0       0x24 ./system/src/cortexm/exception_handlers.o
 .text.dumpExceptionStack
                0x0000000008005b04       0xf4 ./system/src/cortexm/exception_handlers.o
                0x0000000008005b04                dumpExceptionStack
 .text.SetSysClockTo24
                0x0000000008005bf8       0xa0 ./system/src/cmsis/system_stm32f10x.o
 .text.SetSysClock
                0x0000000008005c98        0x8 ./system/src/cmsis/system_stm32f10x.o
 .text.SystemInit
                0x0000000008005ca0       0x54 ./system/src/cmsis/system_stm32f10x.o
                0x0000000008005ca0                SystemInit
 .text.SystemCoreClockUpdate
                0x0000000008005cf4       0x8c ./system/src/cmsis/system_stm32f10x.o
                0x0000000008005cf4                SystemCoreClockUpdate
 .text.AD_Start
                0x0000000008005d80        0xe ./system/src/aprs/adc.o
                0x0000000008005d80                AD_Start
 .text.AD_Stop  0x0000000008005d8e       0x12 ./system/src/aprs/adc.o
                0x0000000008005d8e                AD_Stop
 .text.fifo_isempty
                0x0000000008005da0        0xe ./system/src/aprs/afsk.o
 .text.fifo_isfull
                0x0000000008005dae       0x26 ./system/src/aprs/afsk.o
 .text.fifo_push
                0x0000000008005dd4       0x1a ./system/src/aprs/afsk.o
 .text.fifo_pop
                0x0000000008005dee       0x1a ./system/src/aprs/afsk.o
 .text.fifo_flush
                0x0000000008005e08        0x6 ./system/src/aprs/afsk.o
 .text.fifo_init
                0x0000000008005e0e        0xe ./system/src/aprs/afsk.o
 .text.sin_sample
                0x0000000008005e1c       0x20 ./system/src/aprs/afsk.o
 .text.hdlc_parse
                0x0000000008005e3c       0xfc ./system/src/aprs/afsk.o
 .text.afsk_demod
                0x0000000008005f38       0x9c ./system/src/aprs/afsk.o
 .text.AFSK_ADC_ISR
                0x0000000008005fd4       0x9e ./system/src/aprs/afsk.o
                0x0000000008005fd4                AFSK_ADC_ISR
 *fill*         0x0000000008006072        0x2 
 .text.afsk_txStart
                0x0000000008006074       0x3c ./system/src/aprs/afsk.o
                0x0000000008006074                afsk_txStart
 .text.AFSK_DAC_ISR
                0x00000000080060b0      0x108 ./system/src/aprs/afsk.o
                0x00000000080060b0                AFSK_DAC_ISR
 .text.AFSK_Init
                0x00000000080061b8      0x124 ./system/src/aprs/afsk.o
                0x00000000080061b8                AFSK_Init
 .text.ADCStartConfig
                0x00000000080062dc       0x64 ./system/src/aprs/afsk_pr.o
                0x00000000080062dc                ADCStartConfig
 .text.DACStartConfig
                0x0000000008006340       0x44 ./system/src/aprs/afsk_pr.o
                0x0000000008006340                DACStartConfig
 .text.updcrc_ccitt
                0x0000000008006384       0x14 ./system/src/aprs/ax25.o
 .text.fifo_isempty
                0x0000000008006398        0xe ./system/src/aprs/ax25.o
 .text.fifo_isfull
                0x00000000080063a6       0x26 ./system/src/aprs/ax25.o
 .text.fifo_push
                0x00000000080063cc       0x1a ./system/src/aprs/ax25.o
 .text.fifo_pop
                0x00000000080063e6       0x1a ./system/src/aprs/ax25.o
 .text.fifo_getc
                0x0000000008006400       0x1a ./system/src/aprs/ax25.o
 .text.fifo_putc
                0x000000000800641a       0x1a ./system/src/aprs/ax25.o
 .text.ax25_decode
                0x0000000008006434      0x160 ./system/src/aprs/ax25.o
 .text.ax25_poll
                0x0000000008006594      0x10a ./system/src/aprs/ax25.o
                0x0000000008006594                ax25_poll
 .text.ax25_putchar
                0x000000000800669e       0x40 ./system/src/aprs/ax25.o
                0x000000000800669e                ax25_putchar
 .text.ax25_sendCall
                0x00000000080066de       0x76 ./system/src/aprs/ax25.o
 .text.ax25_sendVia
                0x0000000008006754       0xa0 ./system/src/aprs/ax25.o
                0x0000000008006754                ax25_sendVia
 .text.ax25_sendVia_toBuffer
                0x00000000080067f4       0xb0 ./system/src/aprs/ax25.o
                0x00000000080067f4                ax25_sendVia_toBuffer
 .text.ax25_sendRaw
                0x00000000080068a4       0x62 ./system/src/aprs/ax25.o
                0x00000000080068a4                ax25_sendRaw
 .text.ax25_init
                0x0000000008006906       0x2e ./system/src/aprs/ax25.o
                0x0000000008006906                ax25_init
 .text.beacon_send_own
                0x0000000008006934       0xa0 ./system/src/aprs/beacon.o
                0x0000000008006934                beacon_send_own
 .text.DA_Init  0x00000000080069d4       0x58 ./system/src/aprs/dac.o
                0x00000000080069d4                DA_Init
 .text.DA_Start
                0x0000000008006a2c       0x24 ./system/src/aprs/dac.o
                0x0000000008006a2c                DA_Start
 .text.DA_Stop  0x0000000008006a50       0x28 ./system/src/aprs/dac.o
                0x0000000008006a50                DA_Stop
 .text.digi_init
                0x0000000008006a78       0x58 ./system/src/aprs/digi.o
                0x0000000008006a78                digi_init
 .text.digi_process
                0x0000000008006ad0      0x2c4 ./system/src/aprs/digi.o
                0x0000000008006ad0                digi_process
 .text.telemetry_send_chns_description_pv
                0x0000000008006d94      0x1c4 ./system/src/aprs/telemetry.o
                0x0000000008006d94                telemetry_send_chns_description_pv
 .text.telemetry_send_values_pv
                0x0000000008006f58      0x190 ./system/src/aprs/telemetry.o
                0x0000000008006f58                telemetry_send_values_pv
 .text.telemetry_send_status_pv
                0x00000000080070e8       0xb0 ./system/src/aprs/telemetry.o
                0x00000000080070e8                telemetry_send_status_pv
 .text.telemetry_send_chns_description
                0x0000000008007198      0x1d8 ./system/src/aprs/telemetry.o
                0x0000000008007198                telemetry_send_chns_description
 .text.telemetry_send_values
                0x0000000008007370      0x18c ./system/src/aprs/telemetry.o
                0x0000000008007370                telemetry_send_values
 .text.telemetry_send_status
                0x00000000080074fc       0x6c ./system/src/aprs/telemetry.o
                0x00000000080074fc                telemetry_send_status
 .text.telemetry_send_status_raw_values_modbus
                0x0000000008007568        0x2 ./system/src/aprs/telemetry.o
                0x0000000008007568                telemetry_send_status_raw_values_modbus
 *fill*         0x000000000800756a        0x6 
 .text.SendWXFrame
                0x0000000008007570      0x19c ./system/src/aprs/wx.o
                0x0000000008007570                SendWXFrame
 *fill*         0x000000000800770c        0x4 
 .text.SendWXFrameToBuffer
                0x0000000008007710      0x178 ./system/src/aprs/wx.o
                0x0000000008007710                SendWXFrameToBuffer
 .text.updcrc_ccitt
                0x0000000008007888       0x14 ./src/KissCommunication.o
 .text.SendKISSToHost
                0x000000000800789c       0x68 ./src/KissCommunication.o
                0x000000000800789c                SendKISSToHost
 .text.ParseReceivedKISS
                0x0000000008007904       0x8c ./src/KissCommunication.o
                0x0000000008007904                ParseReceivedKISS
 .text.kiss_reset_buffer
                0x0000000008007990       0x1c ./src/KissCommunication.o
                0x0000000008007990                kiss_reset_buffer
 .text.kiss_put_char_nocheck
                0x00000000080079ac       0x26 ./src/KissCommunication.o
                0x00000000080079ac                kiss_put_char_nocheck
 .text.kiss_put_char
                0x00000000080079d2       0xb6 ./src/KissCommunication.o
                0x00000000080079d2                kiss_put_char
 .text.kiss_put_call
                0x0000000008007a88       0x94 ./src/KissCommunication.o
                0x0000000008007a88                kiss_put_call
 .text.kiss_finalize_buffer
                0x0000000008007b1c       0x16 ./src/KissCommunication.o
                0x0000000008007b1c                kiss_finalize_buffer
 *fill*         0x0000000008007b32        0x2 
 .text.led_init
                0x0000000008007b34       0x64 ./src/LedConfig.o
                0x0000000008007b34                led_init
 .text.led_service_blink
                0x0000000008007b98       0x7c ./src/LedConfig.o
                0x0000000008007b98                led_service_blink
 .text.ConfigPath
                0x0000000008007c14       0x80 ./src/PathConfig.o
                0x0000000008007c14                ConfigPath
 .text.TimerConfig
                0x0000000008007c94       0x9c ./src/TimerConfig.o
                0x0000000008007c94                TimerConfig
 .text.configuration_handler_check_crc
                0x0000000008007d30       0x54 ./src/configuration_handler.o
                0x0000000008007d30                configuration_handler_check_crc
 .text.configuration_handler_restore_default_first
                0x0000000008007d84      0x140 ./src/configuration_handler.o
                0x0000000008007d84                configuration_handler_restore_default_first
 .text.configuration_handler_restore_default_second
                0x0000000008007ec4      0x144 ./src/configuration_handler.o
                0x0000000008007ec4                configuration_handler_restore_default_second
 .text.configuration_handler_load_configuration
                0x0000000008008008       0xbc ./src/configuration_handler.o
                0x0000000008008008                configuration_handler_load_configuration
 .text.delay_fixed
                0x00000000080080c4       0x14 ./src/delay.o
                0x00000000080080c4                delay_fixed
 .text.delay_fixed_with_count
                0x00000000080080d8       0x1c ./src/delay.o
                0x00000000080080d8                delay_fixed_with_count
 .text.delay_random
                0x00000000080080f4       0x38 ./src/delay.o
                0x00000000080080f4                delay_random
 .text.delay_set
                0x000000000800812c       0x2c ./src/delay.o
                0x000000000800812c                delay_set
 .text.delay_from_preset
                0x0000000008008158       0x30 ./src/delay.o
                0x0000000008008158                delay_from_preset
 .text.float_to_string
                0x0000000008008188       0xbc ./src/float_to_string.o
                0x0000000008008188                float_to_string
 .text.io_oc_init
                0x0000000008008244       0x2c ./src/io.o
                0x0000000008008244                io_oc_init
 .text.io_oc_output_low
                0x0000000008008270       0x14 ./src/io.o
                0x0000000008008270                io_oc_output_low
 .text.it_handlers_set_priorities
                0x0000000008008284       0x44 ./src/it_handlers.o
                0x0000000008008284                it_handlers_set_priorities
 .text.SysTick_Handler
                0x00000000080082c8       0xbc ./src/it_handlers.o
                0x00000000080082c8                SysTick_Handler
 .text.USART1_IRQHandler
                0x0000000008008384       0x1c ./src/it_handlers.o
                0x0000000008008384                USART1_IRQHandler
 .text.USART2_IRQHandler
                0x00000000080083a0       0x1c ./src/it_handlers.o
                0x00000000080083a0                USART2_IRQHandler
 .text.I2C1_EV_IRQHandler
                0x00000000080083bc       0x18 ./src/it_handlers.o
                0x00000000080083bc                I2C1_EV_IRQHandler
 .text.I2C1_ER_IRQHandler
                0x00000000080083d4        0x8 ./src/it_handlers.o
                0x00000000080083d4                I2C1_ER_IRQHandler
 .text.EXTI4_IRQHandler
                0x00000000080083dc       0x10 ./src/it_handlers.o
                0x00000000080083dc                EXTI4_IRQHandler
 .text.TIM2_IRQHandler
                0x00000000080083ec       0x28 ./src/it_handlers.o
                0x00000000080083ec                TIM2_IRQHandler
 .text.TIM1_TRG_COM_TIM17_IRQHandler
                0x0000000008008414       0x28 ./src/it_handlers.o
                0x0000000008008414                TIM1_TRG_COM_TIM17_IRQHandler
 .text.DMA1_Channel7_IRQHandler
                0x000000000800843c       0x20 ./src/it_handlers.o
                0x000000000800843c                DMA1_Channel7_IRQHandler
 .text.TIM4_IRQHandler
                0x000000000800845c       0x64 ./src/it_handlers.o
                0x000000000800845c                TIM4_IRQHandler
 .text.TIM7_IRQHandler
                0x00000000080084c0       0xb0 ./src/it_handlers.o
                0x00000000080084c0                TIM7_IRQHandler
 .text.message_callback
                0x0000000008008570        0x2 ./src/main.o
 *fill*         0x0000000008008572        0x2 
 .text.main     0x0000000008008574      0xe28 ./src/main.o
                0x0000000008008574                main
 .text.main_get_adc_sample
                0x000000000800939c        0xc ./src/main.o
                0x000000000800939c                main_get_adc_sample
 .text.main_service_cpu_load_ticks
                0x00000000080093a8       0x2c ./src/main.o
                0x00000000080093a8                main_service_cpu_load_ticks
 .text.packet_tx_handler
                0x00000000080093d4      0x5ac ./src/packet_tx_handler.o
                0x00000000080093d4                packet_tx_handler
 .text.rte_rtu_init
                0x0000000008009980       0x1c ./src/rte_rtu.o
                0x0000000008009980                rte_rtu_init
 .text.rte_wx_init
                0x000000000800999c       0x40 ./src/rte_wx.o
                0x000000000800999c                rte_wx_init
 .text.rte_wx_update_last_measuremenet_timers
                0x00000000080099dc       0x2c ./src/rte_wx.o
                0x00000000080099dc                rte_wx_update_last_measuremenet_timers
 .text.wx_check_force_i2c_reset
                0x0000000008009a08       0x2c ./src/wx_handler.o
                0x0000000008009a08                wx_check_force_i2c_reset
 .text.wx_get_all_measurements
                0x0000000008009a34       0x88 ./src/wx_handler.o
                0x0000000008009a34                wx_get_all_measurements
 *fill*         0x0000000008009abc        0x4 
 .text.wx_pool_anemometer
                0x0000000008009ac0      0x26c ./src/wx_handler.o
                0x0000000008009ac0                wx_pool_anemometer
 .text.wx_pwr_init
                0x0000000008009d2c       0x3c ./src/wx_handler.o
                0x0000000008009d2c                wx_pwr_init
 .text.wx_pwr_periodic_handle
                0x0000000008009d68       0xe8 ./src/wx_handler.o
                0x0000000008009d68                wx_pwr_periodic_handle
 .text.wx_get_humidity_bme280
                0x0000000008009e50       0x28 ./src/wx_handler_humidity.o
                0x0000000008009e50                wx_get_humidity_bme280
 .text.wx_get_humidity_measurement
                0x0000000008009e78       0x64 ./src/wx_handler_humidity.o
                0x0000000008009e78                wx_get_humidity_measurement
 .text.wx_get_pressure_ms5611
                0x0000000008009edc       0x10 ./src/wx_handler_pressure.o
                0x0000000008009edc                wx_get_pressure_ms5611
 .text.wx_get_pressure_bme280
                0x0000000008009eec       0x30 ./src/wx_handler_pressure.o
                0x0000000008009eec                wx_get_pressure_bme280
 .text.wx_get_pressure_measurement
                0x0000000008009f1c      0x100 ./src/wx_handler_pressure.o
                0x0000000008009f1c                wx_get_pressure_measurement
 .text.wx_get_temperature_dallas
                0x000000000800a01c       0xec ./src/wx_handler_temperature.o
                0x000000000800a01c                wx_get_temperature_dallas
 .text.wx_get_temperature_ms5611
                0x000000000800a108       0x10 ./src/wx_handler_temperature.o
                0x000000000800a108                wx_get_temperature_ms5611
 .text.wx_get_temperature_bme280
                0x000000000800a118       0x30 ./src/wx_handler_temperature.o
                0x000000000800a118                wx_get_temperature_bme280
 .text.wx_get_temperature_measurement
                0x000000000800a148       0x90 ./src/wx_handler_temperature.o
                0x000000000800a148                wx_get_temperature_measurement
 .text.cos      0x000000000800a1d8       0x90 /usr/local/bin/gcc-arm-none-eabi-7-2018-q2-update/bin/../lib/gcc/arm-none-eabi/7.3.1/../../../../arm-none-eabi/lib/thumb/v7-m/libm.a(lib_a-s_cos.o)
                0x000000000800a1d8                cos
 .text.sin      0x000000000800a268       0x90 /usr/local/bin/gcc-arm-none-eabi-7-2018-q2-update/bin/../lib/gcc/arm-none-eabi/7.3.1/../../../../arm-none-eabi/lib/thumb/v7-m/libm.a(lib_a-s_sin.o)
                0x000000000800a268                sin
 .text.cosf     0x000000000800a2f8       0x78 /usr/local/bin/gcc-arm-none-eabi-7-2018-q2-update/bin/../lib/gcc/arm-none-eabi/7.3.1/../../../../arm-none-eabi/lib/thumb/v7-m/libm.a(lib_a-sf_cos.o)
                0x000000000800a2f8                cosf
 .text.roundf   0x000000000800a370       0x48 /usr/local/bin/gcc-arm-none-eabi-7-2018-q2-update/bin/../lib/gcc/arm-none-eabi/7.3.1/../../../../arm-none-eabi/lib/thumb/v7-m/libm.a(lib_a-sf_round.o)
                0x000000000800a370                roundf
 .text.sinf     0x000000000800a3b8       0x7c /usr/local/bin/gcc-arm-none-eabi-7-2018-q2-update/bin/../lib/gcc/arm-none-eabi/7.3.1/../../../../arm-none-eabi/lib/thumb/v7-m/libm.a(lib_a-sf_sin.o)
                0x000000000800a3b8                sinf
 .text.pow      0x000000000800a434      0x334 /usr/local/bin/gcc-arm-none-eabi-7-2018-q2-update/bin/../lib/gcc/arm-none-eabi/7.3.1/../../../../arm-none-eabi/lib/thumb/v7-m/libm.a(lib_a-w_pow.o)
                0x000000000800a434                pow
 .text.atan2f   0x000000000800a768        0x4 /usr/local/bin/gcc-arm-none-eabi-7-2018-q2-update/bin/../lib/gcc/arm-none-eabi/7.3.1/../../../../arm-none-eabi/lib/thumb/v7-m/libm.a(lib_a-wf_atan2.o)
                0x000000000800a768                atan2f
 *fill*         0x000000000800a76c        0x4 
 .text.__ieee754_pow
                0x000000000800a770      0xae4 /usr/local/bin/gcc-arm-none-eabi-7-2018-q2-update/bin/../lib/gcc/arm-none-eabi/7.3.1/../../../../arm-none-eabi/lib/thumb/v7-m/libm.a(lib_a-e_pow.o)
                0x000000000800a770                __ieee754_pow
 *fill*         0x000000000800b254        0x4 
 .text.__ieee754_rem_pio2
                0x000000000800b258      0x43c /usr/local/bin/gcc-arm-none-eabi-7-2018-q2-update/bin/../lib/gcc/arm-none-eabi/7.3.1/../../../../arm-none-eabi/lib/thumb/v7-m/libm.a(lib_a-e_rem_pio2.o)
                0x000000000800b258                __ieee754_rem_pio2
 .text.__ieee754_sqrt
                0x000000000800b694      0x184 /usr/local/bin/gcc-arm-none-eabi-7-2018-q2-update/bin/../lib/gcc/arm-none-eabi/7.3.1/../../../../arm-none-eabi/lib/thumb/v7-m/libm.a(lib_a-e_sqrt.o)
                0x000000000800b694                __ieee754_sqrt
 .text.__ieee754_atan2f
                0x000000000800b818      0x120 /usr/local/bin/gcc-arm-none-eabi-7-2018-q2-update/bin/../lib/gcc/arm-none-eabi/7.3.1/../../../../arm-none-eabi/lib/thumb/v7-m/libm.a(lib_a-ef_atan2.o)
                0x000000000800b818                __ieee754_atan2f
 .text.__ieee754_rem_pio2f
                0x000000000800b938      0x2e4 /usr/local/bin/gcc-arm-none-eabi-7-2018-q2-update/bin/../lib/gcc/arm-none-eabi/7.3.1/../../../../arm-none-eabi/lib/thumb/v7-m/libm.a(lib_a-ef_rem_pio2.o)
                0x000000000800b938                __ieee754_rem_pio2f
 *fill*         0x000000000800bc1c        0x4 
 .text.__kernel_cos
                0x000000000800bc20      0x248 /usr/local/bin/gcc-arm-none-eabi-7-2018-q2-update/bin/../lib/gcc/arm-none-eabi/7.3.1/../../../../arm-none-eabi/lib/thumb/v7-m/libm.a(lib_a-k_cos.o)
                0x000000000800bc20                __kernel_cos
 .text.__kernel_rem_pio2
                0x000000000800be68      0x850 /usr/local/bin/gcc-arm-none-eabi-7-2018-q2-update/bin/../lib/gcc/arm-none-eabi/7.3.1/../../../../arm-none-eabi/lib/thumb/v7-m/libm.a(lib_a-k_rem_pio2.o)
                0x000000000800be68                __kernel_rem_pio2
 .text.__kernel_sin
                0x000000000800c6b8      0x16c /usr/local/bin/gcc-arm-none-eabi-7-2018-q2-update/bin/../lib/gcc/arm-none-eabi/7.3.1/../../../../arm-none-eabi/lib/thumb/v7-m/libm.a(lib_a-k_sin.o)
                0x000000000800c6b8                __kernel_sin
 .text.__kernel_cosf
                0x000000000800c824      0x188 /usr/local/bin/gcc-arm-none-eabi-7-2018-q2-update/bin/../lib/gcc/arm-none-eabi/7.3.1/../../../../arm-none-eabi/lib/thumb/v7-m/libm.a(lib_a-kf_cos.o)
                0x000000000800c824                __kernel_cosf
 .text.__kernel_rem_pio2f
                0x000000000800c9ac      0x6c4 /usr/local/bin/gcc-arm-none-eabi-7-2018-q2-update/bin/../lib/gcc/arm-none-eabi/7.3.1/../../../../arm-none-eabi/lib/thumb/v7-m/libm.a(lib_a-kf_rem_pio2.o)
                0x000000000800c9ac                __kernel_rem_pio2f
 .text.__kernel_sinf
                0x000000000800d070       0xec /usr/local/bin/gcc-arm-none-eabi-7-2018-q2-update/bin/../lib/gcc/arm-none-eabi/7.3.1/../../../../arm-none-eabi/lib/thumb/v7-m/libm.a(lib_a-kf_sin.o)
                0x000000000800d070                __kernel_sinf
 .text.fabs     0x000000000800d15c        0x8 /usr/local/bin/gcc-arm-none-eabi-7-2018-q2-update/bin/../lib/gcc/arm-none-eabi/7.3.1/../../../../arm-none-eabi/lib/thumb/v7-m/libm.a(lib_a-s_fabs.o)
                0x000000000800d15c                fabs
 .text.finite   0x000000000800d164        0xc /usr/local/bin/gcc-arm-none-eabi-7-2018-q2-update/bin/../lib/gcc/arm-none-eabi/7.3.1/../../../../arm-none-eabi/lib/thumb/v7-m/libm.a(lib_a-s_finite.o)
                0x000000000800d164                finite
 .text.floor    0x000000000800d170      0x108 /usr/local/bin/gcc-arm-none-eabi-7-2018-q2-update/bin/../lib/gcc/arm-none-eabi/7.3.1/../../../../arm-none-eabi/lib/thumb/v7-m/libm.a(lib_a-s_floor.o)
                0x000000000800d170                floor
 .text.matherr  0x000000000800d278        0x4 /usr/local/bin/gcc-arm-none-eabi-7-2018-q2-update/bin/../lib/gcc/arm-none-eabi/7.3.1/../../../../arm-none-eabi/lib/thumb/v7-m/libm.a(lib_a-s_matherr.o)
                0x000000000800d278                matherr
 .text.nan      0x000000000800d27c        0xc /usr/local/bin/gcc-arm-none-eabi-7-2018-q2-update/bin/../lib/gcc/arm-none-eabi/7.3.1/../../../../arm-none-eabi/lib/thumb/v7-m/libm.a(lib_a-s_nan.o)
                0x000000000800d27c                nan
 .text.rint     0x000000000800d288      0x118 /usr/local/bin/gcc-arm-none-eabi-7-2018-q2-update/bin/../lib/gcc/arm-none-eabi/7.3.1/../../../../arm-none-eabi/lib/thumb/v7-m/libm.a(lib_a-s_rint.o)
                0x000000000800d288                rint
 .text.scalbn   0x000000000800d3a0       0xe4 /usr/local/bin/gcc-arm-none-eabi-7-2018-q2-update/bin/../lib/gcc/arm-none-eabi/7.3.1/../../../../arm-none-eabi/lib/thumb/v7-m/libm.a(lib_a-s_scalbn.o)
                0x000000000800d3a0                scalbn
 .text.atanf    0x000000000800d484      0x21c /usr/local/bin/gcc-arm-none-eabi-7-2018-q2-update/bin/../lib/gcc/arm-none-eabi/7.3.1/../../../../arm-none-eabi/lib/thumb/v7-m/libm.a(lib_a-sf_atan.o)
                0x000000000800d484                atanf
 .text.fabsf    0x000000000800d6a0        0x8 /usr/local/bin/gcc-arm-none-eabi-7-2018-q2-update/bin/../lib/gcc/arm-none-eabi/7.3.1/../../../../arm-none-eabi/lib/thumb/v7-m/libm.a(lib_a-sf_fabs.o)
                0x000000000800d6a0                fabsf
 .text.floorf   0x000000000800d6a8       0x88 /usr/local/bin/gcc-arm-none-eabi-7-2018-q2-update/bin/../lib/gcc/arm-none-eabi/7.3.1/../../../../arm-none-eabi/lib/thumb/v7-m/libm.a(lib_a-sf_floor.o)
                0x000000000800d6a8                floorf
 .text.scalbnf  0x000000000800d730       0xb0 /usr/local/bin/gcc-arm-none-eabi-7-2018-q2-update/bin/../lib/gcc/arm-none-eabi/7.3.1/../../../../arm-none-eabi/lib/thumb/v7-m/libm.a(lib_a-sf_scalbn.o)
                0x000000000800d730                scalbnf
 .text.copysign
                0x000000000800d7e0       0x10 /usr/local/bin/gcc-arm-none-eabi-7-2018-q2-update/bin/../lib/gcc/arm-none-eabi/7.3.1/../../../../arm-none-eabi/lib/thumb/v7-m/libm.a(lib_a-s_copysign.o)
                0x000000000800d7e0                copysign
 .text.copysignf
                0x000000000800d7f0        0xc /usr/local/bin/gcc-arm-none-eabi-7-2018-q2-update/bin/../lib/gcc/arm-none-eabi/7.3.1/../../../../arm-none-eabi/lib/thumb/v7-m/libm.a(lib_a-sf_copysign.o)
                0x000000000800d7f0                copysignf
 .text          0x000000000800d7fc      0x378 /usr/local/bin/gcc-arm-none-eabi-7-2018-q2-update/bin/../lib/gcc/arm-none-eabi/7.3.1/thumb/v7-m/libgcc.a(_arm_addsubdf3.o)
                0x000000000800d7fc                __aeabi_drsub
                0x000000000800d804                __aeabi_dsub
                0x000000000800d804                __subdf3
                0x000000000800d808                __adddf3
                0x000000000800d808                __aeabi_dadd
                0x000000000800da80                __aeabi_ui2d
                0x000000000800da80                __floatunsidf
                0x000000000800daa0                __floatsidf
                0x000000000800daa0                __aeabi_i2d
                0x000000000800dac4                __extendsfdf2
                0x000000000800dac4                __aeabi_f2d
                0x000000000800db08                __aeabi_ul2d
                0x000000000800db08                __floatundidf
                0x000000000800db18                __floatdidf
                0x000000000800db18                __aeabi_l2d
 .text          0x000000000800db74      0x424 /usr/local/bin/gcc-arm-none-eabi-7-2018-q2-update/bin/../lib/gcc/arm-none-eabi/7.3.1/thumb/v7-m/libgcc.a(_arm_muldivdf3.o)
                0x000000000800db74                __aeabi_dmul
                0x000000000800db74                __muldf3
                0x000000000800ddc8                __aeabi_ddiv
                0x000000000800ddc8                __divdf3
 .text          0x000000000800df98      0x110 /usr/local/bin/gcc-arm-none-eabi-7-2018-q2-update/bin/../lib/gcc/arm-none-eabi/7.3.1/thumb/v7-m/libgcc.a(_arm_cmpdf2.o)
                0x000000000800df98                __gtdf2
                0x000000000800df98                __gedf2
                0x000000000800dfa0                __ltdf2
                0x000000000800dfa0                __ledf2
                0x000000000800dfa8                __cmpdf2
                0x000000000800dfa8                __eqdf2
                0x000000000800dfa8                __nedf2
                0x000000000800e024                __aeabi_cdrcmple
                0x000000000800e034                __aeabi_cdcmple
                0x000000000800e034                __aeabi_cdcmpeq
                0x000000000800e044                __aeabi_dcmpeq
                0x000000000800e058                __aeabi_dcmplt
                0x000000000800e06c                __aeabi_dcmple
                0x000000000800e080                __aeabi_dcmpge
                0x000000000800e094                __aeabi_dcmpgt
 .text          0x000000000800e0a8       0x2c /usr/local/bin/gcc-arm-none-eabi-7-2018-q2-update/bin/../lib/gcc/arm-none-eabi/7.3.1/thumb/v7-m/libgcc.a(_arm_unorddf2.o)
                0x000000000800e0a8                __aeabi_dcmpun
                0x000000000800e0a8                __unorddf2
 .text          0x000000000800e0d4       0x50 /usr/local/bin/gcc-arm-none-eabi-7-2018-q2-update/bin/../lib/gcc/arm-none-eabi/7.3.1/thumb/v7-m/libgcc.a(_arm_fixdfsi.o)
                0x000000000800e0d4                __fixdfsi
                0x000000000800e0d4                __aeabi_d2iz
 .text          0x000000000800e124       0xa0 /usr/local/bin/gcc-arm-none-eabi-7-2018-q2-update/bin/../lib/gcc/arm-none-eabi/7.3.1/thumb/v7-m/libgcc.a(_arm_truncdfsf2.o)
                0x000000000800e124                __aeabi_d2f
                0x000000000800e124                __truncdfsf2
 .text          0x000000000800e1c4      0x21c /usr/local/bin/gcc-arm-none-eabi-7-2018-q2-update/bin/../lib/gcc/arm-none-eabi/7.3.1/thumb/v7-m/libgcc.a(_arm_addsubsf3.o)
                0x000000000800e1c4                __aeabi_frsub
                0x000000000800e1cc                __subsf3
                0x000000000800e1cc                __aeabi_fsub
                0x000000000800e1d0                __aeabi_fadd
                0x000000000800e1d0                __addsf3
                0x000000000800e330                __aeabi_ui2f
                0x000000000800e330                __floatunsisf
                0x000000000800e338                __aeabi_i2f
                0x000000000800e338                __floatsisf
                0x000000000800e354                __floatundisf
                0x000000000800e354                __aeabi_ul2f
                0x000000000800e364                __floatdisf
                0x000000000800e364                __aeabi_l2f
 .text          0x000000000800e3e0      0x2a0 /usr/local/bin/gcc-arm-none-eabi-7-2018-q2-update/bin/../lib/gcc/arm-none-eabi/7.3.1/thumb/v7-m/libgcc.a(_arm_muldivsf3.o)
                0x000000000800e3e0                __mulsf3
                0x000000000800e3e0                __aeabi_fmul
                0x000000000800e548                __divsf3
                0x000000000800e548                __aeabi_fdiv
 .text          0x000000000800e680       0xec /usr/local/bin/gcc-arm-none-eabi-7-2018-q2-update/bin/../lib/gcc/arm-none-eabi/7.3.1/thumb/v7-m/libgcc.a(_arm_cmpsf2.o)
                0x000000000800e680                __gtsf2
                0x000000000800e680                __gesf2
                0x000000000800e688                __lesf2
                0x000000000800e688                __ltsf2
                0x000000000800e690                __nesf2
                0x000000000800e690                __eqsf2
                0x000000000800e690                __cmpsf2
                0x000000000800e6f0                __aeabi_cfrcmple
                0x000000000800e6f8                __aeabi_cfcmple
                0x000000000800e6f8                __aeabi_cfcmpeq
                0x000000000800e708                __aeabi_fcmpeq
                0x000000000800e71c                __aeabi_fcmplt
                0x000000000800e730                __aeabi_fcmple
                0x000000000800e744                __aeabi_fcmpge
                0x000000000800e758                __aeabi_fcmpgt
 .text          0x000000000800e76c       0x4c /usr/local/bin/gcc-arm-none-eabi-7-2018-q2-update/bin/../lib/gcc/arm-none-eabi/7.3.1/thumb/v7-m/libgcc.a(_arm_fixsfsi.o)
                0x000000000800e76c                __fixsfsi
                0x000000000800e76c                __aeabi_f2iz
 .text          0x000000000800e7b8       0x40 /usr/local/bin/gcc-arm-none-eabi-7-2018-q2-update/bin/../lib/gcc/arm-none-eabi/7.3.1/thumb/v7-m/libgcc.a(_arm_fixunssfsi.o)
                0x000000000800e7b8                __aeabi_f2uiz
                0x000000000800e7b8                __fixunssfsi
 .text          0x000000000800e7f8       0x30 /usr/local/bin/gcc-arm-none-eabi-7-2018-q2-update/bin/../lib/gcc/arm-none-eabi/7.3.1/thumb/v7-m/libgcc.a(_fixdfdi.o)
                0x000000000800e7f8                __aeabi_d2lz
                0x000000000800e7f8                __fixdfdi
 .text          0x000000000800e828       0x44 /usr/local/bin/gcc-arm-none-eabi-7-2018-q2-update/bin/../lib/gcc/arm-none-eabi/7.3.1/thumb/v7-m/libgcc.a(_fixunsdfdi.o)
                0x000000000800e828                __aeabi_d2ulz
                0x000000000800e828                __fixunsdfdi
 .text          0x000000000800e86c       0x40 /usr/local/bin/gcc-arm-none-eabi-7-2018-q2-update/bin/../lib/gcc/arm-none-eabi/7.3.1/thumb/v7-m/libgcc.a(_arm_fixunsdfsi.o)
                0x000000000800e86c                __fixunsdfsi
                0x000000000800e86c                __aeabi_d2uiz
 .text.__errno  0x000000000800e8ac        0xc /usr/local/bin/gcc-arm-none-eabi-7-2018-q2-update/bin/../lib/gcc/arm-none-eabi/7.3.1/../../../../arm-none-eabi/lib/thumb/v7-m/libg_nano.a(lib_a-errno.o)
                0x000000000800e8ac                __errno
 .text.memcmp   0x000000000800e8b8       0x1e /usr/local/bin/gcc-arm-none-eabi-7-2018-q2-update/bin/../lib/gcc/arm-none-eabi/7.3.1/../../../../arm-none-eabi/lib/thumb/v7-m/libg_nano.a(lib_a-memcmp.o)
                0x000000000800e8b8                memcmp
 .text.memcpy   0x000000000800e8d6       0x16 /usr/local/bin/gcc-arm-none-eabi-7-2018-q2-update/bin/../lib/gcc/arm-none-eabi/7.3.1/../../../../arm-none-eabi/lib/thumb/v7-m/libg_nano.a(lib_a-memcpy-stub.o)
                0x000000000800e8d6                memcpy
 .text.memset   0x000000000800e8ec       0x10 /usr/local/bin/gcc-arm-none-eabi-7-2018-q2-update/bin/../lib/gcc/arm-none-eabi/7.3.1/../../../../arm-none-eabi/lib/thumb/v7-m/libg_nano.a(lib_a-memset.o)
                0x000000000800e8ec                memset
 .text.__cvt    0x000000000800e8fc       0xb8 /usr/local/bin/gcc-arm-none-eabi-7-2018-q2-update/bin/../lib/gcc/arm-none-eabi/7.3.1/../../../../arm-none-eabi/lib/thumb/v7-m/libg_nano.a(lib_a-nano-vfprintf_float.o)
                0x000000000800e8fc                __cvt
 .text.__exponent
                0x000000000800e9b4       0x6a /usr/local/bin/gcc-arm-none-eabi-7-2018-q2-update/bin/../lib/gcc/arm-none-eabi/7.3.1/../../../../arm-none-eabi/lib/thumb/v7-m/libg_nano.a(lib_a-nano-vfprintf_float.o)
                0x000000000800e9b4                __exponent
 *fill*         0x000000000800ea1e        0x2 
 .text._printf_float
                0x000000000800ea20      0x46c /usr/local/bin/gcc-arm-none-eabi-7-2018-q2-update/bin/../lib/gcc/arm-none-eabi/7.3.1/../../../../arm-none-eabi/lib/thumb/v7-m/libg_nano.a(lib_a-nano-vfprintf_float.o)
                0x000000000800ea20                _printf_float
 .text._printf_common
                0x000000000800ee8c       0xec /usr/local/bin/gcc-arm-none-eabi-7-2018-q2-update/bin/../lib/gcc/arm-none-eabi/7.3.1/../../../../arm-none-eabi/lib/thumb/v7-m/libg_nano.a(lib_a-nano-vfprintf_i.o)
                0x000000000800ee8c                _printf_common
 .text._printf_i
                0x000000000800ef78      0x224 /usr/local/bin/gcc-arm-none-eabi-7-2018-q2-update/bin/../lib/gcc/arm-none-eabi/7.3.1/../../../../arm-none-eabi/lib/thumb/v7-m/libg_nano.a(lib_a-nano-vfprintf_i.o)
                0x000000000800ef78                _printf_i
 .text.snprintf
                0x000000000800f19c       0x68 /usr/local/bin/gcc-arm-none-eabi-7-2018-q2-update/bin/../lib/gcc/arm-none-eabi/7.3.1/../../../../arm-none-eabi/lib/thumb/v7-m/libg_nano.a(lib_a-snprintf.o)
                0x000000000800f19c                snprintf
                0x000000000800f19c                sniprintf
 .text.sprintf  0x000000000800f204       0x40 /usr/local/bin/gcc-arm-none-eabi-7-2018-q2-update/bin/../lib/gcc/arm-none-eabi/7.3.1/../../../../arm-none-eabi/lib/thumb/v7-m/libg_nano.a(lib_a-sprintf.o)
                0x000000000800f204                sprintf
                0x000000000800f204                siprintf
 .text.sscanf   0x000000000800f244       0x54 /usr/local/bin/gcc-arm-none-eabi-7-2018-q2-update/bin/../lib/gcc/arm-none-eabi/7.3.1/../../../../arm-none-eabi/lib/thumb/v7-m/libg_nano.a(lib_a-sscanf.o)
                0x000000000800f244                sscanf
                0x000000000800f244                siscanf
 .text.__seofread
                0x000000000800f298        0x4 /usr/local/bin/gcc-arm-none-eabi-7-2018-q2-update/bin/../lib/gcc/arm-none-eabi/7.3.1/../../../../arm-none-eabi/lib/thumb/v7-m/libg_nano.a(lib_a-stdio.o)
                0x000000000800f298                __seofread
 .text.strcat   0x000000000800f29c       0x1e /usr/local/bin/gcc-arm-none-eabi-7-2018-q2-update/bin/../lib/gcc/arm-none-eabi/7.3.1/../../../../arm-none-eabi/lib/thumb/v7-m/libg_nano.a(lib_a-strcat.o)
                0x000000000800f29c                strcat
 .text          0x000000000800f2ba       0x14 /usr/local/bin/gcc-arm-none-eabi-7-2018-q2-update/bin/../lib/gcc/arm-none-eabi/7.3.1/../../../../arm-none-eabi/lib/thumb/v7-m/libg_nano.a(lib_a-strcmp.o)
                0x000000000800f2ba                strcmp
 .text.strcpy   0x000000000800f2ce       0x10 /usr/local/bin/gcc-arm-none-eabi-7-2018-q2-update/bin/../lib/gcc/arm-none-eabi/7.3.1/../../../../arm-none-eabi/lib/thumb/v7-m/libg_nano.a(lib_a-strcpy.o)
                0x000000000800f2ce                strcpy
 .text          0x000000000800f2de       0x10 /usr/local/bin/gcc-arm-none-eabi-7-2018-q2-update/bin/../lib/gcc/arm-none-eabi/7.3.1/../../../../arm-none-eabi/lib/thumb/v7-m/libg_nano.a(lib_a-strlen.o)
                0x000000000800f2de                strlen
 .text.strncpy  0x000000000800f2ee       0x2a /usr/local/bin/gcc-arm-none-eabi-7-2018-q2-update/bin/../lib/gcc/arm-none-eabi/7.3.1/../../../../arm-none-eabi/lib/thumb/v7-m/libg_nano.a(lib_a-strncpy.o)
                0x000000000800f2ee                strncpy
 .text.strnlen  0x000000000800f318       0x18 /usr/local/bin/gcc-arm-none-eabi-7-2018-q2-update/bin/../lib/gcc/arm-none-eabi/7.3.1/../../../../arm-none-eabi/lib/thumb/v7-m/libg_nano.a(lib_a-strnlen.o)
                0x000000000800f318                strnlen
 .text.strtok   0x000000000800f330       0x54 /usr/local/bin/gcc-arm-none-eabi-7-2018-q2-update/bin/../lib/gcc/arm-none-eabi/7.3.1/../../../../arm-none-eabi/lib/thumb/v7-m/libg_nano.a(lib_a-strtok.o)
                0x000000000800f330                strtok
 .text.__strtok_r
                0x000000000800f384       0x54 /usr/local/bin/gcc-arm-none-eabi-7-2018-q2-update/bin/../lib/gcc/arm-none-eabi/7.3.1/../../../../arm-none-eabi/lib/thumb/v7-m/libg_nano.a(lib_a-strtok_r.o)
                0x000000000800f384                __strtok_r
 .text._strtol_l.isra.0
                0x000000000800f3d8       0xf6 /usr/local/bin/gcc-arm-none-eabi-7-2018-q2-update/bin/../lib/gcc/arm-none-eabi/7.3.1/../../../../arm-none-eabi/lib/thumb/v7-m/libg_nano.a(lib_a-strtol.o)
 *fill*         0x000000000800f4ce        0x2 
 .text._strtol_r
                0x000000000800f4d0       0x24 /usr/local/bin/gcc-arm-none-eabi-7-2018-q2-update/bin/../lib/gcc/arm-none-eabi/7.3.1/../../../../arm-none-eabi/lib/thumb/v7-m/libg_nano.a(lib_a-strtol.o)
                0x000000000800f4d0                _strtol_r
 .text.strtol   0x000000000800f4f4       0x2c /usr/local/bin/gcc-arm-none-eabi-7-2018-q2-update/bin/../lib/gcc/arm-none-eabi/7.3.1/../../../../arm-none-eabi/lib/thumb/v7-m/libg_nano.a(lib_a-strtol.o)
                0x000000000800f4f4                strtol
 .text._vsnprintf_r
                0x000000000800f520       0x58 /usr/local/bin/gcc-arm-none-eabi-7-2018-q2-update/bin/../lib/gcc/arm-none-eabi/7.3.1/../../../../arm-none-eabi/lib/thumb/v7-m/libg_nano.a(lib_a-vsnprintf.o)
                0x000000000800f520                _vsnprintf_r
                0x000000000800f520                _vsniprintf_r
 .text.vsnprintf
                0x000000000800f578       0x1c /usr/local/bin/gcc-arm-none-eabi-7-2018-q2-update/bin/../lib/gcc/arm-none-eabi/7.3.1/../../../../arm-none-eabi/lib/thumb/v7-m/libg_nano.a(lib_a-vsnprintf.o)
                0x000000000800f578                vsnprintf
                0x000000000800f578                vsniprintf
 .text.quorem   0x000000000800f594      0x11c /usr/local/bin/gcc-arm-none-eabi-7-2018-q2-update/bin/../lib/gcc/arm-none-eabi/7.3.1/../../../../arm-none-eabi/lib/thumb/v7-m/libg_nano.a(lib_a-dtoa.o)
 .text._dtoa_r  0x000000000800f6b0      0xb68 /usr/local/bin/gcc-arm-none-eabi-7-2018-q2-update/bin/../lib/gcc/arm-none-eabi/7.3.1/../../../../arm-none-eabi/lib/thumb/v7-m/libg_nano.a(lib_a-dtoa.o)
                0x000000000800f6b0                _dtoa_r
 .text.__locale_ctype_ptr_l
                0x0000000008010218        0x6 /usr/local/bin/gcc-arm-none-eabi-7-2018-q2-update/bin/../lib/gcc/arm-none-eabi/7.3.1/../../../../arm-none-eabi/lib/thumb/v7-m/libg_nano.a(lib_a-locale.o)
                0x0000000008010218                __locale_ctype_ptr_l
 *fill*         0x000000000801021e        0x2 
 .text.__locale_ctype_ptr
                0x0000000008010220       0x1c /usr/local/bin/gcc-arm-none-eabi-7-2018-q2-update/bin/../lib/gcc/arm-none-eabi/7.3.1/../../../../arm-none-eabi/lib/thumb/v7-m/libg_nano.a(lib_a-locale.o)
                0x0000000008010220                __locale_ctype_ptr
 .text._localeconv_r
                0x000000000801023c       0x1c /usr/local/bin/gcc-arm-none-eabi-7-2018-q2-update/bin/../lib/gcc/arm-none-eabi/7.3.1/../../../../arm-none-eabi/lib/thumb/v7-m/libg_nano.a(lib_a-localeconv.o)
                0x000000000801023c                _localeconv_r
 .text.malloc   0x0000000008010258       0x10 /usr/local/bin/gcc-arm-none-eabi-7-2018-q2-update/bin/../lib/gcc/arm-none-eabi/7.3.1/../../../../arm-none-eabi/lib/thumb/v7-m/libg_nano.a(lib_a-malloc.o)
                0x0000000008010258                malloc
 .text.__ascii_mbtowc
                0x0000000008010268       0x24 /usr/local/bin/gcc-arm-none-eabi-7-2018-q2-update/bin/../lib/gcc/arm-none-eabi/7.3.1/../../../../arm-none-eabi/lib/thumb/v7-m/libg_nano.a(lib_a-mbtowc_r.o)
                0x0000000008010268                __ascii_mbtowc
 .text.memchr   0x000000000801028c       0x1c /usr/local/bin/gcc-arm-none-eabi-7-2018-q2-update/bin/../lib/gcc/arm-none-eabi/7.3.1/../../../../arm-none-eabi/lib/thumb/v7-m/libg_nano.a(lib_a-memchr-stub.o)
                0x000000000801028c                memchr
 .text._Balloc  0x00000000080102a8       0x68 /usr/local/bin/gcc-arm-none-eabi-7-2018-q2-update/bin/../lib/gcc/arm-none-eabi/7.3.1/../../../../arm-none-eabi/lib/thumb/v7-m/libg_nano.a(lib_a-mprec.o)
                0x00000000080102a8                _Balloc
 .text._Bfree   0x0000000008010310       0x2e /usr/local/bin/gcc-arm-none-eabi-7-2018-q2-update/bin/../lib/gcc/arm-none-eabi/7.3.1/../../../../arm-none-eabi/lib/thumb/v7-m/libg_nano.a(lib_a-mprec.o)
                0x0000000008010310                _Bfree
 .text.__multadd
                0x000000000801033e       0x76 /usr/local/bin/gcc-arm-none-eabi-7-2018-q2-update/bin/../lib/gcc/arm-none-eabi/7.3.1/../../../../arm-none-eabi/lib/thumb/v7-m/libg_nano.a(lib_a-mprec.o)
                0x000000000801033e                __multadd
 .text.__hi0bits
                0x00000000080103b4       0x3e /usr/local/bin/gcc-arm-none-eabi-7-2018-q2-update/bin/../lib/gcc/arm-none-eabi/7.3.1/../../../../arm-none-eabi/lib/thumb/v7-m/libg_nano.a(lib_a-mprec.o)
                0x00000000080103b4                __hi0bits
 .text.__lo0bits
                0x00000000080103f2       0x5e /usr/local/bin/gcc-arm-none-eabi-7-2018-q2-update/bin/../lib/gcc/arm-none-eabi/7.3.1/../../../../arm-none-eabi/lib/thumb/v7-m/libg_nano.a(lib_a-mprec.o)
                0x00000000080103f2                __lo0bits
 .text.__i2b    0x0000000008010450       0x12 /usr/local/bin/gcc-arm-none-eabi-7-2018-q2-update/bin/../lib/gcc/arm-none-eabi/7.3.1/../../../../arm-none-eabi/lib/thumb/v7-m/libg_nano.a(lib_a-mprec.o)
                0x0000000008010450                __i2b
 .text.__multiply
                0x0000000008010462      0x12a /usr/local/bin/gcc-arm-none-eabi-7-2018-q2-update/bin/../lib/gcc/arm-none-eabi/7.3.1/../../../../arm-none-eabi/lib/thumb/v7-m/libg_nano.a(lib_a-mprec.o)
                0x0000000008010462                __multiply
 .text.__pow5mult
                0x000000000801058c       0x9c /usr/local/bin/gcc-arm-none-eabi-7-2018-q2-update/bin/../lib/gcc/arm-none-eabi/7.3.1/../../../../arm-none-eabi/lib/thumb/v7-m/libg_nano.a(lib_a-mprec.o)
                0x000000000801058c                __pow5mult
 .text.__lshift
                0x0000000008010628       0xa8 /usr/local/bin/gcc-arm-none-eabi-7-2018-q2-update/bin/../lib/gcc/arm-none-eabi/7.3.1/../../../../arm-none-eabi/lib/thumb/v7-m/libg_nano.a(lib_a-mprec.o)
                0x0000000008010628                __lshift
 .text.__mcmp   0x00000000080106d0       0x34 /usr/local/bin/gcc-arm-none-eabi-7-2018-q2-update/bin/../lib/gcc/arm-none-eabi/7.3.1/../../../../arm-none-eabi/lib/thumb/v7-m/libg_nano.a(lib_a-mprec.o)
                0x00000000080106d0                __mcmp
 .text.__mdiff  0x0000000008010704       0xbc /usr/local/bin/gcc-arm-none-eabi-7-2018-q2-update/bin/../lib/gcc/arm-none-eabi/7.3.1/../../../../arm-none-eabi/lib/thumb/v7-m/libg_nano.a(lib_a-mprec.o)
                0x0000000008010704                __mdiff
 .text.__d2b    0x00000000080107c0       0x9e /usr/local/bin/gcc-arm-none-eabi-7-2018-q2-update/bin/../lib/gcc/arm-none-eabi/7.3.1/../../../../arm-none-eabi/lib/thumb/v7-m/libg_nano.a(lib_a-mprec.o)
                0x00000000080107c0                __d2b
 .text._calloc_r
                0x000000000801085e       0x1c /usr/local/bin/gcc-arm-none-eabi-7-2018-q2-update/bin/../lib/gcc/arm-none-eabi/7.3.1/../../../../arm-none-eabi/lib/thumb/v7-m/libg_nano.a(lib_a-nano-callocr.o)
                0x000000000801085e                _calloc_r
 *fill*         0x000000000801087a        0x2 
 .text._free_r  0x000000000801087c       0x98 /usr/local/bin/gcc-arm-none-eabi-7-2018-q2-update/bin/../lib/gcc/arm-none-eabi/7.3.1/../../../../arm-none-eabi/lib/thumb/v7-m/libg_nano.a(lib_a-nano-freer.o)
                0x000000000801087c                _free_r
 .text._malloc_r
                0x0000000008010914       0xb4 /usr/local/bin/gcc-arm-none-eabi-7-2018-q2-update/bin/../lib/gcc/arm-none-eabi/7.3.1/../../../../arm-none-eabi/lib/thumb/v7-m/libg_nano.a(lib_a-nano-mallocr.o)
                0x0000000008010914                _malloc_r
 .text.__ssputs_r
                0x00000000080109c8       0xb4 /usr/local/bin/gcc-arm-none-eabi-7-2018-q2-update/bin/../lib/gcc/arm-none-eabi/7.3.1/../../../../arm-none-eabi/lib/thumb/v7-m/libg_nano.a(lib_a-nano-svfprintf.o)
                0x00000000080109c8                __ssputs_r
 .text._svfprintf_r
                0x0000000008010a7c      0x1f0 /usr/local/bin/gcc-arm-none-eabi-7-2018-q2-update/bin/../lib/gcc/arm-none-eabi/7.3.1/../../../../arm-none-eabi/lib/thumb/v7-m/libg_nano.a(lib_a-nano-svfprintf.o)
                0x0000000008010a7c                _svfprintf_r
                0x0000000008010a7c                _svfiprintf_r
 .text._sungetc_r
                0x0000000008010c6c       0x7a /usr/local/bin/gcc-arm-none-eabi-7-2018-q2-update/bin/../lib/gcc/arm-none-eabi/7.3.1/../../../../arm-none-eabi/lib/thumb/v7-m/libg_nano.a(lib_a-nano-svfscanf.o)
                0x0000000008010c6c                _sungetc_r
 .text.__ssrefill_r
                0x0000000008010ce6       0x3a /usr/local/bin/gcc-arm-none-eabi-7-2018-q2-update/bin/../lib/gcc/arm-none-eabi/7.3.1/../../../../arm-none-eabi/lib/thumb/v7-m/libg_nano.a(lib_a-nano-svfscanf.o)
                0x0000000008010ce6                __ssrefill_r
 .text.__ssvfscanf_r
                0x0000000008010d20      0x2a0 /usr/local/bin/gcc-arm-none-eabi-7-2018-q2-update/bin/../lib/gcc/arm-none-eabi/7.3.1/../../../../arm-none-eabi/lib/thumb/v7-m/libg_nano.a(lib_a-nano-svfscanf.o)
                0x0000000008010d20                __ssvfscanf_r
                0x0000000008010d20                __ssvfiscanf_r
 .text._scanf_chars
                0x0000000008010fc0       0xc4 /usr/local/bin/gcc-arm-none-eabi-7-2018-q2-update/bin/../lib/gcc/arm-none-eabi/7.3.1/../../../../arm-none-eabi/lib/thumb/v7-m/libg_nano.a(lib_a-nano-vfscanf_i.o)
                0x0000000008010fc0                _scanf_chars
 .text._scanf_i
                0x0000000008011084      0x1ec /usr/local/bin/gcc-arm-none-eabi-7-2018-q2-update/bin/../lib/gcc/arm-none-eabi/7.3.1/../../../../arm-none-eabi/lib/thumb/v7-m/libg_nano.a(lib_a-nano-vfscanf_i.o)
                0x0000000008011084                _scanf_i
 .text._sbrk_r  0x0000000008011270       0x20 /usr/local/bin/gcc-arm-none-eabi-7-2018-q2-update/bin/../lib/gcc/arm-none-eabi/7.3.1/../../../../arm-none-eabi/lib/thumb/v7-m/libg_nano.a(lib_a-sbrkr.o)
                0x0000000008011270                _sbrk_r
 .text.__sccl   0x0000000008011290       0x62 /usr/local/bin/gcc-arm-none-eabi-7-2018-q2-update/bin/../lib/gcc/arm-none-eabi/7.3.1/../../../../arm-none-eabi/lib/thumb/v7-m/libg_nano.a(lib_a-sccl.o)
                0x0000000008011290                __sccl
 .text._strtoul_l.isra.0
                0x00000000080112f2       0xf4 /usr/local/bin/gcc-arm-none-eabi-7-2018-q2-update/bin/../lib/gcc/arm-none-eabi/7.3.1/../../../../arm-none-eabi/lib/thumb/v7-m/libg_nano.a(lib_a-strtoul.o)
 *fill*         0x00000000080113e6        0x2 
 .text._strtoul_r
                0x00000000080113e8       0x24 /usr/local/bin/gcc-arm-none-eabi-7-2018-q2-update/bin/../lib/gcc/arm-none-eabi/7.3.1/../../../../arm-none-eabi/lib/thumb/v7-m/libg_nano.a(lib_a-strtoul.o)
                0x00000000080113e8                _strtoul_r
 .text.__submore
                0x000000000801140c       0x70 /usr/local/bin/gcc-arm-none-eabi-7-2018-q2-update/bin/../lib/gcc/arm-none-eabi/7.3.1/../../../../arm-none-eabi/lib/thumb/v7-m/libg_nano.a(lib_a-ungetc.o)
                0x000000000801140c                __submore
 .text.__ascii_wctomb